2026-03-11 17:27:35,858 - INFO - ETL Pipeline initialized. Log file: /app/logs/etl_pipeline_20260311_172735.log
2026-03-11 17:27:35,860 - INFO - ============================================================
2026-03-11 17:27:35,861 - INFO - ETL PIPELINE STARTED
2026-03-11 17:27:35,864 - INFO - Start time: 2026-03-11 17:27:35
2026-03-11 17:27:35,865 - INFO - ============================================================
2026-03-11 17:27:36,731 - INFO - [RBAC seed] Seeding table app_users with 14 rows from snapshot
2026-03-11 17:27:37,069 - INFO - [RBAC seed] Seeding table user_profiles with 3 rows from snapshot
2026-03-11 17:27:37,119 - INFO - [RBAC seed] Seeding table user_state with 2 rows from snapshot
2026-03-11 17:27:40,517 - INFO - [RBAC seed] Seeded audit_logs with 1501 rows
2026-03-11 17:27:40,521 - INFO - [RBAC seed] User system seeded successfully from snapshot.
2026-03-11 17:27:40,961 - INFO - [RBAC seed] Restored profile photos from /app/etl_seeds/profile_photos to /app/data/profile_photos
2026-03-11 17:27:41,128 - INFO - [RBAC seed] Restored admin_settings.json to /app/data/admin_settings.json
2026-03-11 17:27:52,265 - INFO - [RBAC seed] Restored ETL run logs from /app/etl_seeds/etl_runs to /app/logs
2026-03-11 17:27:52,268 - INFO - ============================================================
2026-03-11 17:27:52,270 - INFO - EXTRACT PHASE - Bronze Layer
2026-03-11 17:27:52,271 - INFO - ============================================================
2026-03-11 17:27:52,275 - INFO - Using SYNTHETIC data source: /app/data/Synthetic_Data
2026-03-11 17:27:52,294 - INFO - Synthetic data root: /app/data/Synthetic_Data
2026-03-11 17:27:52,314 - INFO -   -> Found 35 CSV/XLSX files in Synthetic_Data
2026-03-11 17:27:52,465 - INFO -   -> Loaded dimension hierarchy from faculties_departments.csv
2026-03-11 17:27:52,466 - INFO -   -> Faculties: 11, Departments: 18, Programs: 91
2026-03-11 17:28:14,628 - INFO -   -> Combined student lists: 10000 unique (by RegNo)
2026-03-11 17:28:14,857 - INFO -   -> Students: 10000 (columns: 39)
2026-03-11 17:28:14,946 - INFO -   -> Courses: 3035 (columns: 13)
2026-03-11 17:28:17,842 - INFO -   -> Grades: 234978 (columns: 27)
2026-03-11 17:28:18,317 - INFO -   -> Enrollments (from enrollment_list15/16): 10000
2026-03-11 17:28:21,025 - INFO -   -> Payments: 130871 (columns: 27)
2026-03-11 17:28:36,890 - INFO -   -> Attendance: 3117871 (columns: 9)
2026-03-11 17:28:36,983 - INFO -   -> Employees (synthetic): 253
2026-03-11 17:28:37,054 - INFO -   -> High schools: 73 (columns: 4)
2026-03-11 17:28:37,602 - INFO -   -> Student–high school: 20000
2026-03-11 17:28:38,446 - INFO -   -> Transcript: 36233
2026-03-11 17:28:39,294 - INFO -   -> Academic performance: 36233
2026-03-11 17:28:40,485 - INFO -   -> Sponsorships: 41866
2026-03-11 17:29:16,067 - INFO -   -> Progression: 469956
2026-03-11 17:29:16,075 - INFO -   -> Grades summary sheets: 0
2026-03-11 17:29:16,245 - INFO -   -> Dim date: 1826
2026-03-11 17:29:32,305 - INFO - Bronze (synthetic) extraction complete.
2026-03-11 17:29:32,343 - INFO - ============================================================
2026-03-11 17:29:32,344 - INFO - TRANSFORM PHASE - Silver Layer
2026-03-11 17:29:32,348 - INFO - ============================================================
2026-03-11 17:30:18,414 - INFO - Silver layer files saved to: /app/data/silver
2026-03-11 17:30:18,421 - INFO -   → Students: 10000
2026-03-11 17:30:18,424 - INFO -   → Courses: 3035
2026-03-11 17:30:18,425 - INFO -   → Enrollments: 10000
2026-03-11 17:30:18,427 - INFO -   → Attendance: 3117871
2026-03-11 17:30:18,432 - INFO -   → Payments: 130871
2026-03-11 17:30:18,434 - INFO -   → Grades: 234978
2026-03-11 17:30:18,436 - INFO -   → Transcript: 36233
2026-03-11 17:30:18,440 - INFO -   → Academic performance: 36233
2026-03-11 17:30:18,445 - INFO -   → Sponsorships: 41866
2026-03-11 17:30:18,447 - INFO -   → Progression: 469956
2026-03-11 17:30:18,454 - INFO -   → Student–high school: 20000
2026-03-11 17:30:18,456 - INFO -   → High schools: 73
2026-03-11 17:30:18,458 - INFO - Silver layer transformation complete!
2026-03-11 17:30:18,463 - INFO - ============================================================
2026-03-11 17:30:18,478 - INFO - LOAD PHASE - Gold Layer (Data Warehouse)
2026-03-11 17:30:18,486 - INFO - ============================================================
2026-03-11 17:30:18,488 - INFO - Creating data warehouse database: ucu_datawarehouse
2026-03-11 17:30:18,688 - INFO - Data warehouse database ucu_datawarehouse ready
2026-03-11 17:30:18,692 - INFO - Creating dimension tables...
2026-03-11 17:30:20,707 - INFO -   → Loaded 1823 courses into dim_course (from catalog)
2026-03-11 17:30:21,281 - INFO -   → Loaded 1823 courses into dim_course (from silver)
2026-03-11 17:31:11,621 - INFO -   → Loaded 10000 students into dim_student (50 columns)
2026-03-11 17:31:11,656 - INFO -   → Loaded 3 semesters into dim_semester
2026-03-11 17:31:12,052 - INFO -   → Loaded 14 app users into dim_app_user
2026-03-11 17:31:12,133 - INFO -   -> Loaded 11 faculties into dim_faculty
2026-03-11 17:31:12,212 - INFO -   -> Loaded 18 departments into dim_department
2026-03-11 17:31:12,379 - INFO -   -> Loaded 91 programs into dim_program
2026-03-11 17:31:12,562 - INFO -   -> Loaded 253 employees (staff/lecturers) into dim_employee
2026-03-11 17:31:12,661 - INFO -   -> Loaded 73 high schools into dim_high_school (all columns)
2026-03-11 17:31:12,821 - INFO - Populating time dimension...
2026-03-11 17:31:13,606 - INFO -   → Loaded 1826 time dimension records
2026-03-11 17:31:15,104 - INFO -   → fact_enrollment incremental: 10000 new rows (skipped 0 existing)
2026-03-11 17:31:22,809 - INFO -   → Loaded 10000 enrollments into fact_enrollment
2026-03-11 17:32:58,690 - INFO -   -> Attendance: 3117871 rows pre-filter, 3117871 new rows after incremental watermark (max_id=0)
2026-03-11 18:07:41,955 - INFO -   -> Loaded 3117871 attendance records into fact_attendance (in batches)
2026-03-11 18:07:47,997 - INFO -   -> fact_payment ready (incremental, no in-batch dedupe): 130871 rows (pre-filter: 130871)
2026-03-11 18:11:20,692 - INFO -   -> Loaded 130871 payments into fact_payment (in batches)
2026-03-11 18:11:28,975 - INFO -   -> fact_grade ready (incremental): 234978 rows (pre-filter: 234978)
2026-03-11 18:16:50,633 - INFO -   -> Loaded 234978 grades into fact_grade (in batches)
2026-03-11 18:18:12,953 - INFO -   → Loaded 36233 rows into fact_transcript (22 columns, in batches)
2026-03-11 18:19:01,980 - INFO -   → Loaded 36233 rows into fact_academic_performance (16 columns, in batches)
2026-03-11 18:20:08,930 - INFO -   → Loaded 41866 rows into fact_sponsorship (14 columns, in batches)
2026-03-11 18:25:01,237 - INFO -   → Loaded 469956 rows into fact_progression (9 columns, in batches)
2026-03-11 18:25:12,872 - INFO -   → Loaded 20000 rows into fact_student_high_school (9 columns, in batches)
2026-03-11 18:25:13,324 - INFO -   → Grades summary fallback: built from transcript (36233 rows) and academic performance (36233 rows) -> 72466 rows
2026-03-11 18:27:49,308 - INFO -   → Loaded 72466 rows into fact_grades_summary (24 columns, in batches)
2026-03-11 18:27:51,516 - INFO -   → Loaded 1826 rows into dim_date (16 columns, in batches)
2026-03-11 18:27:51,802 - INFO - ============================================================
2026-03-11 18:27:51,803 - INFO - ETL PIPELINE COMPLETED SUCCESSFULLY
2026-03-11 18:27:51,804 - INFO - Log file saved to: /app/logs/etl_pipeline_20260311_172735.log
2026-03-11 18:27:51,805 - INFO - ============================================================
2026-03-11 18:27:51,808 - INFO - ETL Pipeline completed successfully in 1:00:15.947981
