2026-03-03 19:14:13,703 - INFO - ETL Pipeline initialized. Log file: D:\NextGen-Data-Architects-Project\backend\logs\etl_pipeline_20260303_191413.log
2026-03-03 19:14:13,705 - INFO - ============================================================
2026-03-03 19:14:13,705 - INFO - ETL PIPELINE STARTED
2026-03-03 19:14:13,705 - INFO - Start time: 2026-03-03 19:14:13
2026-03-03 19:14:13,707 - INFO - ============================================================
2026-03-03 19:14:14,106 - INFO - [RBAC seed] Seeding table app_users with 12 rows from snapshot
2026-03-03 19:14:14,393 - INFO - [RBAC seed] Seeding table user_profiles with 2 rows from snapshot
2026-03-03 19:14:14,440 - INFO - [RBAC seed] Seeding table user_state with 1 rows from snapshot
2026-03-03 19:14:17,467 - INFO - [RBAC seed] Seeded audit_logs with 1337 rows
2026-03-03 19:14:17,469 - INFO - [RBAC seed] User system seeded successfully from snapshot.
2026-03-03 19:14:17,544 - INFO - [RBAC seed] Restored profile photos from D:\NextGen-Data-Architects-Project\backend\etl_seeds\profile_photos to D:\NextGen-Data-Architects-Project\backend\data\profile_photos
2026-03-03 19:14:17,555 - INFO - [RBAC seed] Restored admin_settings.json to D:\NextGen-Data-Architects-Project\backend\data\admin_settings.json
2026-03-03 19:14:17,968 - INFO - [RBAC seed] Restored ETL run logs from D:\NextGen-Data-Architects-Project\backend\etl_seeds\etl_runs to D:\NextGen-Data-Architects-Project\backend\logs
2026-03-03 19:14:17,973 - INFO - ============================================================
2026-03-03 19:14:17,974 - INFO - EXTRACT PHASE - Bronze Layer
2026-03-03 19:14:17,974 - INFO - ============================================================
2026-03-03 19:14:17,975 - INFO - Extracting from Source Database 1 (ACADEMICS)...
2026-03-03 19:14:18,155 - INFO -   → Extracted 1000 students
2026-03-03 19:14:18,215 - INFO -   → Extracted 488 courses
2026-03-03 19:14:18,296 - INFO -   → Extracted 1000 enrollments
2026-03-03 19:14:18,399 - INFO -   → Extracted 1000 attendance records
2026-03-03 19:14:18,562 - INFO -   → Extracted 1000 grades
2026-03-03 19:14:18,911 - INFO -   → Extracted 1000 student fees
2026-03-03 19:14:18,922 - INFO -   → Extracted 11 faculties
2026-03-03 19:14:18,937 - INFO -   → Extracted 18 departments
2026-03-03 19:14:18,961 - INFO -   → Extracted 91 programs
2026-03-03 19:14:18,963 - INFO - Extracting from Source Database 2 (ADMINISTRATION)...
2026-03-03 19:14:19,120 - INFO -   → Extracted 1000 employees
2026-03-03 19:14:19,251 - INFO -   → Extracted 1000 payroll records
2026-03-03 19:14:20,041 - INFO - Bronze layer files saved to: D:\NextGen-Data-Architects-Project\backend\data\bronze
2026-03-03 19:14:20,044 - INFO - Bronze layer extraction complete!
2026-03-03 19:14:20,044 - INFO - ============================================================
2026-03-03 19:14:20,044 - INFO - TRANSFORM PHASE - Silver Layer
2026-03-03 19:14:20,044 - INFO - ============================================================
2026-03-03 19:14:20,696 - INFO - Silver layer files saved to: D:\NextGen-Data-Architects-Project\backend\data\silver
2026-03-03 19:14:20,696 - INFO -   → Students: 1000
2026-03-03 19:14:20,696 - INFO -   → Courses: 488
2026-03-03 19:14:20,698 - INFO -   → Enrollments: 1000
2026-03-03 19:14:20,698 - INFO -   → Attendance: 1000
2026-03-03 19:14:20,698 - INFO -   → Payments: 1000
2026-03-03 19:14:20,700 - INFO -   → Grades: 1000
2026-03-03 19:14:20,700 - INFO - Silver layer transformation complete!
2026-03-03 19:14:20,710 - INFO - ============================================================
2026-03-03 19:14:20,711 - INFO - LOAD PHASE - Gold Layer (Data Warehouse)
2026-03-03 19:14:20,712 - INFO - ============================================================
2026-03-03 19:14:20,712 - INFO - Creating data warehouse database: UCU_DataWarehouse
2026-03-03 19:14:20,764 - INFO - Data warehouse database UCU_DataWarehouse already exists
2026-03-03 19:14:20,767 - INFO - Creating dimension tables...
2026-03-03 19:14:24,595 - INFO -   → Loaded 997 students into dim_student
2026-03-03 19:14:24,722 - INFO -   → Loaded 437 courses into dim_course
2026-03-03 19:14:24,755 - INFO -   → Loaded 3 semesters into dim_semester
2026-03-03 19:14:24,891 - INFO -   → Loaded 12 app users into dim_app_user
2026-03-03 19:14:24,949 - INFO -   -> Loaded 11 faculties into dim_faculty
2026-03-03 19:14:24,993 - INFO -   -> Loaded 18 departments into dim_department
2026-03-03 19:14:25,062 - INFO -   -> Loaded 91 programs into dim_program
2026-03-03 19:14:25,483 - INFO -   -> Loaded 1000 employees (staff/lecturers) into dim_employee
2026-03-03 19:14:25,485 - INFO - Populating time dimension...
2026-03-03 19:14:28,467 - INFO -   → Loaded 1826 time dimension records
2026-03-03 19:14:30,436 - INFO -   → Loaded 1000 enrollments into fact_enrollment
2026-03-03 19:14:32,258 - INFO -   → Loaded 998 attendance records into fact_attendance
2026-03-03 19:14:38,233 - INFO -   → Loaded 1000 payments into fact_payment
2026-03-03 19:14:40,005 - INFO -   → Loaded 1000 grades into fact_grade
2026-03-03 19:14:40,010 - INFO - ============================================================
2026-03-03 19:14:40,012 - INFO - ETL PIPELINE COMPLETED SUCCESSFULLY
2026-03-03 19:14:40,012 - INFO - Log file saved to: D:\NextGen-Data-Architects-Project\backend\logs\etl_pipeline_20260303_191413.log
2026-03-03 19:14:40,012 - INFO - ============================================================
2026-03-03 19:14:40,012 - INFO - ETL Pipeline completed successfully in 0:00:26.306921
