2026-03-01 16:50:56,295 - INFO - ETL Pipeline initialized. Log file: D:\NextGen-Data-Architects-Project\backend\logs\etl_pipeline_20260301_165056.log
2026-03-01 16:50:56,295 - INFO - ============================================================
2026-03-01 16:50:56,295 - INFO - ETL PIPELINE STARTED
2026-03-01 16:50:56,296 - INFO - Start time: 2026-03-01 16:50:56
2026-03-01 16:50:56,296 - INFO - ============================================================
2026-03-01 16:50:56,468 - INFO - [RBAC seed] Seeding table app_users with 12 rows from snapshot
2026-03-01 16:50:56,573 - INFO - [RBAC seed] Seeding table user_profiles with 2 rows from snapshot
2026-03-01 16:50:56,595 - INFO - [RBAC seed] Seeding table user_state with 1 rows from snapshot
2026-03-01 16:50:57,471 - INFO - [RBAC seed] Seeded audit_logs with 1213 rows
2026-03-01 16:50:57,473 - INFO - [RBAC seed] User system seeded successfully from snapshot.
2026-03-01 16:50:57,502 - INFO - [RBAC seed] Restored profile photos from D:\NextGen-Data-Architects-Project\backend\etl_seeds\profile_photos to D:\NextGen-Data-Architects-Project\backend\data\profile_photos
2026-03-01 16:50:57,506 - INFO - [RBAC seed] Restored admin_settings.json to D:\NextGen-Data-Architects-Project\backend\data\admin_settings.json
2026-03-01 16:50:57,614 - INFO - [RBAC seed] Restored ETL run logs from D:\NextGen-Data-Architects-Project\backend\etl_seeds\etl_runs to D:\NextGen-Data-Architects-Project\backend\logs
2026-03-01 16:50:57,615 - INFO - ============================================================
2026-03-01 16:50:57,615 - INFO - EXTRACT PHASE - Bronze Layer
2026-03-01 16:50:57,615 - INFO - ============================================================
2026-03-01 16:50:57,615 - INFO - Extracting from Source Database 1 (ACADEMICS)...
2026-03-01 16:50:57,676 - INFO -   → Extracted 1000 students
2026-03-01 16:50:57,691 - INFO -   → Extracted 488 courses
2026-03-01 16:50:57,721 - INFO -   → Extracted 1000 enrollments
2026-03-01 16:50:57,763 - INFO -   → Extracted 1000 attendance records
2026-03-01 16:50:57,803 - INFO -   → Extracted 1000 grades
2026-03-01 16:50:57,878 - INFO -   → Extracted 1000 student fees
2026-03-01 16:50:57,882 - INFO -   → Extracted 11 faculties
2026-03-01 16:50:57,887 - INFO -   → Extracted 18 departments
2026-03-01 16:50:57,894 - INFO -   → Extracted 91 programs
2026-03-01 16:50:57,895 - INFO - Extracting from Source Database 2 (ADMINISTRATION)...
2026-03-01 16:50:57,949 - INFO -   → Extracted 1000 employees
2026-03-01 16:50:57,993 - INFO -   → Extracted 1000 payroll records
2026-03-01 16:50:58,272 - INFO - Bronze layer files saved to: D:\NextGen-Data-Architects-Project\backend\data\bronze
2026-03-01 16:50:58,272 - INFO - Bronze layer extraction complete!
2026-03-01 16:50:58,273 - INFO - ============================================================
2026-03-01 16:50:58,273 - INFO - TRANSFORM PHASE - Silver Layer
2026-03-01 16:50:58,273 - INFO - ============================================================
2026-03-01 16:50:58,442 - INFO - Silver layer files saved to: D:\NextGen-Data-Architects-Project\backend\data\silver
2026-03-01 16:50:58,443 - INFO -   → Students: 1000
2026-03-01 16:50:58,443 - INFO -   → Courses: 488
2026-03-01 16:50:58,443 - INFO -   → Enrollments: 1000
2026-03-01 16:50:58,443 - INFO -   → Attendance: 1000
2026-03-01 16:50:58,443 - INFO -   → Payments: 1000
2026-03-01 16:50:58,443 - INFO -   → Grades: 1000
2026-03-01 16:50:58,443 - INFO - Silver layer transformation complete!
2026-03-01 16:50:58,445 - INFO - ============================================================
2026-03-01 16:50:58,445 - INFO - LOAD PHASE - Gold Layer (Data Warehouse)
2026-03-01 16:50:58,445 - INFO - ============================================================
2026-03-01 16:50:58,445 - INFO - Creating data warehouse database: UCU_DataWarehouse
2026-03-01 16:50:58,470 - INFO - Data warehouse database UCU_DataWarehouse already exists
2026-03-01 16:50:58,471 - INFO - Creating dimension tables...
2026-03-01 16:51:00,008 - INFO -   → Loaded 997 students into dim_student
2026-03-01 16:51:00,053 - INFO -   → Loaded 437 courses into dim_course
2026-03-01 16:51:00,066 - INFO -   → Loaded 3 semesters into dim_semester
2026-03-01 16:51:00,168 - INFO -   → Loaded 12 app users into dim_app_user
2026-03-01 16:51:00,200 - INFO -   -> Loaded 11 faculties into dim_faculty
2026-03-01 16:51:00,220 - INFO -   -> Loaded 18 departments into dim_department
2026-03-01 16:51:00,248 - INFO -   -> Loaded 91 programs into dim_program
2026-03-01 16:51:00,439 - INFO -   -> Loaded 1000 employees (staff/lecturers) into dim_employee
2026-03-01 16:51:00,440 - INFO - Populating time dimension...
2026-03-01 16:51:01,319 - INFO -   → Loaded 1826 time dimension records
2026-03-01 16:51:02,061 - INFO -   → Loaded 1000 enrollments into fact_enrollment
2026-03-01 16:51:02,713 - INFO -   → Loaded 998 attendance records into fact_attendance
2026-03-01 16:51:04,523 - INFO -   → Loaded 1000 payments into fact_payment
2026-03-01 16:51:05,166 - INFO -   → Loaded 1000 grades into fact_grade
2026-03-01 16:51:05,167 - INFO - ============================================================
2026-03-01 16:51:05,168 - INFO - ETL PIPELINE COMPLETED SUCCESSFULLY
2026-03-01 16:51:05,168 - INFO - Log file saved to: D:\NextGen-Data-Architects-Project\backend\logs\etl_pipeline_20260301_165056.log
2026-03-01 16:51:05,168 - INFO - ============================================================
2026-03-01 16:51:05,168 - INFO - ETL Pipeline completed successfully in 0:00:08.873480
