2026-03-03 23:44:21,379 - INFO - ETL Pipeline initialized. Log file: D:\NextGen-Data-Architects-Project\backend\logs\etl_pipeline_20260303_234421.log
2026-03-03 23:44:21,380 - INFO - ============================================================
2026-03-03 23:44:21,380 - INFO - ETL PIPELINE STARTED
2026-03-03 23:44:21,381 - INFO - Start time: 2026-03-03 23:44:21
2026-03-03 23:44:21,381 - INFO - ============================================================
2026-03-03 23:44:21,648 - INFO - [RBAC seed] Seeding table app_users with 12 rows from snapshot
2026-03-03 23:44:21,828 - INFO - [RBAC seed] Seeding table user_profiles with 2 rows from snapshot
2026-03-03 23:44:21,868 - INFO - [RBAC seed] Seeding table user_state with 1 rows from snapshot
2026-03-03 23:44:23,965 - INFO - [RBAC seed] Seeded audit_logs with 1340 rows
2026-03-03 23:44:23,968 - INFO - [RBAC seed] User system seeded successfully from snapshot.
2026-03-03 23:44:24,010 - INFO - [RBAC seed] Restored profile photos from D:\NextGen-Data-Architects-Project\backend\etl_seeds\profile_photos to D:\NextGen-Data-Architects-Project\backend\data\profile_photos
2026-03-03 23:44:24,015 - INFO - [RBAC seed] Restored admin_settings.json to D:\NextGen-Data-Architects-Project\backend\data\admin_settings.json
2026-03-03 23:44:24,295 - INFO - [RBAC seed] Restored ETL run logs from D:\NextGen-Data-Architects-Project\backend\etl_seeds\etl_runs to D:\NextGen-Data-Architects-Project\backend\logs
2026-03-03 23:44:24,296 - INFO - ============================================================
2026-03-03 23:44:24,297 - INFO - EXTRACT PHASE - Bronze Layer
2026-03-03 23:44:24,297 - INFO - ============================================================
2026-03-03 23:44:24,297 - INFO - Extracting from Source Database 1 (ACADEMICS)...
2026-03-03 23:44:24,411 - INFO -   → Extracted 1000 students
2026-03-03 23:44:24,462 - INFO -   → Extracted 488 courses
2026-03-03 23:44:24,552 - INFO -   → Extracted 1000 enrollments
2026-03-03 23:44:24,628 - INFO -   → Extracted 1000 attendance records
2026-03-03 23:44:24,795 - INFO -   → Extracted 1000 grades
2026-03-03 23:44:25,099 - INFO -   → Extracted 1000 student fees
2026-03-03 23:44:25,111 - INFO -   → Extracted 11 faculties
2026-03-03 23:44:25,121 - INFO -   → Extracted 18 departments
2026-03-03 23:44:25,149 - INFO -   → Extracted 91 programs
2026-03-03 23:44:25,150 - INFO - Extracting from Source Database 2 (ADMINISTRATION)...
2026-03-03 23:44:25,241 - INFO -   → Extracted 1000 employees
2026-03-03 23:44:25,294 - INFO -   → Extracted 1000 payroll records
2026-03-03 23:44:25,690 - INFO - Bronze layer files saved to: D:\NextGen-Data-Architects-Project\backend\data\bronze
2026-03-03 23:44:25,691 - INFO - Bronze layer extraction complete!
2026-03-03 23:44:25,691 - INFO - ============================================================
2026-03-03 23:44:25,691 - INFO - TRANSFORM PHASE - Silver Layer
2026-03-03 23:44:25,692 - INFO - ============================================================
2026-03-03 23:44:26,073 - INFO - Silver layer files saved to: D:\NextGen-Data-Architects-Project\backend\data\silver
2026-03-03 23:44:26,073 - INFO -   → Students: 1000
2026-03-03 23:44:26,074 - INFO -   → Courses: 488
2026-03-03 23:44:26,074 - INFO -   → Enrollments: 1000
2026-03-03 23:44:26,074 - INFO -   → Attendance: 1000
2026-03-03 23:44:26,074 - INFO -   → Payments: 1000
2026-03-03 23:44:26,074 - INFO -   → Grades: 1000
2026-03-03 23:44:26,074 - INFO - Silver layer transformation complete!
2026-03-03 23:44:26,079 - INFO - ============================================================
2026-03-03 23:44:26,079 - INFO - LOAD PHASE - Gold Layer (Data Warehouse)
2026-03-03 23:44:26,079 - INFO - ============================================================
2026-03-03 23:44:26,080 - INFO - Creating data warehouse database: UCU_DataWarehouse
2026-03-03 23:44:26,106 - INFO - Data warehouse database UCU_DataWarehouse already exists
2026-03-03 23:44:26,108 - INFO - Creating dimension tables...
2026-03-03 23:44:28,535 - INFO -   → Loaded 997 students into dim_student
2026-03-03 23:44:28,610 - INFO -   → Loaded 437 courses into dim_course
2026-03-03 23:44:28,631 - INFO -   → Loaded 3 semesters into dim_semester
2026-03-03 23:44:28,718 - INFO -   → Loaded 12 app users into dim_app_user
2026-03-03 23:44:28,762 - INFO -   -> Loaded 11 faculties into dim_faculty
2026-03-03 23:44:28,792 - INFO -   -> Loaded 18 departments into dim_department
2026-03-03 23:44:28,830 - INFO -   -> Loaded 91 programs into dim_program
2026-03-03 23:44:29,113 - INFO -   -> Loaded 1000 employees (staff/lecturers) into dim_employee
2026-03-03 23:44:29,114 - INFO - Populating time dimension...
2026-03-03 23:44:31,148 - INFO -   → Loaded 1826 time dimension records
2026-03-03 23:44:32,648 - INFO -   → Loaded 1000 enrollments into fact_enrollment
2026-03-03 23:44:33,998 - INFO -   → Loaded 998 attendance records into fact_attendance
2026-03-03 23:44:37,653 - INFO -   → Loaded 1000 payments into fact_payment
2026-03-03 23:44:39,027 - INFO -   → Loaded 1000 grades into fact_grade
2026-03-03 23:44:39,029 - INFO - ============================================================
2026-03-03 23:44:39,029 - INFO - ETL PIPELINE COMPLETED SUCCESSFULLY
2026-03-03 23:44:39,030 - INFO - Log file saved to: D:\NextGen-Data-Architects-Project\backend\logs\etl_pipeline_20260303_234421.log
2026-03-03 23:44:39,030 - INFO - ============================================================
2026-03-03 23:44:39,031 - INFO - ETL Pipeline completed successfully in 0:00:17.651575
