2026-03-01 17:20:56,106 - INFO - ETL Pipeline initialized. Log file: D:\NextGen-Data-Architects-Project\backend\logs\etl_pipeline_20260301_172056.log
2026-03-01 17:20:56,106 - INFO - ============================================================
2026-03-01 17:20:56,106 - INFO - ETL PIPELINE STARTED
2026-03-01 17:20:56,106 - INFO - Start time: 2026-03-01 17:20:56
2026-03-01 17:20:56,106 - INFO - ============================================================
2026-03-01 17:20:56,246 - INFO - [RBAC seed] Seeding table app_users with 12 rows from snapshot
2026-03-01 17:20:56,309 - INFO - [RBAC seed] Seeding table user_profiles with 2 rows from snapshot
2026-03-01 17:20:56,329 - INFO - [RBAC seed] Seeding table user_state with 1 rows from snapshot
2026-03-01 17:20:56,907 - INFO - [RBAC seed] Seeded audit_logs with 1213 rows
2026-03-01 17:20:56,908 - INFO - [RBAC seed] User system seeded successfully from snapshot.
2026-03-01 17:20:56,925 - INFO - [RBAC seed] Restored profile photos from D:\NextGen-Data-Architects-Project\backend\etl_seeds\profile_photos to D:\NextGen-Data-Architects-Project\backend\data\profile_photos
2026-03-01 17:20:56,928 - INFO - [RBAC seed] Restored admin_settings.json to D:\NextGen-Data-Architects-Project\backend\data\admin_settings.json
2026-03-01 17:20:57,000 - INFO - [RBAC seed] Restored ETL run logs from D:\NextGen-Data-Architects-Project\backend\etl_seeds\etl_runs to D:\NextGen-Data-Architects-Project\backend\logs
2026-03-01 17:20:57,001 - INFO - ============================================================
2026-03-01 17:20:57,001 - INFO - EXTRACT PHASE - Bronze Layer
2026-03-01 17:20:57,001 - INFO - ============================================================
2026-03-01 17:20:57,001 - INFO - Extracting from Source Database 1 (ACADEMICS)...
2026-03-01 17:20:57,063 - INFO -   → Extracted 1000 students
2026-03-01 17:20:57,076 - INFO -   → Extracted 488 courses
2026-03-01 17:20:57,098 - INFO -   → Extracted 1000 enrollments
2026-03-01 17:20:57,119 - INFO -   → Extracted 1000 attendance records
2026-03-01 17:20:57,157 - INFO -   → Extracted 1000 grades
2026-03-01 17:20:57,207 - INFO -   → Extracted 1000 student fees
2026-03-01 17:20:57,210 - INFO -   → Extracted 11 faculties
2026-03-01 17:20:57,214 - INFO -   → Extracted 18 departments
2026-03-01 17:20:57,220 - INFO -   → Extracted 91 programs
2026-03-01 17:20:57,220 - INFO - Extracting from Source Database 2 (ADMINISTRATION)...
2026-03-01 17:20:57,272 - INFO -   → Extracted 1000 employees
2026-03-01 17:20:57,294 - INFO -   → Extracted 1000 payroll records
2026-03-01 17:20:57,581 - INFO - Bronze layer files saved to: D:\NextGen-Data-Architects-Project\backend\data\bronze
2026-03-01 17:20:57,582 - INFO - Bronze layer extraction complete!
2026-03-01 17:20:57,582 - INFO - ============================================================
2026-03-01 17:20:57,582 - INFO - TRANSFORM PHASE - Silver Layer
2026-03-01 17:20:57,582 - INFO - ============================================================
2026-03-01 17:20:57,722 - INFO - Silver layer files saved to: D:\NextGen-Data-Architects-Project\backend\data\silver
2026-03-01 17:20:57,723 - INFO -   → Students: 1000
2026-03-01 17:20:57,723 - INFO -   → Courses: 488
2026-03-01 17:20:57,723 - INFO -   → Enrollments: 1000
2026-03-01 17:20:57,723 - INFO -   → Attendance: 1000
2026-03-01 17:20:57,723 - INFO -   → Payments: 1000
2026-03-01 17:20:57,723 - INFO -   → Grades: 1000
2026-03-01 17:20:57,723 - INFO - Silver layer transformation complete!
2026-03-01 17:20:57,725 - INFO - ============================================================
2026-03-01 17:20:57,725 - INFO - LOAD PHASE - Gold Layer (Data Warehouse)
2026-03-01 17:20:57,725 - INFO - ============================================================
2026-03-01 17:20:57,725 - INFO - Creating data warehouse database: UCU_DataWarehouse
2026-03-01 17:20:57,762 - INFO - Data warehouse database UCU_DataWarehouse already exists
2026-03-01 17:20:57,763 - INFO - Creating dimension tables...
2026-03-01 17:20:58,891 - INFO -   → Loaded 997 students into dim_student
2026-03-01 17:20:58,927 - INFO -   → Loaded 437 courses into dim_course
2026-03-01 17:20:58,935 - INFO -   → Loaded 3 semesters into dim_semester
2026-03-01 17:20:59,010 - INFO -   → Loaded 12 app users into dim_app_user
2026-03-01 17:20:59,033 - INFO -   -> Loaded 11 faculties into dim_faculty
2026-03-01 17:20:59,049 - INFO -   -> Loaded 18 departments into dim_department
2026-03-01 17:20:59,066 - INFO -   -> Loaded 91 programs into dim_program
2026-03-01 17:20:59,153 - INFO -   -> Loaded 1000 employees (staff/lecturers) into dim_employee
2026-03-01 17:20:59,154 - INFO - Populating time dimension...
2026-03-01 17:20:59,764 - INFO -   → Loaded 1826 time dimension records
2026-03-01 17:21:00,366 - INFO -   → Loaded 1000 enrollments into fact_enrollment
2026-03-01 17:21:00,769 - INFO -   → Loaded 998 attendance records into fact_attendance
2026-03-01 17:21:01,974 - INFO -   → Loaded 1000 payments into fact_payment
2026-03-01 17:21:02,409 - INFO -   → Loaded 1000 grades into fact_grade
2026-03-01 17:21:02,410 - INFO - ============================================================
2026-03-01 17:21:02,411 - INFO - ETL PIPELINE COMPLETED SUCCESSFULLY
2026-03-01 17:21:02,411 - INFO - Log file saved to: D:\NextGen-Data-Architects-Project\backend\logs\etl_pipeline_20260301_172056.log
2026-03-01 17:21:02,411 - INFO - ============================================================
2026-03-01 17:21:02,411 - INFO - ETL Pipeline completed successfully in 0:00:06.305060
