2026-03-07 21:37:32,161 - INFO - ETL Pipeline initialized. Log file: D:\NextGen-Data-Architects-Project\backend\logs\etl_pipeline_20260307_213732.log
2026-03-07 21:37:32,162 - INFO - ============================================================
2026-03-07 21:37:32,162 - INFO - ETL PIPELINE STARTED
2026-03-07 21:37:32,162 - INFO - Start time: 2026-03-07 21:37:32
2026-03-07 21:37:32,163 - INFO - ============================================================
2026-03-07 21:37:32,287 - INFO - [RBAC seed] Seeding table app_users with 14 rows from snapshot
2026-03-07 21:37:32,366 - INFO - [RBAC seed] Seeding table user_profiles with 3 rows from snapshot
2026-03-07 21:37:32,385 - INFO - [RBAC seed] Seeding table user_state with 2 rows from snapshot
2026-03-07 21:37:33,076 - INFO - [RBAC seed] Seeded audit_logs with 1486 rows
2026-03-07 21:37:33,076 - INFO - [RBAC seed] User system seeded successfully from snapshot.
2026-03-07 21:37:33,111 - INFO - [RBAC seed] Restored profile photos from D:\NextGen-Data-Architects-Project\backend\etl_seeds\profile_photos to D:\NextGen-Data-Architects-Project\backend\data\profile_photos
2026-03-07 21:37:33,111 - INFO - [RBAC seed] Restored admin_settings.json to D:\NextGen-Data-Architects-Project\backend\data\admin_settings.json
2026-03-07 21:37:33,386 - INFO - [RBAC seed] Restored ETL run logs from D:\NextGen-Data-Architects-Project\backend\etl_seeds\etl_runs to D:\NextGen-Data-Architects-Project\backend\logs
2026-03-07 21:37:33,386 - INFO - ============================================================
2026-03-07 21:37:33,386 - INFO - EXTRACT PHASE - Bronze Layer
2026-03-07 21:37:33,390 - INFO - ============================================================
2026-03-07 21:37:33,390 - INFO - Using SYNTHETIC data source: D:\NextGen-Data-Architects-Project\backend\data\Synthetic_Data
2026-03-07 21:37:33,390 - INFO - Synthetic data root: D:\NextGen-Data-Architects-Project\backend\data\Synthetic_Data
2026-03-07 21:37:33,393 - INFO -   -> Found 26 CSV/XLSX files in Synthetic_Data
2026-03-07 21:37:33,421 - INFO -   -> Faculties: 11, Departments: 18, Programs: 91
2026-03-07 21:37:43,198 - INFO -   -> Combined student lists: 9937 unique (by RegNo)
2026-03-07 21:37:43,420 - INFO -   -> Students: 9937 (columns: 41)
2026-03-07 21:37:44,118 - INFO -   -> Courses: 6006 (columns: 10)
2026-03-07 21:37:45,941 - INFO -   -> Grades: 348350 (columns: 27)
2026-03-07 21:37:46,981 - INFO -   -> Payments: 187402 (columns: 27)
2026-03-07 21:37:51,493 - INFO -   -> Attendance: 3204919 (columns: 9)
2026-03-07 21:37:51,542 - INFO -   -> Employees (synthetic): 253
2026-03-07 21:37:51,555 - INFO -   -> High schools: 73 (columns: 4)
2026-03-07 21:37:51,652 - INFO -   -> Student–high school: 20000
2026-03-07 21:37:51,680 - INFO -   -> Enrollments (from high schools): 9999
2026-03-07 21:37:51,993 - INFO -   -> Transcript: 53457
2026-03-07 21:37:52,250 - INFO -   -> Academic performance: 53457
2026-03-07 21:37:52,325 - INFO -   -> Sponsorships: 10944
2026-03-07 21:38:36,370 - INFO -   -> Progression: 351587
2026-03-07 21:38:42,304 - INFO -   -> Grades summary sheets: 63457
2026-03-07 21:38:42,726 - INFO -   -> Dim date: 1826
2026-03-07 21:38:53,303 - INFO - Bronze (synthetic) extraction complete.
2026-03-07 21:38:53,486 - INFO - ============================================================
2026-03-07 21:38:53,486 - INFO - TRANSFORM PHASE - Silver Layer
2026-03-07 21:38:53,486 - INFO - ============================================================
2026-03-07 21:39:30,839 - INFO - Silver layer files saved to: D:\NextGen-Data-Architects-Project\backend\data\silver
2026-03-07 21:39:30,839 - INFO -   → Students: 9937
2026-03-07 21:39:30,840 - INFO -   → Courses: 6006
2026-03-07 21:39:30,840 - INFO -   → Enrollments: 9999
2026-03-07 21:39:30,840 - INFO -   → Attendance: 3204919
2026-03-07 21:39:30,841 - INFO -   → Payments: 187402
2026-03-07 21:39:30,841 - INFO -   → Grades: 348350
2026-03-07 21:39:30,841 - INFO -   → Transcript: 53457
2026-03-07 21:39:30,842 - INFO -   → Academic performance: 53457
2026-03-07 21:39:30,842 - INFO -   → Sponsorships: 10944
2026-03-07 21:39:30,842 - INFO -   → Progression: 351587
2026-03-07 21:39:30,843 - INFO -   → Student–high school: 20000
2026-03-07 21:39:30,843 - INFO -   → High schools: 73
2026-03-07 21:39:30,844 - INFO - Silver layer transformation complete!
2026-03-07 21:39:30,851 - INFO - ============================================================
2026-03-07 21:39:30,851 - INFO - LOAD PHASE - Gold Layer (Data Warehouse)
2026-03-07 21:39:30,851 - INFO - ============================================================
2026-03-07 21:39:30,852 - INFO - Creating data warehouse database: UCU_DataWarehouse
2026-03-07 21:39:30,881 - INFO - Data warehouse database UCU_DataWarehouse already exists
2026-03-07 21:39:30,921 - INFO - Creating dimension tables...
2026-03-07 21:39:32,887 - INFO -   → Loaded 2793 courses into dim_course (from catalog)
2026-03-07 21:39:33,152 - INFO -   → Loaded 2793 courses into dim_course (from silver)
2026-03-07 21:39:59,826 - INFO -   → Loaded 7551 students into dim_student (52 columns)
2026-03-07 21:39:59,848 - INFO -   → Loaded 3 semesters into dim_semester
2026-03-07 21:39:59,950 - INFO -   → Loaded 14 app users into dim_app_user
2026-03-07 21:39:59,984 - INFO -   -> Loaded 11 faculties into dim_faculty
2026-03-07 21:40:00,009 - INFO -   -> Loaded 18 departments into dim_department
2026-03-07 21:40:00,047 - INFO -   -> Loaded 91 programs into dim_program
2026-03-07 21:40:00,114 - INFO -   -> Loaded 253 employees (staff/lecturers) into dim_employee
2026-03-07 21:40:00,166 - INFO -   -> Loaded 73 high schools into dim_high_school (all columns)
2026-03-07 21:40:00,420 - INFO - Populating time dimension...
2026-03-07 21:40:01,776 - INFO -   → Loaded 1826 time dimension records
2026-03-07 21:40:06,241 - INFO -   → Loaded 7613 enrollments into fact_enrollment
