2026-03-12 04:15:30,590 - INFO - ETL Pipeline initialized. Log file: /app/logs/etl_pipeline_20260312_041530.log
2026-03-12 04:15:30,592 - INFO - ============================================================
2026-03-12 04:15:30,593 - INFO - ETL PIPELINE STARTED
2026-03-12 04:15:30,594 - INFO - Start time: 2026-03-12 04:15:30
2026-03-12 04:15:30,595 - INFO - ============================================================
2026-03-12 04:15:31,020 - INFO - [RBAC seed] Seeding table app_users with 1 rows from snapshot
2026-03-12 04:15:31,195 - INFO - [RBAC seed] Seeding table user_profiles with 0 rows from snapshot
2026-03-12 04:15:31,202 - INFO - [RBAC seed] Seeding table user_state with 0 rows from snapshot
2026-03-12 04:15:31,315 - INFO - [RBAC seed] Seeded audit_logs with 9 rows
2026-03-12 04:15:31,317 - INFO - [RBAC seed] User system seeded successfully from snapshot.
2026-03-12 04:15:31,617 - INFO - [RBAC seed] Restored profile photos from /app/etl_seeds/profile_photos to /app/data/profile_photos
2026-03-12 04:15:31,687 - INFO - [RBAC seed] Restored admin_settings.json to /app/data/admin_settings.json
2026-03-12 04:15:46,415 - INFO - [RBAC seed] Restored ETL run logs from /app/etl_seeds/etl_runs to /app/logs
2026-03-12 04:15:46,416 - INFO - ============================================================
2026-03-12 04:15:46,418 - INFO - EXTRACT PHASE - Bronze Layer
2026-03-12 04:15:46,420 - INFO - ============================================================
2026-03-12 04:15:46,427 - INFO - Using SYNTHETIC data source: /app/data/Synthetic_Data
2026-03-12 04:15:46,455 - INFO - Synthetic data root: /app/data/Synthetic_Data
2026-03-12 04:15:46,488 - INFO -   -> Found 35 CSV/XLSX files in Synthetic_Data
2026-03-12 04:15:46,602 - INFO -   -> Loaded dimension hierarchy from faculties_departments.csv
2026-03-12 04:15:46,604 - INFO -   -> Faculties: 11, Departments: 18, Programs: 91
2026-03-12 04:16:08,856 - INFO -   -> Combined student lists: 10000 unique (by RegNo)
2026-03-12 04:16:09,085 - INFO -   -> Students: 10000 (columns: 39)
2026-03-12 04:16:09,143 - INFO -   -> Courses: 3035 (columns: 13)
2026-03-12 04:16:12,161 - INFO -   -> Grades: 234978 (columns: 27)
2026-03-12 04:16:12,422 - INFO -   -> Enrollments (from enrollment_list15/16): 10000
2026-03-12 04:16:14,673 - INFO -   -> Payments: 130871 (columns: 27)
2026-03-12 04:16:51,401 - INFO -   -> Attendance: 3117871 (columns: 9)
2026-03-12 04:16:51,537 - INFO -   -> Employees (synthetic): 253
2026-03-12 04:16:51,587 - INFO -   -> High schools: 73 (columns: 4)
2026-03-12 04:16:51,834 - INFO -   -> Student–high school: 20000
2026-03-12 04:16:52,153 - INFO -   -> Transcript: 36233
2026-03-12 04:16:52,422 - INFO -   -> Academic performance: 36233
2026-03-12 04:16:53,256 - INFO -   -> Sponsorships: 41866
2026-03-12 04:17:13,738 - INFO -   -> Progression: 469956
2026-03-12 04:17:13,744 - INFO -   -> Grades summary sheets: 0
2026-03-12 04:17:13,873 - INFO -   -> Dim date: 1826
2026-03-12 04:17:19,453 - INFO - Bronze (synthetic) extraction complete.
2026-03-12 04:17:19,505 - INFO - ============================================================
2026-03-12 04:17:19,506 - INFO - TRANSFORM PHASE - Silver Layer
2026-03-12 04:17:19,508 - INFO - ============================================================
2026-03-12 04:17:41,320 - INFO - Silver layer files saved to: /app/data/silver
2026-03-12 04:17:41,321 - INFO -   → Students: 10000
2026-03-12 04:17:41,322 - INFO -   → Courses: 3035
2026-03-12 04:17:41,323 - INFO -   → Enrollments: 10000
2026-03-12 04:17:41,324 - INFO -   → Attendance: 3117871
2026-03-12 04:17:41,325 - INFO -   → Payments: 130871
2026-03-12 04:17:41,326 - INFO -   → Grades: 234978
2026-03-12 04:17:41,328 - INFO -   → Transcript: 36233
2026-03-12 04:17:41,330 - INFO -   → Academic performance: 36233
2026-03-12 04:17:41,332 - INFO -   → Sponsorships: 41866
2026-03-12 04:17:41,333 - INFO -   → Progression: 469956
2026-03-12 04:17:41,335 - INFO -   → Student–high school: 20000
2026-03-12 04:17:41,338 - INFO -   → High schools: 73
2026-03-12 04:17:41,340 - INFO - Silver layer transformation complete!
2026-03-12 04:17:41,346 - INFO - ============================================================
2026-03-12 04:17:41,347 - INFO - LOAD PHASE - Gold Layer (Data Warehouse)
2026-03-12 04:17:41,348 - INFO - ============================================================
2026-03-12 04:17:41,349 - INFO - Creating data warehouse database: ucu_datawarehouse
2026-03-12 04:17:41,459 - INFO - Data warehouse database ucu_datawarehouse ready
2026-03-12 04:17:41,462 - INFO - Creating dimension tables...
2026-03-12 04:17:43,136 - INFO -   → Loaded 1823 courses into dim_course (from catalog)
2026-03-12 04:17:44,273 - INFO -   → Loaded 1823 courses into dim_course (from silver)
2026-03-12 04:18:10,529 - INFO -   → Loaded 10000 students into dim_student (50 columns)
2026-03-12 04:18:10,549 - INFO -   → Loaded 3 semesters into dim_semester
2026-03-12 04:18:10,694 - INFO -   → Loaded 1 app users into dim_app_user
2026-03-12 04:18:10,721 - INFO -   -> Loaded 11 faculties into dim_faculty
2026-03-12 04:18:10,748 - INFO -   -> Loaded 18 departments into dim_department
2026-03-12 04:18:10,792 - INFO -   -> Loaded 91 programs into dim_program
2026-03-12 04:18:10,849 - INFO -   -> Loaded 253 employees (staff/lecturers) into dim_employee
2026-03-12 04:18:10,882 - INFO -   -> Loaded 73 high schools into dim_high_school (all columns)
2026-03-12 04:18:10,960 - INFO - Populating time dimension...
2026-03-12 04:18:11,373 - INFO -   → Loaded 1826 time dimension records
2026-03-12 04:18:12,237 - INFO -   → fact_enrollment incremental: 10000 new rows (skipped 0 existing)
2026-03-12 04:18:15,768 - INFO -   → Loaded 10000 enrollments into fact_enrollment
2026-03-12 04:18:52,794 - INFO -   -> Attendance: 3117871 rows pre-filter, 3117871 new rows after incremental watermark (max_id=0)
2026-03-12 04:32:21,483 - INFO -   -> Loaded 3117871 attendance records into fact_attendance (in batches)
2026-03-12 04:32:26,325 - INFO -   -> fact_payment ready (incremental, no in-batch dedupe): 130871 rows (pre-filter: 130871)
2026-03-12 04:34:09,303 - INFO -   -> Loaded 130871 payments into fact_payment (in batches)
2026-03-12 04:34:13,681 - INFO -   -> fact_grade ready (incremental): 234978 rows (pre-filter: 234978)
2026-03-12 04:36:14,733 - INFO -   -> Loaded 234978 grades into fact_grade (in batches)
2026-03-12 04:36:47,551 - INFO -   → Loaded 36233 rows into fact_transcript (22 columns, in batches)
2026-03-12 04:37:10,468 - INFO -   → Loaded 36233 rows into fact_academic_performance (16 columns, in batches)
2026-03-12 04:37:31,743 - INFO -   → Loaded 41866 rows into fact_sponsorship (14 columns, in batches)
2026-03-12 04:40:15,414 - INFO -   → Loaded 469956 rows into fact_progression (9 columns, in batches)
2026-03-12 04:40:23,685 - INFO -   → Loaded 20000 rows into fact_student_high_school (9 columns, in batches)
2026-03-12 04:40:23,725 - INFO -   → Grades summary fallback: built from transcript (36233 rows) and academic performance (36233 rows) -> 72466 rows
2026-03-12 04:41:34,743 - INFO -   → Loaded 72466 rows into fact_grades_summary (24 columns, in batches)
2026-03-12 04:41:35,771 - INFO -   → Loaded 1826 rows into dim_date (16 columns, in batches)
2026-03-12 04:41:35,855 - INFO - ============================================================
2026-03-12 04:41:35,856 - INFO - ETL PIPELINE COMPLETED SUCCESSFULLY
2026-03-12 04:41:35,857 - INFO - Log file saved to: /app/logs/etl_pipeline_20260312_041530.log
2026-03-12 04:41:35,858 - INFO - ============================================================
2026-03-12 04:41:35,861 - INFO - ETL Pipeline completed successfully in 0:26:05.269068
