2026-03-02 22:34:50,309 - INFO - ETL Pipeline initialized. Log file: D:\NextGen-Data-Architects-Project\backend\logs\etl_pipeline_20260302_223450.log
2026-03-02 22:34:50,309 - INFO - ============================================================
2026-03-02 22:34:50,309 - INFO - ETL PIPELINE STARTED
2026-03-02 22:34:50,311 - INFO - Start time: 2026-03-02 22:34:50
2026-03-02 22:34:50,311 - INFO - ============================================================
2026-03-02 22:34:50,553 - INFO - [RBAC seed] Seeding table app_users with 12 rows from snapshot
2026-03-02 22:34:50,750 - INFO - [RBAC seed] Seeding table user_profiles with 2 rows from snapshot
2026-03-02 22:34:50,783 - INFO - [RBAC seed] Seeding table user_state with 1 rows from snapshot
2026-03-02 22:34:53,100 - INFO - [RBAC seed] Seeded audit_logs with 1213 rows
2026-03-02 22:34:53,103 - INFO - [RBAC seed] User system seeded successfully from snapshot.
2026-03-02 22:34:53,148 - INFO - [RBAC seed] Restored profile photos from D:\NextGen-Data-Architects-Project\backend\etl_seeds\profile_photos to D:\NextGen-Data-Architects-Project\backend\data\profile_photos
2026-03-02 22:34:53,154 - INFO - [RBAC seed] Restored admin_settings.json to D:\NextGen-Data-Architects-Project\backend\data\admin_settings.json
2026-03-02 22:34:53,502 - INFO - [RBAC seed] Restored ETL run logs from D:\NextGen-Data-Architects-Project\backend\etl_seeds\etl_runs to D:\NextGen-Data-Architects-Project\backend\logs
2026-03-02 22:34:53,502 - INFO - ============================================================
2026-03-02 22:34:53,504 - INFO - EXTRACT PHASE - Bronze Layer
2026-03-02 22:34:53,504 - INFO - ============================================================
2026-03-02 22:34:53,504 - INFO - Extracting from Source Database 1 (ACADEMICS)...
2026-03-02 22:34:53,667 - INFO -   → Extracted 1000 students
2026-03-02 22:34:53,732 - INFO -   → Extracted 488 courses
2026-03-02 22:34:53,836 - INFO -   → Extracted 1000 enrollments
2026-03-02 22:34:53,932 - INFO -   → Extracted 1000 attendance records
2026-03-02 22:34:54,074 - INFO -   → Extracted 1000 grades
2026-03-02 22:34:54,321 - INFO -   → Extracted 1000 student fees
2026-03-02 22:34:54,351 - INFO -   → Extracted 11 faculties
2026-03-02 22:34:54,384 - INFO -   → Extracted 18 departments
2026-03-02 22:34:54,426 - INFO -   → Extracted 91 programs
2026-03-02 22:34:54,426 - INFO - Extracting from Source Database 2 (ADMINISTRATION)...
2026-03-02 22:34:54,551 - INFO -   → Extracted 1000 employees
2026-03-02 22:34:54,640 - INFO -   → Extracted 1000 payroll records
2026-03-02 22:34:55,501 - INFO - Bronze layer files saved to: D:\NextGen-Data-Architects-Project\backend\data\bronze
2026-03-02 22:34:55,503 - INFO - Bronze layer extraction complete!
2026-03-02 22:34:55,503 - INFO - ============================================================
2026-03-02 22:34:55,503 - INFO - TRANSFORM PHASE - Silver Layer
2026-03-02 22:34:55,503 - INFO - ============================================================
2026-03-02 22:34:55,869 - INFO - Silver layer files saved to: D:\NextGen-Data-Architects-Project\backend\data\silver
2026-03-02 22:34:55,869 - INFO -   → Students: 1000
2026-03-02 22:34:55,869 - INFO -   → Courses: 488
2026-03-02 22:34:55,869 - INFO -   → Enrollments: 1000
2026-03-02 22:34:55,869 - INFO -   → Attendance: 1000
2026-03-02 22:34:55,871 - INFO -   → Payments: 1000
2026-03-02 22:34:55,871 - INFO -   → Grades: 1000
2026-03-02 22:34:55,871 - INFO - Silver layer transformation complete!
2026-03-02 22:34:55,879 - INFO - ============================================================
2026-03-02 22:34:55,879 - INFO - LOAD PHASE - Gold Layer (Data Warehouse)
2026-03-02 22:34:55,881 - INFO - ============================================================
2026-03-02 22:34:55,881 - INFO - Creating data warehouse database: UCU_DataWarehouse
2026-03-02 22:34:55,910 - INFO - Data warehouse database UCU_DataWarehouse already exists
2026-03-02 22:34:55,912 - INFO - Creating dimension tables...
2026-03-02 22:34:58,511 - INFO -   → Loaded 997 students into dim_student
2026-03-02 22:34:58,590 - INFO -   → Loaded 437 courses into dim_course
2026-03-02 22:34:58,608 - INFO -   → Loaded 3 semesters into dim_semester
2026-03-02 22:34:58,691 - INFO -   → Loaded 12 app users into dim_app_user
2026-03-02 22:34:58,806 - INFO -   -> Loaded 11 faculties into dim_faculty
2026-03-02 22:34:58,837 - INFO -   -> Loaded 18 departments into dim_department
2026-03-02 22:34:58,879 - INFO -   -> Loaded 91 programs into dim_program
2026-03-02 22:34:59,200 - INFO -   -> Loaded 1000 employees (staff/lecturers) into dim_employee
2026-03-02 22:34:59,201 - INFO - Populating time dimension...
2026-03-02 22:35:01,273 - INFO -   → Loaded 1826 time dimension records
2026-03-02 22:35:02,956 - INFO -   → Loaded 1000 enrollments into fact_enrollment
2026-03-02 22:35:05,026 - INFO -   → Loaded 998 attendance records into fact_attendance
2026-03-02 22:35:09,966 - INFO -   → Loaded 1000 payments into fact_payment
2026-03-02 22:35:11,586 - INFO -   → Loaded 1000 grades into fact_grade
2026-03-02 22:35:11,589 - INFO - ============================================================
2026-03-02 22:35:11,589 - INFO - ETL PIPELINE COMPLETED SUCCESSFULLY
2026-03-02 22:35:11,589 - INFO - Log file saved to: D:\NextGen-Data-Architects-Project\backend\logs\etl_pipeline_20260302_223450.log
2026-03-02 22:35:11,589 - INFO - ============================================================
2026-03-02 22:35:11,589 - INFO - ETL Pipeline completed successfully in 0:00:21.280131
