2026-03-07 18:49:07,375 - INFO - ETL Pipeline initialized. Log file: D:\NextGen-Data-Architects-Project\backend\logs\etl_pipeline_20260307_184907.log
2026-03-07 18:49:07,378 - INFO - ============================================================
2026-03-07 18:49:07,379 - INFO - ETL PIPELINE STARTED
2026-03-07 18:49:07,379 - INFO - Start time: 2026-03-07 18:49:07
2026-03-07 18:49:07,379 - INFO - ============================================================
2026-03-07 18:49:07,538 - INFO - [RBAC seed] Seeding table app_users with 14 rows from snapshot
2026-03-07 18:49:07,591 - INFO - [RBAC seed] Seeding table user_profiles with 3 rows from snapshot
2026-03-07 18:49:07,616 - INFO - [RBAC seed] Seeding table user_state with 2 rows from snapshot
2026-03-07 18:49:09,282 - INFO - [RBAC seed] Seeded audit_logs with 1463 rows
2026-03-07 18:49:09,282 - INFO - [RBAC seed] User system seeded successfully from snapshot.
2026-03-07 18:49:09,347 - INFO - [RBAC seed] Restored profile photos from D:\NextGen-Data-Architects-Project\backend\etl_seeds\profile_photos to D:\NextGen-Data-Architects-Project\backend\data\profile_photos
2026-03-07 18:49:09,353 - INFO - [RBAC seed] Restored admin_settings.json to D:\NextGen-Data-Architects-Project\backend\data\admin_settings.json
2026-03-07 18:49:09,950 - INFO - [RBAC seed] Restored ETL run logs from D:\NextGen-Data-Architects-Project\backend\etl_seeds\etl_runs to D:\NextGen-Data-Architects-Project\backend\logs
2026-03-07 18:49:09,953 - INFO - ============================================================
2026-03-07 18:49:09,953 - INFO - EXTRACT PHASE - Bronze Layer
2026-03-07 18:49:09,955 - INFO - ============================================================
2026-03-07 18:49:09,955 - INFO - Using SYNTHETIC data source: D:\NextGen-Data-Architects-Project\backend\data\Synthetic_Data
2026-03-07 18:49:09,955 - INFO - Synthetic data root: D:\NextGen-Data-Architects-Project\backend\data\Synthetic_Data
2026-03-07 18:49:09,960 - INFO -   -> Found 26 CSV/XLSX files in Synthetic_Data
2026-03-07 18:49:10,009 - INFO -   -> Faculties: 11, Departments: 18, Programs: 91
2026-03-07 18:49:20,123 - INFO -   -> Students: 10000 (columns: 41)
2026-03-07 18:49:21,422 - INFO -   -> Courses: 6006 (columns: 10)
2026-03-07 18:49:38,138 - INFO -   -> Attendance: 3204919 (columns: 9)
2026-03-07 18:49:38,196 - INFO -   -> Employees (synthetic): 253
2026-03-07 18:49:38,212 - INFO -   -> High schools: 73 (columns: 4)
2026-03-07 18:49:38,417 - INFO -   -> Student–high school: 20000
2026-03-07 18:49:38,817 - INFO -   -> Transcript: 53457
2026-03-07 18:49:39,155 - INFO -   -> Academic performance: 53457
2026-03-07 18:49:39,264 - INFO -   -> Sponsorships: 10944
2026-03-07 18:51:42,700 - INFO -   -> Progression: 351587
2026-03-07 18:51:59,877 - INFO -   -> Grades summary sheets: 63457
2026-03-07 18:52:01,341 - INFO -   -> Dim date: 1826
2026-03-07 18:52:18,241 - INFO - Bronze (synthetic) extraction complete.
2026-03-07 18:52:19,410 - INFO - ============================================================
2026-03-07 18:52:19,410 - INFO - TRANSFORM PHASE - Silver Layer
2026-03-07 18:52:19,411 - INFO - ============================================================
2026-03-07 18:52:36,061 - ERROR - ETL Pipeline failed after 0:03:28.683827: ("Could not convert '' with type str: tried to convert to double", 'Conversion failed for column YEAR with type object')
Traceback (most recent call last):
  File "D:\NextGen-Data-Architects-Project\backend\etl_pipeline.py", line 2075, in run
    silver_data = self.transform(bronze_data)
  File "D:\NextGen-Data-Architects-Project\backend\etl_pipeline.py", line 1135, in transform
    students_silver.to_parquet(self.silver_path / f"silver_students_{timestamp}.parquet", index=False)
  File "D:\final year project\backend\.venv\lib\site-packages\pandas\core\frame.py", line 2889, in to_parquet
    return to_parquet(
  File "D:\final year project\backend\.venv\lib\site-packages\pandas\io\parquet.py", line 411, in to_parquet
    impl.write(
  File "D:\final year project\backend\.venv\lib\site-packages\pandas\io\parquet.py", line 159, in write
    table = self.api.Table.from_pandas(df, **from_pandas_kwargs)
  File "pyarrow\table.pxi", line 3762, in pyarrow.lib.Table.from_pandas
  File "D:\final year project\backend\.venv\lib\site-packages\pyarrow\pandas_compat.py", line 624, in dataframe_to_arrays
    arrays[i] = maybe_fut.result()
  File "C:\Users\CEN\AppData\Local\Programs\Python\Python38\lib\concurrent\futures\_base.py", line 432, in result
    return self.__get_result()
  File "C:\Users\CEN\AppData\Local\Programs\Python\Python38\lib\concurrent\futures\_base.py", line 388, in __get_result
    raise self._exception
  File "C:\Users\CEN\AppData\Local\Programs\Python\Python38\lib\concurrent\futures\thread.py", line 57, in run
    result = self.fn(*self.args, **self.kwargs)
  File "D:\final year project\backend\.venv\lib\site-packages\pyarrow\pandas_compat.py", line 598, in convert_column
    raise e
  File "D:\final year project\backend\.venv\lib\site-packages\pyarrow\pandas_compat.py", line 592, in convert_column
    result = pa.array(col, type=type_, from_pandas=True, safe=safe)
  File "pyarrow\array.pxi", line 323, in pyarrow.lib.array
  File "pyarrow\array.pxi", line 83, in pyarrow.lib._ndarray_to_array
  File "pyarrow\error.pxi", line 100, in pyarrow.lib.check_status
pyarrow.lib.ArrowInvalid: ("Could not convert '' with type str: tried to convert to double", 'Conversion failed for column YEAR with type object')
