2026-03-08 08:05:53,325 - INFO - ETL Pipeline initialized. Log file: D:\NextGen-Data-Architects-Project\backend\logs\etl_pipeline_20260308_080553.log
2026-03-08 08:05:53,327 - INFO - ============================================================
2026-03-08 08:05:53,327 - INFO - ETL PIPELINE STARTED
2026-03-08 08:05:53,327 - INFO - Start time: 2026-03-08 08:05:53
2026-03-08 08:05:53,332 - INFO - ============================================================
2026-03-08 08:05:53,632 - INFO - [RBAC seed] Seeding table app_users with 14 rows from snapshot
2026-03-08 08:05:53,879 - INFO - [RBAC seed] Seeding table user_profiles with 3 rows from snapshot
2026-03-08 08:05:53,953 - INFO - [RBAC seed] Seeding table user_state with 2 rows from snapshot
2026-03-08 08:05:56,505 - INFO - [RBAC seed] Seeded audit_logs with 1490 rows
2026-03-08 08:05:56,505 - INFO - [RBAC seed] User system seeded successfully from snapshot.
2026-03-08 08:05:56,527 - INFO - [RBAC seed] Restored profile photos from D:\NextGen-Data-Architects-Project\backend\etl_seeds\profile_photos to D:\NextGen-Data-Architects-Project\backend\data\profile_photos
2026-03-08 08:05:56,532 - INFO - [RBAC seed] Restored admin_settings.json to D:\NextGen-Data-Architects-Project\backend\data\admin_settings.json
2026-03-08 08:05:56,837 - INFO - [RBAC seed] Restored ETL run logs from D:\NextGen-Data-Architects-Project\backend\etl_seeds\etl_runs to D:\NextGen-Data-Architects-Project\backend\logs
2026-03-08 08:05:56,838 - INFO - ============================================================
2026-03-08 08:05:56,838 - INFO - EXTRACT PHASE - Bronze Layer
2026-03-08 08:05:56,838 - INFO - ============================================================
2026-03-08 08:05:56,838 - INFO - Using SYNTHETIC data source: D:\NextGen-Data-Architects-Project\backend\data\Synthetic_Data
2026-03-08 08:05:56,849 - INFO - Synthetic data root: D:\NextGen-Data-Architects-Project\backend\data\Synthetic_Data
2026-03-08 08:05:56,853 - INFO -   -> Found 26 CSV/XLSX files in Synthetic_Data
2026-03-08 08:05:56,945 - INFO -   -> Faculties: 11, Departments: 18, Programs: 91
2026-03-08 08:06:21,168 - INFO -   -> Combined student lists: 9937 unique (by RegNo)
2026-03-08 08:06:21,739 - INFO -   -> Students: 9937 (columns: 41)
2026-03-08 08:06:23,103 - INFO -   -> Courses: 6006 (columns: 10)
2026-03-08 08:06:26,441 - INFO -   -> Grades: 348350 (columns: 27)
2026-03-08 08:06:28,004 - INFO -   -> Payments: 187402 (columns: 27)
2026-03-08 08:06:39,035 - INFO -   -> Attendance: 3204919 (columns: 9)
2026-03-08 08:06:39,182 - INFO -   -> Employees (synthetic): 253
2026-03-08 08:06:39,214 - INFO -   -> High schools: 73 (columns: 4)
2026-03-08 08:06:39,431 - INFO -   -> Student–high school: 20000
2026-03-08 08:06:39,493 - INFO -   -> Enrollments (from high schools): 9999
2026-03-08 08:06:39,982 - INFO -   -> Transcript: 53457
2026-03-08 08:06:40,235 - INFO -   -> Academic performance: 53457
2026-03-08 08:06:40,362 - INFO -   -> Sponsorships: 10944
2026-03-08 08:08:23,382 - INFO -   -> Progression: 351587
2026-03-08 08:08:37,452 - INFO -   -> Grades summary sheets: 63457
2026-03-08 08:08:38,438 - INFO -   -> Dim date: 1826
2026-03-08 08:08:55,414 - INFO - Bronze (synthetic) extraction complete.
2026-03-08 08:08:56,492 - INFO - ============================================================
2026-03-08 08:08:56,492 - INFO - TRANSFORM PHASE - Silver Layer
2026-03-08 08:08:56,492 - INFO - ============================================================
2026-03-08 08:09:51,308 - INFO - Silver layer files saved to: D:\NextGen-Data-Architects-Project\backend\data\silver
2026-03-08 08:09:51,308 - INFO -   → Students: 9937
2026-03-08 08:09:51,308 - INFO -   → Courses: 6006
2026-03-08 08:09:51,308 - INFO -   → Enrollments: 9999
2026-03-08 08:09:51,308 - INFO -   → Attendance: 3204919
2026-03-08 08:09:51,311 - INFO -   → Payments: 187402
2026-03-08 08:09:51,311 - INFO -   → Grades: 348350
2026-03-08 08:09:51,311 - INFO -   → Transcript: 53457
2026-03-08 08:09:51,311 - INFO -   → Academic performance: 53457
2026-03-08 08:09:51,311 - INFO -   → Sponsorships: 10944
2026-03-08 08:09:51,311 - INFO -   → Progression: 351587
2026-03-08 08:09:51,311 - INFO -   → Student–high school: 20000
2026-03-08 08:09:51,311 - INFO -   → High schools: 73
2026-03-08 08:09:51,311 - INFO - Silver layer transformation complete!
2026-03-08 08:09:51,325 - INFO - ============================================================
2026-03-08 08:09:51,325 - INFO - LOAD PHASE - Gold Layer (Data Warehouse)
2026-03-08 08:09:51,325 - INFO - ============================================================
2026-03-08 08:09:51,325 - INFO - Creating data warehouse database: UCU_DataWarehouse
2026-03-08 08:09:51,402 - INFO - Data warehouse database UCU_DataWarehouse already exists
2026-03-08 08:09:51,408 - INFO - Creating dimension tables...
2026-03-08 08:09:54,764 - INFO -   → Loaded 2793 courses into dim_course (from catalog)
2026-03-08 08:09:55,195 - INFO -   → Loaded 2793 courses into dim_course (from silver)
2026-03-08 08:10:45,861 - INFO -   → Loaded 9937 students into dim_student (52 columns)
2026-03-08 08:10:45,893 - INFO -   → Loaded 3 semesters into dim_semester
2026-03-08 08:10:46,053 - INFO -   → Loaded 14 app users into dim_app_user
2026-03-08 08:10:46,122 - INFO -   -> Loaded 11 faculties into dim_faculty
2026-03-08 08:10:46,173 - INFO -   -> Loaded 18 departments into dim_department
2026-03-08 08:10:46,232 - INFO -   -> Loaded 91 programs into dim_program
2026-03-08 08:10:46,358 - INFO -   -> Loaded 253 employees (staff/lecturers) into dim_employee
2026-03-08 08:10:46,464 - INFO -   -> Loaded 73 high schools into dim_high_school (all columns)
2026-03-08 08:10:46,939 - INFO - Populating time dimension...
