2026-03-12 19:45:58 - INFO - ETL Pipeline initialized. Log file: /app/logs/etl_pipeline_20260312_194558.log
2026-03-12 19:45:58 - INFO - ============================================================
2026-03-12 19:45:58 - INFO - ETL PIPELINE STARTED
2026-03-12 19:45:58 - INFO - Start time: 2026-03-12 19:45:58
2026-03-12 19:45:58 - INFO - ============================================================
2026-03-12 19:45:59 - INFO - [RBAC seed] Seeding table app_users with 13 rows from snapshot
2026-03-12 19:46:00 - INFO - [RBAC seed] Seeding table user_profiles with 1 rows from snapshot
2026-03-12 19:46:00 - INFO - [RBAC seed] Seeding table user_state with 0 rows from snapshot
2026-03-12 19:46:01 - INFO - [RBAC seed] Seeded audit_logs with 46 rows
2026-03-12 19:46:01 - INFO - [RBAC seed] User system seeded successfully from snapshot.
2026-03-12 19:46:02 - INFO - [RBAC seed] Restored profile photos from /app/etl_seeds/profile_photos to /app/data/profile_photos
2026-03-12 19:46:02 - INFO - [RBAC seed] Restored admin_settings.json to /app/data/admin_settings.json
2026-03-12 19:46:33 - INFO - [RBAC seed] Restored ETL run logs from /app/etl_seeds/etl_runs to /app/logs
2026-03-12 19:46:33 - INFO - ============================================================
2026-03-12 19:46:33 - INFO - EXTRACT PHASE - Bronze Layer
2026-03-12 19:46:33 - INFO - ============================================================
2026-03-12 19:46:33 - INFO - Using SYNTHETIC data source: /app/data/Synthetic_Data
2026-03-12 19:46:33 - INFO - Synthetic data root: /app/data/Synthetic_Data
2026-03-12 19:46:33 - INFO -   -> Found 35 CSV/XLSX files in Synthetic_Data
2026-03-12 19:46:33 - INFO -   -> Loaded dimension hierarchy from faculties_departments.csv
2026-03-12 19:46:33 - INFO -   -> Faculties: 11, Departments: 18, Programs: 91
2026-03-12 19:46:57 - INFO -   -> Combined student lists: 10000 unique (by RegNo)
2026-03-12 19:46:58 - INFO -   -> Students: 10000 (columns: 39)
2026-03-12 19:46:58 - INFO -   -> Courses: 3035 (columns: 13)
2026-03-12 19:47:03 - INFO -   -> Grades: 234978 (columns: 27)
2026-03-12 19:47:04 - INFO -   -> Enrollments (from enrollment_list15/16): 10000
2026-03-12 19:47:07 - INFO -   -> Payments: 130871 (columns: 27)
2026-03-12 19:48:12 - INFO -   -> Attendance: 3117871 (columns: 9)
2026-03-12 19:48:12 - INFO -   -> Employees (synthetic): 253
2026-03-12 19:48:12 - INFO -   -> High schools: 73 (columns: 4)
2026-03-12 19:48:13 - INFO -   -> Student–high school: 20000
2026-03-12 19:48:14 - INFO -   -> Transcript: 36233
2026-03-12 19:48:15 - INFO -   -> Academic performance: 36233
2026-03-12 19:48:16 - INFO -   -> Sponsorships: 41866
2026-03-12 19:49:03 - INFO -   -> Progression: 469956
2026-03-12 19:49:03 - INFO -   -> Grades summary sheets: 0
2026-03-12 19:49:04 - INFO -   -> Dim date: 1826
2026-03-12 19:49:39 - INFO - Bronze (synthetic) extraction complete.
2026-03-12 19:49:39 - INFO - ============================================================
2026-03-12 19:49:39 - INFO - TRANSFORM PHASE - Silver Layer
2026-03-12 19:49:39 - INFO - ============================================================
2026-03-12 19:49:40 - ERROR - ETL Pipeline failed after 0:03:41.666625: Length of values (1) does not match length of index (10000)
Traceback (most recent call last):
  File "/app/etl_pipeline.py", line 2617, in run
    silver_data = self.transform(bronze_data)
                  ^^^^^^^^^^^^^^^^^^^^^^^^^^^
  File "/app/etl_pipeline.py", line 1100, in transform
    students_silver['high_school'] = fetched_hs.combine_first(students_silver.get('HighSchool', pd.Series([''], index=students_silver.index)).astype(str))
                                                                                                ^^^^^^^^^^^^^^^^^^^^^^^^^^^^^^^^^^^^^^^^^^^^
  File "/usr/local/lib/python3.11/site-packages/pandas/core/series.py", line 503, in __init__
    com.require_length_match(data, index)
  File "/usr/local/lib/python3.11/site-packages/pandas/core/common.py", line 601, in require_length_match
    raise ValueError(
ValueError: Length of values (1) does not match length of index (10000)
