2026-03-11 20:09:26,532 - INFO - ETL Pipeline initialized. Log file: /app/logs/etl_pipeline_20260311_200926.log
2026-03-11 20:09:40,477 - INFO - [RBAC seed] Seeding table app_users with 0 rows from snapshot
2026-03-11 20:09:40,576 - INFO - [RBAC seed] Seeding table user_profiles with 0 rows from snapshot
2026-03-11 20:09:40,587 - INFO - [RBAC seed] Seeding table user_state with 0 rows from snapshot
2026-03-11 20:09:56,188 - INFO - [RBAC seed] Seeded audit_logs with 1501 rows
2026-03-11 20:09:56,291 - INFO - [RBAC seed] User system seeded successfully from snapshot.
2026-03-11 20:10:19,118 - INFO - [RBAC seed] Restored profile photos from /app/etl_seeds/profile_photos to /app/data/profile_photos
2026-03-11 20:10:22,371 - INFO - [RBAC seed] Restored admin_settings.json to /app/data/admin_settings.json
2026-03-11 20:20:52,678 - INFO - [RBAC seed] Restored ETL run logs from /app/etl_seeds/etl_runs to /app/logs
2026-03-11 20:21:02,075 - INFO - ============================================================
2026-03-11 20:21:02,222 - INFO - EXTRACT PHASE - Bronze Layer
2026-03-11 20:21:02,291 - INFO - ============================================================
2026-03-11 20:21:02,457 - INFO - Using SYNTHETIC data source: /app/data/Synthetic_Data
2026-03-11 20:21:05,931 - INFO - Synthetic data root: /app/data/Synthetic_Data
2026-03-11 20:21:07,671 - INFO -   -> Found 35 CSV/XLSX files in Synthetic_Data
2026-03-11 20:21:31,188 - INFO -   -> Loaded dimension hierarchy from faculties_departments.csv
2026-03-11 20:21:31,302 - INFO -   -> Faculties: 11, Departments: 18, Programs: 91
2026-03-11 20:36:46,486 - INFO -   -> Combined student lists: 10000 unique (by RegNo)
2026-03-11 20:36:48,522 - INFO -   -> Students: 10000 (columns: 39)
2026-03-11 20:36:49,408 - INFO -   -> Courses: 3035 (columns: 13)
2026-03-11 20:37:12,575 - INFO -   -> Grades: 234978 (columns: 27)
2026-03-11 20:37:15,144 - INFO -   -> Enrollments (from enrollment_list15/16): 10000
2026-03-11 20:41:32,287 - INFO -   -> Payments: 130871 (columns: 27)
