2026-02-28 17:06:43,075 - INFO - ETL Pipeline initialized. Log file: D:\NextGen-Data-Architects-Project\backend\logs\etl_pipeline_20260228_170643.log
2026-02-28 17:06:43,075 - INFO - ============================================================
2026-02-28 17:06:43,075 - INFO - ETL PIPELINE STARTED
2026-02-28 17:06:43,075 - INFO - Start time: 2026-02-28 17:06:43
2026-02-28 17:06:43,075 - INFO - ============================================================
2026-02-28 17:06:43,206 - INFO - [RBAC seed] Seeding table app_users with 8 rows from snapshot
2026-02-28 17:06:43,324 - INFO - [RBAC seed] Seeding table user_profiles with 2 rows from snapshot
2026-02-28 17:06:43,340 - INFO - [RBAC seed] Seeding table user_state with 1 rows from snapshot
2026-02-28 17:06:43,371 - INFO - [RBAC seed] User system seeded successfully from snapshot.
2026-02-28 17:06:43,391 - INFO - [RBAC seed] Restored profile photos from D:\NextGen-Data-Architects-Project\backend\etl_seeds\profile_photos to D:\NextGen-Data-Architects-Project\backend\data\profile_photos
2026-02-28 17:06:43,391 - INFO - ============================================================
2026-02-28 17:06:43,391 - INFO - EXTRACT PHASE - Bronze Layer
2026-02-28 17:06:43,391 - INFO - ============================================================
2026-02-28 17:06:43,391 - INFO - Extracting from Source Database 1 (ACADEMICS)...
2026-02-28 17:06:43,457 - INFO -   → Extracted 1000 students
2026-02-28 17:06:43,496 - INFO -   → Extracted 488 courses
2026-02-28 17:06:43,531 - INFO -   → Extracted 1000 enrollments
2026-02-28 17:06:43,574 - INFO -   → Extracted 1000 attendance records
2026-02-28 17:06:43,630 - INFO -   → Extracted 1000 grades
2026-02-28 17:06:43,731 - INFO -   → Extracted 1000 student fees
2026-02-28 17:06:43,738 - INFO -   → Extracted 11 faculties
2026-02-28 17:06:43,744 - INFO -   → Extracted 18 departments
2026-02-28 17:06:43,753 - INFO -   → Extracted 91 programs
2026-02-28 17:06:43,754 - INFO - Extracting from Source Database 2 (ADMINISTRATION)...
2026-02-28 17:06:43,791 - INFO -   → Extracted 1000 employees
2026-02-28 17:06:43,836 - INFO -   → Extracted 1000 payroll records
2026-02-28 17:06:44,141 - INFO - Bronze layer files saved to: D:\NextGen-Data-Architects-Project\backend\data\bronze
2026-02-28 17:06:44,141 - INFO - Bronze layer extraction complete!
2026-02-28 17:06:44,141 - INFO - ============================================================
2026-02-28 17:06:44,141 - INFO - TRANSFORM PHASE - Silver Layer
2026-02-28 17:06:44,141 - INFO - ============================================================
2026-02-28 17:06:44,342 - INFO - Silver layer files saved to: D:\NextGen-Data-Architects-Project\backend\data\silver
2026-02-28 17:06:44,342 - INFO -   → Students: 1000
2026-02-28 17:06:44,342 - INFO -   → Courses: 488
2026-02-28 17:06:44,342 - INFO -   → Enrollments: 1000
2026-02-28 17:06:44,342 - INFO -   → Attendance: 1000
2026-02-28 17:06:44,342 - INFO -   → Payments: 1000
2026-02-28 17:06:44,342 - INFO -   → Grades: 1000
2026-02-28 17:06:44,342 - INFO - Silver layer transformation complete!
2026-02-28 17:06:44,350 - INFO - ============================================================
2026-02-28 17:06:44,350 - INFO - LOAD PHASE - Gold Layer (Data Warehouse)
2026-02-28 17:06:44,350 - INFO - ============================================================
2026-02-28 17:06:44,350 - INFO - Creating data warehouse database: UCU_DataWarehouse
2026-02-28 17:06:44,387 - INFO - Data warehouse database UCU_DataWarehouse already exists
2026-02-28 17:06:44,389 - INFO - Creating dimension tables...
2026-02-28 17:06:45,942 - INFO -   → Loaded 997 students into dim_student
2026-02-28 17:06:45,994 - INFO -   → Loaded 437 courses into dim_course
2026-02-28 17:06:46,007 - INFO -   → Loaded 3 semesters into dim_semester
2026-02-28 17:06:46,103 - INFO -   → Loaded 8 app users into dim_app_user
2026-02-28 17:06:46,127 - INFO -   -> Loaded 11 faculties into dim_faculty
2026-02-28 17:06:46,142 - INFO -   -> Loaded 18 departments into dim_department
2026-02-28 17:06:46,168 - INFO -   -> Loaded 91 programs into dim_program
2026-02-28 17:06:46,299 - INFO -   -> Loaded 1000 employees (staff/lecturers) into dim_employee
2026-02-28 17:06:46,299 - INFO - Populating time dimension...
2026-02-28 17:06:47,543 - INFO -   → Loaded 1826 time dimension records
2026-02-28 17:06:48,368 - INFO -   → Loaded 1000 enrollments into fact_enrollment
2026-02-28 17:06:49,104 - INFO -   → Loaded 998 attendance records into fact_attendance
2026-02-28 17:06:51,267 - INFO -   → Loaded 1000 payments into fact_payment
2026-02-28 17:06:52,058 - INFO -   → Loaded 1000 grades into fact_grade
2026-02-28 17:06:52,058 - INFO - ============================================================
2026-02-28 17:06:52,058 - INFO - ETL PIPELINE COMPLETED SUCCESSFULLY
2026-02-28 17:06:52,058 - INFO - Log file saved to: D:\NextGen-Data-Architects-Project\backend\logs\etl_pipeline_20260228_170643.log
2026-02-28 17:06:52,058 - INFO - ============================================================
2026-02-28 17:06:52,058 - INFO - ETL Pipeline completed successfully in 0:00:08.982685
