2026-03-11 21:31:55,192 - INFO - ETL Pipeline initialized. Log file: /app/logs/etl_pipeline_20260311_213155.log
2026-03-11 21:31:55,194 - INFO - ============================================================
2026-03-11 21:31:55,196 - INFO - ETL PIPELINE STARTED
2026-03-11 21:31:55,198 - INFO - Start time: 2026-03-11 21:31:55
2026-03-11 21:31:55,200 - INFO - ============================================================
2026-03-11 21:31:55,809 - INFO - [RBAC seed] Seeding table app_users with 1 rows from snapshot
2026-03-11 21:31:56,101 - INFO - [RBAC seed] Seeding table user_profiles with 0 rows from snapshot
2026-03-11 21:31:56,110 - INFO - [RBAC seed] Seeding table user_state with 0 rows from snapshot
2026-03-11 21:31:56,256 - INFO - [RBAC seed] Seeded audit_logs with 5 rows
2026-03-11 21:31:56,272 - INFO - [RBAC seed] User system seeded successfully from snapshot.
2026-03-11 21:31:56,774 - INFO - [RBAC seed] Restored profile photos from /app/etl_seeds/profile_photos to /app/data/profile_photos
2026-03-11 21:31:56,943 - INFO - [RBAC seed] Restored admin_settings.json to /app/data/admin_settings.json
2026-03-11 21:32:11,149 - INFO - [RBAC seed] Restored ETL run logs from /app/etl_seeds/etl_runs to /app/logs
2026-03-11 21:32:11,150 - INFO - ============================================================
2026-03-11 21:32:11,151 - INFO - EXTRACT PHASE - Bronze Layer
2026-03-11 21:32:11,153 - INFO - ============================================================
2026-03-11 21:32:11,158 - INFO - Using SYNTHETIC data source: /app/data/Synthetic_Data
2026-03-11 21:32:11,178 - INFO - Synthetic data root: /app/data/Synthetic_Data
2026-03-11 21:32:11,198 - INFO -   -> Found 35 CSV/XLSX files in Synthetic_Data
2026-03-11 21:32:11,257 - INFO -   -> Loaded dimension hierarchy from faculties_departments.csv
2026-03-11 21:32:11,258 - INFO -   -> Faculties: 11, Departments: 18, Programs: 91
2026-03-11 21:33:00,531 - INFO -   -> Combined student lists: 10000 unique (by RegNo)
2026-03-11 21:33:01,568 - INFO -   -> Students: 10000 (columns: 39)
2026-03-11 21:33:02,015 - INFO -   -> Courses: 3035 (columns: 13)
2026-03-11 21:33:18,590 - INFO -   -> Grades: 234978 (columns: 27)
2026-03-11 21:33:19,980 - INFO -   -> Enrollments (from enrollment_list15/16): 10000
2026-03-11 21:33:26,290 - INFO -   -> Payments: 130871 (columns: 27)
