2026-03-07 19:19:30,992 - INFO - ETL Pipeline initialized. Log file: D:\NextGen-Data-Architects-Project\backend\logs\etl_pipeline_20260307_191930.log
2026-03-07 19:19:30,992 - INFO - ============================================================
2026-03-07 19:19:30,995 - INFO - ETL PIPELINE STARTED
2026-03-07 19:19:30,995 - INFO - Start time: 2026-03-07 19:19:30
2026-03-07 19:19:30,995 - INFO - ============================================================
2026-03-07 19:19:31,148 - INFO - [RBAC seed] Seeding table app_users with 14 rows from snapshot
2026-03-07 19:19:31,275 - INFO - [RBAC seed] Seeding table user_profiles with 3 rows from snapshot
2026-03-07 19:19:31,308 - INFO - [RBAC seed] Seeding table user_state with 2 rows from snapshot
2026-03-07 19:19:32,764 - INFO - [RBAC seed] Seeded audit_logs with 1465 rows
2026-03-07 19:19:32,764 - INFO - [RBAC seed] User system seeded successfully from snapshot.
2026-03-07 19:19:32,810 - INFO - [RBAC seed] Restored profile photos from D:\NextGen-Data-Architects-Project\backend\etl_seeds\profile_photos to D:\NextGen-Data-Architects-Project\backend\data\profile_photos
2026-03-07 19:19:32,810 - INFO - [RBAC seed] Restored admin_settings.json to D:\NextGen-Data-Architects-Project\backend\data\admin_settings.json
2026-03-07 19:19:33,222 - INFO - [RBAC seed] Restored ETL run logs from D:\NextGen-Data-Architects-Project\backend\etl_seeds\etl_runs to D:\NextGen-Data-Architects-Project\backend\logs
2026-03-07 19:19:33,224 - INFO - ============================================================
2026-03-07 19:19:33,224 - INFO - EXTRACT PHASE - Bronze Layer
2026-03-07 19:19:33,224 - INFO - ============================================================
2026-03-07 19:19:33,227 - INFO - Using SYNTHETIC data source: D:\NextGen-Data-Architects-Project\backend\data\Synthetic_Data
2026-03-07 19:19:33,229 - INFO - Synthetic data root: D:\NextGen-Data-Architects-Project\backend\data\Synthetic_Data
2026-03-07 19:19:33,234 - INFO -   -> Found 26 CSV/XLSX files in Synthetic_Data
2026-03-07 19:19:33,285 - INFO -   -> Faculties: 11, Departments: 18, Programs: 91
2026-03-07 19:19:45,294 - INFO -   -> Combined student lists: 9937 unique (by RegNo)
2026-03-07 19:19:45,606 - INFO -   -> Students: 9937 (columns: 41)
2026-03-07 19:19:46,739 - INFO -   -> Courses: 6006 (columns: 10)
2026-03-07 19:19:50,325 - INFO -   -> Grades: 348350 (columns: 27)
2026-03-07 19:19:55,013 - INFO -   -> Payments: 187402 (columns: 27)
2026-03-07 19:20:11,831 - INFO -   -> Attendance: 3204919 (columns: 9)
2026-03-07 19:20:11,935 - INFO -   -> Employees (synthetic): 253
2026-03-07 19:20:11,959 - INFO -   -> High schools: 73 (columns: 4)
2026-03-07 19:20:12,182 - INFO -   -> Student–high school: 20000
2026-03-07 19:20:12,854 - INFO -   -> Transcript: 53457
2026-03-07 19:20:13,294 - INFO -   -> Academic performance: 53457
2026-03-07 19:20:13,405 - INFO -   -> Sponsorships: 10944
2026-03-07 19:21:47,926 - INFO -   -> Progression: 351587
2026-03-07 19:22:05,678 - INFO -   -> Grades summary sheets: 63457
2026-03-07 19:22:07,751 - INFO -   -> Dim date: 1826
2026-03-07 19:22:24,511 - INFO - Bronze (synthetic) extraction complete.
2026-03-07 19:22:26,707 - INFO - ============================================================
2026-03-07 19:22:26,708 - INFO - TRANSFORM PHASE - Silver Layer
2026-03-07 19:22:26,708 - INFO - ============================================================
2026-03-07 19:22:45,397 - ERROR - ETL Pipeline failed after 0:03:14.403913: ("Could not convert '' with type str: tried to convert to double", 'Conversion failed for column YEAR with type object')
Traceback (most recent call last):
  File "D:\NextGen-Data-Architects-Project\backend\etl_pipeline.py", line 2131, in run
    silver_data = self.transform(bronze_data)
  File "D:\NextGen-Data-Architects-Project\backend\etl_pipeline.py", line 1146, in transform
    students_silver.to_parquet(self.silver_path / f"silver_students_{timestamp}.parquet", index=False)
  File "D:\final year project\backend\.venv\lib\site-packages\pandas\core\frame.py", line 2889, in to_parquet
    return to_parquet(
  File "D:\final year project\backend\.venv\lib\site-packages\pandas\io\parquet.py", line 411, in to_parquet
    impl.write(
  File "D:\final year project\backend\.venv\lib\site-packages\pandas\io\parquet.py", line 159, in write
    table = self.api.Table.from_pandas(df, **from_pandas_kwargs)
  File "pyarrow\table.pxi", line 3762, in pyarrow.lib.Table.from_pandas
  File "D:\final year project\backend\.venv\lib\site-packages\pyarrow\pandas_compat.py", line 624, in dataframe_to_arrays
    arrays[i] = maybe_fut.result()
  File "C:\Users\CEN\AppData\Local\Programs\Python\Python38\lib\concurrent\futures\_base.py", line 432, in result
    return self.__get_result()
  File "C:\Users\CEN\AppData\Local\Programs\Python\Python38\lib\concurrent\futures\_base.py", line 388, in __get_result
    raise self._exception
  File "C:\Users\CEN\AppData\Local\Programs\Python\Python38\lib\concurrent\futures\thread.py", line 57, in run
    result = self.fn(*self.args, **self.kwargs)
  File "D:\final year project\backend\.venv\lib\site-packages\pyarrow\pandas_compat.py", line 598, in convert_column
    raise e
  File "D:\final year project\backend\.venv\lib\site-packages\pyarrow\pandas_compat.py", line 592, in convert_column
    result = pa.array(col, type=type_, from_pandas=True, safe=safe)
  File "pyarrow\array.pxi", line 323, in pyarrow.lib.array
  File "pyarrow\array.pxi", line 83, in pyarrow.lib._ndarray_to_array
  File "pyarrow\error.pxi", line 100, in pyarrow.lib.check_status
pyarrow.lib.ArrowInvalid: ("Could not convert '' with type str: tried to convert to double", 'Conversion failed for column YEAR with type object')
