2026-03-11 23:05:04,936 - INFO - ETL Pipeline initialized. Log file: /app/logs/etl_pipeline_20260311_230504.log
2026-03-11 23:05:04,939 - INFO - ============================================================
2026-03-11 23:05:04,943 - INFO - ETL PIPELINE STARTED
2026-03-11 23:05:04,944 - INFO - Start time: 2026-03-11 23:05:04
2026-03-11 23:05:04,949 - INFO - ============================================================
2026-03-11 23:05:05,701 - INFO - [RBAC seed] Seeding table app_users with 1 rows from snapshot
2026-03-11 23:05:05,991 - INFO - [RBAC seed] Seeding table user_profiles with 0 rows from snapshot
2026-03-11 23:05:06,017 - INFO - [RBAC seed] Seeding table user_state with 0 rows from snapshot
2026-03-11 23:05:06,189 - INFO - [RBAC seed] Seeded audit_logs with 5 rows
2026-03-11 23:05:06,192 - INFO - [RBAC seed] User system seeded successfully from snapshot.
2026-03-11 23:05:06,644 - INFO - [RBAC seed] Restored profile photos from /app/etl_seeds/profile_photos to /app/data/profile_photos
2026-03-11 23:05:06,800 - INFO - [RBAC seed] Restored admin_settings.json to /app/data/admin_settings.json
2026-03-11 23:05:32,124 - INFO - [RBAC seed] Restored ETL run logs from /app/etl_seeds/etl_runs to /app/logs
2026-03-11 23:05:32,125 - INFO - ============================================================
2026-03-11 23:05:32,129 - INFO - EXTRACT PHASE - Bronze Layer
2026-03-11 23:05:32,133 - INFO - ============================================================
2026-03-11 23:05:32,138 - INFO - Using SYNTHETIC data source: /app/data/Synthetic_Data
2026-03-11 23:05:32,189 - INFO - Synthetic data root: /app/data/Synthetic_Data
2026-03-11 23:05:32,219 - INFO -   -> Found 35 CSV/XLSX files in Synthetic_Data
2026-03-11 23:05:32,430 - INFO -   -> Loaded dimension hierarchy from faculties_departments.csv
2026-03-11 23:05:32,434 - INFO -   -> Faculties: 11, Departments: 18, Programs: 91
2026-03-11 23:06:14,977 - INFO -   -> Combined student lists: 10000 unique (by RegNo)
2026-03-11 23:06:15,854 - INFO -   -> Students: 10000 (columns: 39)
2026-03-11 23:06:16,100 - INFO -   -> Courses: 3035 (columns: 13)
2026-03-11 23:06:22,290 - INFO -   -> Grades: 234978 (columns: 27)
2026-03-11 23:06:23,039 - INFO -   -> Enrollments (from enrollment_list15/16): 10000
2026-03-11 23:06:29,001 - INFO -   -> Payments: 130871 (columns: 27)
2026-03-11 23:13:51,937 - INFO -   -> Attendance: 3117871 (columns: 9)
2026-03-11 23:13:53,282 - INFO -   -> Employees (synthetic): 253
2026-03-11 23:13:55,804 - INFO -   -> High schools: 73 (columns: 4)
2026-03-11 23:13:59,257 - INFO -   -> Student–high school: 20000
2026-03-11 23:14:02,043 - INFO -   -> Transcript: 36233
2026-03-11 23:14:03,327 - INFO -   -> Academic performance: 36233
2026-03-11 23:14:05,699 - INFO -   -> Sponsorships: 41866
2026-03-11 23:15:15,789 - INFO -   -> Progression: 469956
2026-03-11 23:15:15,808 - INFO -   -> Grades summary sheets: 0
2026-03-11 23:15:16,241 - INFO -   -> Dim date: 1826
2026-03-11 23:16:26,509 - INFO - Bronze (synthetic) extraction complete.
2026-03-11 23:16:26,841 - INFO - ============================================================
2026-03-11 23:16:26,843 - INFO - TRANSFORM PHASE - Silver Layer
2026-03-11 23:16:26,844 - INFO - ============================================================
2026-03-11 23:19:37,244 - INFO - Silver layer files saved to: /app/data/silver
2026-03-11 23:19:37,263 - INFO -   → Students: 10000
2026-03-11 23:19:37,265 - INFO -   → Courses: 3035
2026-03-11 23:19:37,276 - INFO -   → Enrollments: 10000
2026-03-11 23:19:37,277 - INFO -   → Attendance: 3117871
2026-03-11 23:19:37,279 - INFO -   → Payments: 130871
2026-03-11 23:19:37,280 - INFO -   → Grades: 234978
2026-03-11 23:19:37,281 - INFO -   → Transcript: 36233
2026-03-11 23:19:37,283 - INFO -   → Academic performance: 36233
2026-03-11 23:19:37,284 - INFO -   → Sponsorships: 41866
2026-03-11 23:19:37,289 - INFO -   → Progression: 469956
2026-03-11 23:19:37,290 - INFO -   → Student–high school: 20000
2026-03-11 23:19:37,293 - INFO -   → High schools: 73
2026-03-11 23:19:37,297 - INFO - Silver layer transformation complete!
2026-03-11 23:19:37,399 - INFO - ============================================================
2026-03-11 23:19:37,400 - INFO - LOAD PHASE - Gold Layer (Data Warehouse)
2026-03-11 23:19:37,404 - INFO - ============================================================
2026-03-11 23:19:37,408 - INFO - Creating data warehouse database: ucu_datawarehouse
2026-03-11 23:19:37,674 - INFO - Data warehouse database ucu_datawarehouse ready
2026-03-11 23:19:37,793 - INFO - Creating dimension tables...
2026-03-11 23:19:42,186 - INFO -   → Loaded 1823 courses into dim_course (from catalog)
2026-03-11 23:19:43,665 - INFO -   → Loaded 1823 courses into dim_course (from silver)
