2026-03-11 16:19:41,495 - INFO - ETL Pipeline initialized. Log file: /app/logs/etl_pipeline_20260311_161941.log
2026-03-11 16:19:41,496 - INFO - ============================================================
2026-03-11 16:19:41,497 - INFO - ETL PIPELINE STARTED
2026-03-11 16:19:41,498 - INFO - Start time: 2026-03-11 16:19:41
2026-03-11 16:19:41,499 - INFO - ============================================================
2026-03-11 16:19:41,736 - INFO - [RBAC seed] Seeding table app_users with 14 rows from snapshot
2026-03-11 16:19:41,879 - INFO - [RBAC seed] Seeding table user_profiles with 3 rows from snapshot
2026-03-11 16:19:41,902 - INFO - [RBAC seed] Seeding table user_state with 2 rows from snapshot
2026-03-11 16:19:43,213 - INFO - [RBAC seed] Seeded audit_logs with 1501 rows
2026-03-11 16:19:43,216 - INFO - [RBAC seed] User system seeded successfully from snapshot.
2026-03-11 16:19:43,453 - INFO - [RBAC seed] Restored profile photos from /app/etl_seeds/profile_photos to /app/data/profile_photos
2026-03-11 16:19:43,499 - INFO - [RBAC seed] Restored admin_settings.json to /app/data/admin_settings.json
2026-03-11 16:19:50,663 - INFO - [RBAC seed] Restored ETL run logs from /app/etl_seeds/etl_runs to /app/logs
2026-03-11 16:19:50,664 - INFO - ============================================================
2026-03-11 16:19:50,666 - INFO - EXTRACT PHASE - Bronze Layer
2026-03-11 16:19:50,666 - INFO - ============================================================
2026-03-11 16:19:50,670 - INFO - Using SYNTHETIC data source: /app/data/Synthetic_Data
2026-03-11 16:19:50,683 - INFO - Synthetic data root: /app/data/Synthetic_Data
2026-03-11 16:19:50,698 - INFO -   -> Found 35 CSV/XLSX files in Synthetic_Data
2026-03-11 16:19:50,806 - INFO -   -> Loaded dimension hierarchy from faculties_departments.csv
2026-03-11 16:19:50,807 - INFO -   -> Faculties: 11, Departments: 18, Programs: 91
2026-03-11 16:20:07,198 - INFO -   -> Combined student lists: 10000 unique (by RegNo)
2026-03-11 16:20:07,473 - INFO -   -> Students: 10000 (columns: 39)
2026-03-11 16:20:07,531 - INFO -   -> Courses: 3035 (columns: 13)
2026-03-11 16:20:10,034 - INFO -   -> Grades: 234978 (columns: 27)
2026-03-11 16:20:10,218 - INFO -   -> Enrollments (from enrollment_list15/16): 10000
2026-03-11 16:20:11,879 - INFO -   -> Payments: 130871 (columns: 27)
2026-03-11 16:20:25,750 - INFO -   -> Attendance: 3117871 (columns: 9)
2026-03-11 16:20:25,910 - INFO -   -> Employees (synthetic): 253
2026-03-11 16:20:25,965 - INFO -   -> High schools: 73 (columns: 4)
2026-03-11 16:20:26,378 - INFO -   -> Student–high school: 20000
2026-03-11 16:20:26,859 - INFO -   -> Transcript: 36233
2026-03-11 16:20:27,176 - INFO -   -> Academic performance: 36233
2026-03-11 16:20:28,145 - INFO -   -> Sponsorships: 41866
2026-03-11 16:20:49,245 - INFO -   -> Progression: 469956
2026-03-11 16:20:49,250 - INFO -   -> Grades summary sheets: 0
2026-03-11 16:20:49,358 - INFO -   -> Dim date: 1826
2026-03-11 16:20:54,982 - INFO - Bronze (synthetic) extraction complete.
2026-03-11 16:20:54,998 - INFO - ============================================================
2026-03-11 16:20:54,999 - INFO - TRANSFORM PHASE - Silver Layer
2026-03-11 16:20:55,000 - INFO - ============================================================
2026-03-11 16:21:22,027 - INFO - Silver layer files saved to: /app/data/silver
2026-03-11 16:21:22,028 - INFO -   → Students: 10000
2026-03-11 16:21:22,029 - INFO -   → Courses: 3035
2026-03-11 16:21:22,029 - INFO -   → Enrollments: 10000
2026-03-11 16:21:22,031 - INFO -   → Attendance: 3117871
2026-03-11 16:21:22,032 - INFO -   → Payments: 130871
2026-03-11 16:21:22,035 - INFO -   → Grades: 234978
2026-03-11 16:21:22,036 - INFO -   → Transcript: 36233
2026-03-11 16:21:22,039 - INFO -   → Academic performance: 36233
2026-03-11 16:21:22,040 - INFO -   → Sponsorships: 41866
2026-03-11 16:21:22,042 - INFO -   → Progression: 469956
2026-03-11 16:21:22,043 - INFO -   → Student–high school: 20000
2026-03-11 16:21:22,045 - INFO -   → High schools: 73
2026-03-11 16:21:22,047 - INFO - Silver layer transformation complete!
2026-03-11 16:21:22,054 - INFO - ============================================================
2026-03-11 16:21:22,056 - INFO - LOAD PHASE - Gold Layer (Data Warehouse)
2026-03-11 16:21:22,057 - INFO - ============================================================
2026-03-11 16:21:22,058 - INFO - Creating data warehouse database: ucu_datawarehouse
2026-03-11 16:21:22,247 - INFO - Data warehouse database ucu_datawarehouse ready
2026-03-11 16:21:22,276 - INFO - Creating dimension tables...
2026-03-11 16:21:23,243 - INFO -   → Loaded 1823 courses into dim_course (from catalog)
2026-03-11 16:21:23,795 - INFO -   → Loaded 1823 courses into dim_course (from silver)
2026-03-11 16:21:49,776 - INFO -   → Loaded 10000 students into dim_student (50 columns)
2026-03-11 16:21:49,792 - INFO -   → Loaded 3 semesters into dim_semester
2026-03-11 16:21:49,929 - INFO -   → Loaded 14 app users into dim_app_user
2026-03-11 16:21:49,949 - INFO -   -> Loaded 11 faculties into dim_faculty
2026-03-11 16:21:49,973 - INFO -   -> Loaded 18 departments into dim_department
2026-03-11 16:21:50,006 - INFO -   -> Loaded 91 programs into dim_program
2026-03-11 16:21:50,055 - INFO -   -> Loaded 253 employees (staff/lecturers) into dim_employee
2026-03-11 16:21:50,085 - INFO -   -> Loaded 73 high schools into dim_high_school (all columns)
2026-03-11 16:21:50,159 - INFO - Populating time dimension...
2026-03-11 16:21:50,560 - INFO -   → Loaded 1826 time dimension records
2026-03-11 16:21:51,095 - INFO -   → fact_enrollment incremental: 10000 new rows (skipped 0 existing)
2026-03-11 16:21:53,083 - INFO -   → Loaded 10000 enrollments into fact_enrollment
2026-03-11 16:22:35,530 - INFO -   -> Attendance: 3117871 rows pre-filter, 3117871 new rows after incremental watermark (max_id=0)
