2026-02-28 17:09:48,473 - INFO - ETL Pipeline initialized. Log file: D:\NextGen-Data-Architects-Project\backend\logs\etl_pipeline_20260228_170948.log
2026-02-28 17:09:48,473 - INFO - ============================================================
2026-02-28 17:09:48,473 - INFO - ETL PIPELINE STARTED
2026-02-28 17:09:48,473 - INFO - Start time: 2026-02-28 17:09:48
2026-02-28 17:09:48,473 - INFO - ============================================================
2026-02-28 17:09:48,609 - INFO - [RBAC seed] Seeding table app_users with 9 rows from snapshot
2026-02-28 17:09:48,655 - INFO - [RBAC seed] Seeding table user_profiles with 2 rows from snapshot
2026-02-28 17:09:48,673 - INFO - [RBAC seed] Seeding table user_state with 1 rows from snapshot
2026-02-28 17:09:48,689 - INFO - [RBAC seed] User system seeded successfully from snapshot.
2026-02-28 17:09:48,743 - INFO - [RBAC seed] Restored profile photos from D:\NextGen-Data-Architects-Project\backend\etl_seeds\profile_photos to D:\NextGen-Data-Architects-Project\backend\data\profile_photos
2026-02-28 17:09:48,743 - INFO - ============================================================
2026-02-28 17:09:48,743 - INFO - EXTRACT PHASE - Bronze Layer
2026-02-28 17:09:48,743 - INFO - ============================================================
2026-02-28 17:09:48,743 - INFO - Extracting from Source Database 1 (ACADEMICS)...
2026-02-28 17:09:48,822 - INFO -   → Extracted 1000 students
2026-02-28 17:09:48,867 - INFO -   → Extracted 488 courses
2026-02-28 17:09:48,963 - INFO -   → Extracted 1000 enrollments
2026-02-28 17:09:49,059 - INFO -   → Extracted 1000 attendance records
2026-02-28 17:09:49,137 - INFO -   → Extracted 1000 grades
2026-02-28 17:09:49,472 - INFO -   → Extracted 1000 student fees
2026-02-28 17:09:49,484 - INFO -   → Extracted 11 faculties
2026-02-28 17:09:49,495 - INFO -   → Extracted 18 departments
2026-02-28 17:09:49,519 - INFO -   → Extracted 91 programs
2026-02-28 17:09:49,521 - INFO - Extracting from Source Database 2 (ADMINISTRATION)...
2026-02-28 17:09:49,619 - INFO -   → Extracted 1000 employees
2026-02-28 17:09:49,679 - INFO -   → Extracted 1000 payroll records
2026-02-28 17:09:49,871 - INFO - Bronze layer files saved to: D:\NextGen-Data-Architects-Project\backend\data\bronze
2026-02-28 17:09:49,871 - INFO - Bronze layer extraction complete!
2026-02-28 17:09:49,871 - INFO - ============================================================
2026-02-28 17:09:49,871 - INFO - TRANSFORM PHASE - Silver Layer
2026-02-28 17:09:49,871 - INFO - ============================================================
2026-02-28 17:09:50,072 - INFO - Silver layer files saved to: D:\NextGen-Data-Architects-Project\backend\data\silver
2026-02-28 17:09:50,072 - INFO -   → Students: 1000
2026-02-28 17:09:50,072 - INFO -   → Courses: 488
2026-02-28 17:09:50,087 - INFO -   → Enrollments: 1000
2026-02-28 17:09:50,087 - INFO -   → Attendance: 1000
2026-02-28 17:09:50,087 - INFO -   → Payments: 1000
2026-02-28 17:09:50,088 - INFO -   → Grades: 1000
2026-02-28 17:09:50,088 - INFO - Silver layer transformation complete!
2026-02-28 17:09:50,090 - INFO - ============================================================
2026-02-28 17:09:50,090 - INFO - LOAD PHASE - Gold Layer (Data Warehouse)
2026-02-28 17:09:50,092 - INFO - ============================================================
2026-02-28 17:09:50,092 - INFO - Creating data warehouse database: UCU_DataWarehouse
2026-02-28 17:09:50,123 - INFO - Data warehouse database UCU_DataWarehouse already exists
2026-02-28 17:09:50,123 - INFO - Creating dimension tables...
2026-02-28 17:09:51,937 - INFO -   → Loaded 997 students into dim_student
2026-02-28 17:09:52,007 - INFO -   → Loaded 437 courses into dim_course
2026-02-28 17:09:52,031 - INFO -   → Loaded 3 semesters into dim_semester
2026-02-28 17:09:52,106 - INFO -   → Loaded 9 app users into dim_app_user
2026-02-28 17:09:52,156 - INFO -   -> Loaded 11 faculties into dim_faculty
2026-02-28 17:09:52,223 - INFO -   -> Loaded 18 departments into dim_department
2026-02-28 17:09:52,261 - INFO -   -> Loaded 91 programs into dim_program
2026-02-28 17:09:52,493 - INFO -   -> Loaded 1000 employees (staff/lecturers) into dim_employee
2026-02-28 17:09:52,493 - INFO - Populating time dimension...
2026-02-28 17:09:53,595 - INFO -   → Loaded 1826 time dimension records
2026-02-28 17:09:54,980 - INFO -   → Loaded 1000 enrollments into fact_enrollment
2026-02-28 17:09:55,768 - INFO -   → Loaded 998 attendance records into fact_attendance
2026-02-28 17:09:57,606 - INFO -   → Loaded 1000 payments into fact_payment
2026-02-28 17:09:58,424 - INFO -   → Loaded 1000 grades into fact_grade
2026-02-28 17:09:58,427 - INFO - ============================================================
2026-02-28 17:09:58,427 - INFO - ETL PIPELINE COMPLETED SUCCESSFULLY
2026-02-28 17:09:58,428 - INFO - Log file saved to: D:\NextGen-Data-Architects-Project\backend\logs\etl_pipeline_20260228_170948.log
2026-02-28 17:09:58,428 - INFO - ============================================================
2026-02-28 17:09:58,429 - INFO - ETL Pipeline completed successfully in 0:00:09.956454
