2026-02-28 21:40:07,253 - INFO - ETL Pipeline initialized. Log file: D:\NextGen-Data-Architects-Project\backend\logs\etl_pipeline_20260228_214007.log
2026-02-28 21:40:07,255 - INFO - ============================================================
2026-02-28 21:40:07,255 - INFO - ETL PIPELINE STARTED
2026-02-28 21:40:07,257 - INFO - Start time: 2026-02-28 21:40:07
2026-02-28 21:40:07,257 - INFO - ============================================================
2026-02-28 21:40:07,757 - INFO - [RBAC seed] Seeding table app_users with 9 rows from snapshot
2026-02-28 21:40:08,083 - INFO - [RBAC seed] Seeding table user_profiles with 2 rows from snapshot
2026-02-28 21:40:08,172 - INFO - [RBAC seed] Seeding table user_state with 1 rows from snapshot
2026-02-28 21:40:08,269 - INFO - [RBAC seed] User system seeded successfully from snapshot.
2026-02-28 21:40:08,455 - INFO - [RBAC seed] Restored profile photos from D:\NextGen-Data-Architects-Project\backend\etl_seeds\profile_photos to D:\NextGen-Data-Architects-Project\backend\data\profile_photos
2026-02-28 21:40:08,457 - INFO - ============================================================
2026-02-28 21:40:08,465 - INFO - EXTRACT PHASE - Bronze Layer
2026-02-28 21:40:08,468 - INFO - ============================================================
2026-02-28 21:40:08,471 - INFO - Extracting from Source Database 1 (ACADEMICS)...
2026-02-28 21:40:08,683 - INFO -   → Extracted 1000 students
2026-02-28 21:40:08,750 - INFO -   → Extracted 488 courses
2026-02-28 21:40:08,919 - INFO -   → Extracted 1000 enrollments
2026-02-28 21:40:09,052 - INFO -   → Extracted 1000 attendance records
2026-02-28 21:40:09,257 - INFO -   → Extracted 1000 grades
2026-02-28 21:40:09,804 - INFO -   → Extracted 1000 student fees
2026-02-28 21:40:09,818 - INFO -   → Extracted 11 faculties
2026-02-28 21:40:09,840 - INFO -   → Extracted 18 departments
2026-02-28 21:40:09,885 - INFO -   → Extracted 91 programs
2026-02-28 21:40:09,887 - INFO - Extracting from Source Database 2 (ADMINISTRATION)...
2026-02-28 21:40:10,091 - INFO -   → Extracted 1000 employees
2026-02-28 21:40:10,196 - INFO -   → Extracted 1000 payroll records
2026-02-28 21:40:11,347 - INFO - Bronze layer files saved to: D:\NextGen-Data-Architects-Project\backend\data\bronze
2026-02-28 21:40:11,349 - INFO - Bronze layer extraction complete!
2026-02-28 21:40:11,355 - INFO - ============================================================
2026-02-28 21:40:11,359 - INFO - TRANSFORM PHASE - Silver Layer
2026-02-28 21:40:11,364 - INFO - ============================================================
2026-02-28 21:40:12,084 - INFO - Silver layer files saved to: D:\NextGen-Data-Architects-Project\backend\data\silver
2026-02-28 21:40:12,084 - INFO -   → Students: 1000
2026-02-28 21:40:12,084 - INFO -   → Courses: 488
2026-02-28 21:40:12,084 - INFO -   → Enrollments: 1000
2026-02-28 21:40:12,093 - INFO -   → Attendance: 1000
2026-02-28 21:40:12,095 - INFO -   → Payments: 1000
2026-02-28 21:40:12,095 - INFO -   → Grades: 1000
2026-02-28 21:40:12,097 - INFO - Silver layer transformation complete!
2026-02-28 21:40:12,103 - INFO - ============================================================
2026-02-28 21:40:12,105 - INFO - LOAD PHASE - Gold Layer (Data Warehouse)
2026-02-28 21:40:12,105 - INFO - ============================================================
2026-02-28 21:40:12,105 - INFO - Creating data warehouse database: UCU_DataWarehouse
2026-02-28 21:40:12,134 - INFO - Data warehouse database UCU_DataWarehouse already exists
2026-02-28 21:40:12,134 - INFO - Creating dimension tables...
2026-02-28 21:40:17,830 - INFO -   → Loaded 997 students into dim_student
2026-02-28 21:40:18,047 - INFO -   → Loaded 437 courses into dim_course
2026-02-28 21:40:18,077 - INFO -   → Loaded 3 semesters into dim_semester
2026-02-28 21:40:18,278 - INFO -   → Loaded 9 app users into dim_app_user
2026-02-28 21:40:18,336 - INFO -   -> Loaded 11 faculties into dim_faculty
2026-02-28 21:40:18,403 - INFO -   -> Loaded 18 departments into dim_department
2026-02-28 21:40:18,475 - INFO -   -> Loaded 91 programs into dim_program
2026-02-28 21:40:18,850 - INFO -   -> Loaded 1000 employees (staff/lecturers) into dim_employee
2026-02-28 21:40:18,850 - INFO - Populating time dimension...
2026-02-28 21:40:22,327 - INFO -   → Loaded 1826 time dimension records
2026-02-28 21:40:24,201 - INFO -   → Loaded 1000 enrollments into fact_enrollment
2026-02-28 21:40:25,782 - INFO -   → Loaded 998 attendance records into fact_attendance
2026-02-28 21:40:30,032 - INFO -   → Loaded 1000 payments into fact_payment
2026-02-28 21:40:31,214 - INFO -   → Loaded 1000 grades into fact_grade
2026-02-28 21:40:31,217 - INFO - ============================================================
2026-02-28 21:40:31,220 - INFO - ETL PIPELINE COMPLETED SUCCESSFULLY
2026-02-28 21:40:31,220 - INFO - Log file saved to: D:\NextGen-Data-Architects-Project\backend\logs\etl_pipeline_20260228_214007.log
2026-02-28 21:40:31,220 - INFO - ============================================================
2026-02-28 21:40:31,222 - INFO - ETL Pipeline completed successfully in 0:00:23.966911
