2026-03-04 11:18:23,676 - INFO - ETL Pipeline initialized. Log file: D:\NextGen-Data-Architects-Project\backend\logs\etl_pipeline_20260304_111823.log
2026-03-04 11:18:23,676 - INFO - ============================================================
2026-03-04 11:18:23,678 - INFO - ETL PIPELINE STARTED
2026-03-04 11:18:23,678 - INFO - Start time: 2026-03-04 11:18:23
2026-03-04 11:18:23,678 - INFO - ============================================================
2026-03-04 11:18:23,918 - INFO - [RBAC seed] Seeding table app_users with 14 rows from snapshot
2026-03-04 11:18:24,077 - INFO - [RBAC seed] Seeding table user_profiles with 3 rows from snapshot
2026-03-04 11:18:24,111 - INFO - [RBAC seed] Seeding table user_state with 2 rows from snapshot
2026-03-04 11:18:26,582 - INFO - [RBAC seed] Seeded audit_logs with 1446 rows
2026-03-04 11:18:26,585 - INFO - [RBAC seed] User system seeded successfully from snapshot.
2026-03-04 11:18:26,699 - INFO - [RBAC seed] Restored profile photos from D:\NextGen-Data-Architects-Project\backend\etl_seeds\profile_photos to D:\NextGen-Data-Architects-Project\backend\data\profile_photos
2026-03-04 11:18:26,704 - INFO - [RBAC seed] Restored admin_settings.json to D:\NextGen-Data-Architects-Project\backend\data\admin_settings.json
2026-03-04 11:18:27,349 - INFO - [RBAC seed] Restored ETL run logs from D:\NextGen-Data-Architects-Project\backend\etl_seeds\etl_runs to D:\NextGen-Data-Architects-Project\backend\logs
2026-03-04 11:18:27,357 - INFO - ============================================================
2026-03-04 11:18:27,357 - INFO - EXTRACT PHASE - Bronze Layer
2026-03-04 11:18:27,359 - INFO - ============================================================
2026-03-04 11:18:27,359 - INFO - Extracting from Source Database 1 (ACADEMICS)...
2026-03-04 11:18:27,524 - INFO -   → Extracted 1000 students
2026-03-04 11:18:27,574 - INFO -   → Extracted 488 courses
2026-03-04 11:18:27,684 - INFO -   → Extracted 1000 enrollments
2026-03-04 11:18:27,789 - INFO -   → Extracted 1000 attendance records
2026-03-04 11:18:28,177 - INFO -   → Extracted 1000 grades
2026-03-04 11:18:28,887 - INFO -   → Extracted 1000 student fees
2026-03-04 11:18:28,899 - INFO -   → Extracted 11 faculties
2026-03-04 11:18:28,911 - INFO -   → Extracted 18 departments
2026-03-04 11:18:28,932 - INFO -   → Extracted 91 programs
2026-03-04 11:18:28,934 - INFO - Extracting from Source Database 2 (ADMINISTRATION)...
2026-03-04 11:18:29,161 - INFO -   → Extracted 1000 employees
2026-03-04 11:18:29,229 - INFO -   → Extracted 1000 payroll records
2026-03-04 11:18:29,721 - INFO - Bronze layer files saved to: D:\NextGen-Data-Architects-Project\backend\data\bronze
2026-03-04 11:18:29,722 - INFO - Bronze layer extraction complete!
2026-03-04 11:18:29,723 - INFO - ============================================================
2026-03-04 11:18:29,723 - INFO - TRANSFORM PHASE - Silver Layer
2026-03-04 11:18:29,723 - INFO - ============================================================
2026-03-04 11:18:30,171 - INFO - Silver layer files saved to: D:\NextGen-Data-Architects-Project\backend\data\silver
2026-03-04 11:18:30,173 - INFO -   → Students: 1000
2026-03-04 11:18:30,173 - INFO -   → Courses: 488
2026-03-04 11:18:30,173 - INFO -   → Enrollments: 1000
2026-03-04 11:18:30,173 - INFO -   → Attendance: 1000
2026-03-04 11:18:30,173 - INFO -   → Payments: 1000
2026-03-04 11:18:30,175 - INFO -   → Grades: 1000
2026-03-04 11:18:30,175 - INFO - Silver layer transformation complete!
2026-03-04 11:18:30,182 - INFO - ============================================================
2026-03-04 11:18:30,184 - INFO - LOAD PHASE - Gold Layer (Data Warehouse)
2026-03-04 11:18:30,184 - INFO - ============================================================
2026-03-04 11:18:30,184 - INFO - Creating data warehouse database: UCU_DataWarehouse
2026-03-04 11:18:30,210 - INFO - Data warehouse database UCU_DataWarehouse already exists
2026-03-04 11:18:30,215 - INFO - Creating dimension tables...
2026-03-04 11:18:33,077 - INFO -   → Loaded 997 students into dim_student
2026-03-04 11:18:33,159 - INFO -   → Loaded 437 courses into dim_course
2026-03-04 11:18:33,184 - INFO -   → Loaded 3 semesters into dim_semester
2026-03-04 11:18:33,272 - INFO -   → Loaded 14 app users into dim_app_user
2026-03-04 11:18:33,321 - INFO -   -> Loaded 11 faculties into dim_faculty
2026-03-04 11:18:33,351 - INFO -   -> Loaded 18 departments into dim_department
2026-03-04 11:18:33,387 - INFO -   -> Loaded 91 programs into dim_program
2026-03-04 11:18:33,685 - INFO -   -> Loaded 1000 employees (staff/lecturers) into dim_employee
2026-03-04 11:18:33,686 - INFO - Populating time dimension...
2026-03-04 11:18:35,603 - INFO -   → Loaded 1826 time dimension records
2026-03-04 11:18:36,911 - INFO -   → Loaded 1000 enrollments into fact_enrollment
2026-03-04 11:18:38,141 - INFO -   → Loaded 998 attendance records into fact_attendance
2026-03-04 11:18:41,650 - INFO -   → Loaded 1000 payments into fact_payment
2026-03-04 11:18:42,833 - INFO -   → Loaded 1000 grades into fact_grade
2026-03-04 11:18:42,835 - INFO - ============================================================
2026-03-04 11:18:42,837 - INFO - ETL PIPELINE COMPLETED SUCCESSFULLY
2026-03-04 11:18:42,837 - INFO - Log file saved to: D:\NextGen-Data-Architects-Project\backend\logs\etl_pipeline_20260304_111823.log
2026-03-04 11:18:42,837 - INFO - ============================================================
2026-03-04 11:18:42,837 - INFO - ETL Pipeline completed successfully in 0:00:19.160594
