2025-11-20 10:07:54,430 - INFO - ETL Pipeline initialized. Log file: logs\etl_pipeline_20251120_100754.log
2025-11-20 10:07:54,430 - INFO - ============================================================
2025-11-20 10:07:54,430 - INFO - ETL PIPELINE STARTED
2025-11-20 10:07:54,430 - INFO - Start time: 2025-11-20 10:07:54
2025-11-20 10:07:54,430 - INFO - ============================================================
2025-11-20 10:07:54,430 - INFO - ============================================================
2025-11-20 10:07:54,430 - INFO - EXTRACT PHASE - Bronze Layer
2025-11-20 10:07:54,430 - INFO - ============================================================
2025-11-20 10:07:54,430 - INFO - Extracting from Source Database 1 (ACADEMICS)...
2025-11-20 10:07:54,623 - INFO -   → Extracted 1000 students
2025-11-20 10:07:54,649 - INFO -   → Extracted 488 courses
2025-11-20 10:07:54,718 - INFO -   → Extracted 1000 enrollments
2025-11-20 10:07:54,765 - INFO -   → Extracted 1000 attendance records
2025-11-20 10:07:54,896 - INFO -   → Extracted 1000 grades
2025-11-20 10:07:55,004 - INFO -   → Extracted 1000 student fees
2025-11-20 10:07:55,008 - INFO -   → Extracted 11 faculties
2025-11-20 10:07:55,018 - INFO -   → Extracted 18 departments
2025-11-20 10:07:55,032 - INFO -   → Extracted 91 programs
2025-11-20 10:07:55,034 - INFO - Extracting from Source Database 2 (ADMINISTRATION)...
2025-11-20 10:07:55,119 - INFO -   → Extracted 1000 employees
2025-11-20 10:07:55,186 - INFO -   → Extracted 1000 payroll records
2025-11-20 10:07:56,203 - INFO - Bronze layer files saved to: D:\final year project\backend\data\bronze
2025-11-20 10:07:56,203 - INFO - Bronze layer extraction complete!
2025-11-20 10:07:56,203 - INFO - ============================================================
2025-11-20 10:07:56,203 - INFO - TRANSFORM PHASE - Silver Layer
2025-11-20 10:07:56,203 - INFO - ============================================================
2025-11-20 10:07:56,447 - INFO - Silver layer files saved to: D:\final year project\backend\data\silver
2025-11-20 10:07:56,447 - INFO -   → Students: 1000
2025-11-20 10:07:56,447 - INFO -   → Courses: 488
2025-11-20 10:07:56,457 - INFO -   → Enrollments: 1000
2025-11-20 10:07:56,457 - INFO -   → Attendance: 1000
2025-11-20 10:07:56,457 - INFO -   → Payments: 1000
2025-11-20 10:07:56,457 - INFO -   → Grades: 1000
2025-11-20 10:07:56,460 - INFO - Silver layer transformation complete!
2025-11-20 10:07:56,465 - INFO - ============================================================
2025-11-20 10:07:56,465 - INFO - LOAD PHASE - Gold Layer (Data Warehouse)
2025-11-20 10:07:56,465 - INFO - ============================================================
2025-11-20 10:07:56,465 - INFO - Creating data warehouse database: UCU_DataWarehouse
2025-11-20 10:07:56,494 - INFO - Data warehouse database UCU_DataWarehouse already exists
2025-11-20 10:07:56,500 - INFO - Creating dimension tables...
2025-11-20 10:07:58,397 - INFO -   → Loaded 997 students into dim_student
2025-11-20 10:07:58,463 - INFO -   → Loaded 437 courses into dim_course
2025-11-20 10:07:58,477 - INFO -   → Loaded 3 semesters into dim_semester
2025-11-20 10:07:58,539 - INFO -   -> Loaded 11 faculties into dim_faculty
2025-11-20 10:07:58,573 - INFO -   -> Loaded 18 departments into dim_department
2025-11-20 10:07:58,629 - INFO -   -> Loaded 91 programs into dim_program
2025-11-20 10:07:58,629 - INFO - Populating time dimension...
2025-11-20 10:07:59,366 - INFO -   → Loaded 1096 time dimension records
2025-11-20 10:08:00,408 - INFO -   → Loaded 1000 enrollments into fact_enrollment
2025-11-20 10:08:01,399 - INFO -   → Loaded 997 attendance records into fact_attendance
2025-11-20 10:08:03,141 - INFO -   → Loaded 1000 payments into fact_payment
2025-11-20 10:08:04,419 - INFO -   → Loaded 1000 grades into fact_grade
2025-11-20 10:08:04,421 - INFO - ============================================================
2025-11-20 10:08:04,422 - INFO - ETL PIPELINE COMPLETED SUCCESSFULLY
2025-11-20 10:08:04,423 - INFO - Log file saved to: logs\etl_pipeline_20251120_100754.log
2025-11-20 10:08:04,423 - INFO - ============================================================
2025-11-20 10:08:04,426 - INFO - ETL Pipeline completed successfully in 0:00:09.996284
