2026-03-03 16:35:38,188 - INFO - ETL Pipeline initialized. Log file: D:\NextGen-Data-Architects-Project\backend\logs\etl_pipeline_20260303_163538.log
2026-03-03 16:35:38,189 - INFO - ============================================================
2026-03-03 16:35:38,189 - INFO - ETL PIPELINE STARTED
2026-03-03 16:35:38,189 - INFO - Start time: 2026-03-03 16:35:38
2026-03-03 16:35:38,191 - INFO - ============================================================
2026-03-03 16:35:38,548 - INFO - [RBAC seed] Seeding table app_users with 12 rows from snapshot
2026-03-03 16:35:38,748 - INFO - [RBAC seed] Seeding table user_profiles with 2 rows from snapshot
2026-03-03 16:35:38,798 - INFO - [RBAC seed] Seeding table user_state with 1 rows from snapshot
2026-03-03 16:35:40,853 - INFO - [RBAC seed] Seeded audit_logs with 1337 rows
2026-03-03 16:35:40,856 - INFO - [RBAC seed] User system seeded successfully from snapshot.
2026-03-03 16:35:40,922 - INFO - [RBAC seed] Restored profile photos from D:\NextGen-Data-Architects-Project\backend\etl_seeds\profile_photos to D:\NextGen-Data-Architects-Project\backend\data\profile_photos
2026-03-03 16:35:40,929 - INFO - [RBAC seed] Restored admin_settings.json to D:\NextGen-Data-Architects-Project\backend\data\admin_settings.json
2026-03-03 16:35:41,256 - INFO - [RBAC seed] Restored ETL run logs from D:\NextGen-Data-Architects-Project\backend\etl_seeds\etl_runs to D:\NextGen-Data-Architects-Project\backend\logs
2026-03-03 16:35:41,258 - INFO - ============================================================
2026-03-03 16:35:41,258 - INFO - EXTRACT PHASE - Bronze Layer
2026-03-03 16:35:41,258 - INFO - ============================================================
2026-03-03 16:35:41,258 - INFO - Extracting from Source Database 1 (ACADEMICS)...
2026-03-03 16:35:41,354 - INFO -   → Extracted 1000 students
2026-03-03 16:35:41,395 - INFO -   → Extracted 488 courses
2026-03-03 16:35:41,509 - INFO -   → Extracted 1000 enrollments
2026-03-03 16:35:41,579 - INFO -   → Extracted 1000 attendance records
2026-03-03 16:35:41,676 - INFO -   → Extracted 1000 grades
2026-03-03 16:35:41,895 - INFO -   → Extracted 1000 student fees
2026-03-03 16:35:41,898 - INFO -   → Extracted 11 faculties
2026-03-03 16:35:41,904 - INFO -   → Extracted 18 departments
2026-03-03 16:35:41,917 - INFO -   → Extracted 91 programs
2026-03-03 16:35:41,918 - INFO - Extracting from Source Database 2 (ADMINISTRATION)...
2026-03-03 16:35:42,003 - INFO -   → Extracted 1000 employees
2026-03-03 16:35:42,060 - INFO -   → Extracted 1000 payroll records
2026-03-03 16:35:42,555 - INFO - Bronze layer files saved to: D:\NextGen-Data-Architects-Project\backend\data\bronze
2026-03-03 16:35:42,556 - INFO - Bronze layer extraction complete!
2026-03-03 16:35:42,556 - INFO - ============================================================
2026-03-03 16:35:42,557 - INFO - TRANSFORM PHASE - Silver Layer
2026-03-03 16:35:42,557 - INFO - ============================================================
2026-03-03 16:35:42,926 - INFO - Silver layer files saved to: D:\NextGen-Data-Architects-Project\backend\data\silver
2026-03-03 16:35:42,926 - INFO -   → Students: 1000
2026-03-03 16:35:42,927 - INFO -   → Courses: 488
2026-03-03 16:35:42,927 - INFO -   → Enrollments: 1000
2026-03-03 16:35:42,927 - INFO -   → Attendance: 1000
2026-03-03 16:35:42,928 - INFO -   → Payments: 1000
2026-03-03 16:35:42,928 - INFO -   → Grades: 1000
2026-03-03 16:35:42,929 - INFO - Silver layer transformation complete!
2026-03-03 16:35:42,934 - INFO - ============================================================
2026-03-03 16:35:42,935 - INFO - LOAD PHASE - Gold Layer (Data Warehouse)
2026-03-03 16:35:42,935 - INFO - ============================================================
2026-03-03 16:35:42,935 - INFO - Creating data warehouse database: UCU_DataWarehouse
2026-03-03 16:35:42,961 - INFO - Data warehouse database UCU_DataWarehouse already exists
2026-03-03 16:35:42,963 - INFO - Creating dimension tables...
2026-03-03 16:35:46,547 - INFO -   → Loaded 997 students into dim_student
2026-03-03 16:35:46,705 - INFO -   → Loaded 437 courses into dim_course
2026-03-03 16:35:46,726 - INFO -   → Loaded 3 semesters into dim_semester
2026-03-03 16:35:46,797 - INFO -   → Loaded 12 app users into dim_app_user
2026-03-03 16:35:46,837 - INFO -   -> Loaded 11 faculties into dim_faculty
2026-03-03 16:35:46,882 - INFO -   -> Loaded 18 departments into dim_department
2026-03-03 16:35:46,925 - INFO -   -> Loaded 91 programs into dim_program
2026-03-03 16:35:47,204 - INFO -   -> Loaded 1000 employees (staff/lecturers) into dim_employee
2026-03-03 16:35:47,205 - INFO - Populating time dimension...
2026-03-03 16:35:49,397 - INFO -   → Loaded 1826 time dimension records
2026-03-03 16:35:51,012 - INFO -   → Loaded 1000 enrollments into fact_enrollment
2026-03-03 16:35:52,625 - INFO -   → Loaded 998 attendance records into fact_attendance
2026-03-03 16:35:56,371 - INFO -   → Loaded 1000 payments into fact_payment
2026-03-03 16:35:57,712 - INFO -   → Loaded 1000 grades into fact_grade
2026-03-03 16:35:57,714 - INFO - ============================================================
2026-03-03 16:35:57,714 - INFO - ETL PIPELINE COMPLETED SUCCESSFULLY
2026-03-03 16:35:57,714 - INFO - Log file saved to: D:\NextGen-Data-Architects-Project\backend\logs\etl_pipeline_20260303_163538.log
2026-03-03 16:35:57,714 - INFO - ============================================================
2026-03-03 16:35:57,714 - INFO - ETL Pipeline completed successfully in 0:00:19.524458
