2026-03-01 15:20:52,100 - INFO - ETL Pipeline initialized. Log file: D:\NextGen-Data-Architects-Project\backend\logs\etl_pipeline_20260301_152052.log
2026-03-01 15:20:52,100 - INFO - ============================================================
2026-03-01 15:20:52,100 - INFO - ETL PIPELINE STARTED
2026-03-01 15:20:52,100 - INFO - Start time: 2026-03-01 15:20:52
2026-03-01 15:20:52,100 - INFO - ============================================================
2026-03-01 15:20:52,276 - INFO - [RBAC seed] Seeding table app_users with 12 rows from snapshot
2026-03-01 15:20:52,417 - INFO - [RBAC seed] Seeding table user_profiles with 2 rows from snapshot
2026-03-01 15:20:52,447 - INFO - [RBAC seed] Seeding table user_state with 1 rows from snapshot
2026-03-01 15:20:53,248 - INFO - [RBAC seed] Seeded audit_logs with 1179 rows
2026-03-01 15:20:53,250 - INFO - [RBAC seed] User system seeded successfully from snapshot.
2026-03-01 15:20:53,287 - INFO - [RBAC seed] Restored profile photos from D:\NextGen-Data-Architects-Project\backend\etl_seeds\profile_photos to D:\NextGen-Data-Architects-Project\backend\data\profile_photos
2026-03-01 15:20:53,290 - INFO - [RBAC seed] Restored admin_settings.json to D:\NextGen-Data-Architects-Project\backend\data\admin_settings.json
2026-03-01 15:20:53,650 - INFO - [RBAC seed] Restored ETL run logs from D:\NextGen-Data-Architects-Project\backend\etl_seeds\etl_runs to D:\NextGen-Data-Architects-Project\backend\logs
2026-03-01 15:20:53,651 - INFO - ============================================================
2026-03-01 15:20:53,652 - INFO - EXTRACT PHASE - Bronze Layer
2026-03-01 15:20:53,652 - INFO - ============================================================
2026-03-01 15:20:53,652 - INFO - Extracting from Source Database 1 (ACADEMICS)...
2026-03-01 15:20:53,729 - INFO -   → Extracted 1000 students
2026-03-01 15:20:53,745 - INFO -   → Extracted 488 courses
2026-03-01 15:20:53,777 - INFO -   → Extracted 1000 enrollments
2026-03-01 15:20:53,819 - INFO -   → Extracted 1000 attendance records
2026-03-01 15:20:53,873 - INFO -   → Extracted 1000 grades
2026-03-01 15:20:53,953 - INFO -   → Extracted 1000 student fees
2026-03-01 15:20:53,959 - INFO -   → Extracted 11 faculties
2026-03-01 15:20:53,965 - INFO -   → Extracted 18 departments
2026-03-01 15:20:53,974 - INFO -   → Extracted 91 programs
2026-03-01 15:20:53,974 - INFO - Extracting from Source Database 2 (ADMINISTRATION)...
2026-03-01 15:20:54,022 - INFO -   → Extracted 1000 employees
2026-03-01 15:20:54,042 - INFO -   → Extracted 1000 payroll records
2026-03-01 15:20:54,423 - INFO - Bronze layer files saved to: D:\NextGen-Data-Architects-Project\backend\data\bronze
2026-03-01 15:20:54,423 - INFO - Bronze layer extraction complete!
2026-03-01 15:20:54,423 - INFO - ============================================================
2026-03-01 15:20:54,423 - INFO - TRANSFORM PHASE - Silver Layer
2026-03-01 15:20:54,423 - INFO - ============================================================
2026-03-01 15:20:54,580 - INFO - Silver layer files saved to: D:\NextGen-Data-Architects-Project\backend\data\silver
2026-03-01 15:20:54,581 - INFO -   → Students: 1000
2026-03-01 15:20:54,581 - INFO -   → Courses: 488
2026-03-01 15:20:54,581 - INFO -   → Enrollments: 1000
2026-03-01 15:20:54,581 - INFO -   → Attendance: 1000
2026-03-01 15:20:54,581 - INFO -   → Payments: 1000
2026-03-01 15:20:54,581 - INFO -   → Grades: 1000
2026-03-01 15:20:54,581 - INFO - Silver layer transformation complete!
2026-03-01 15:20:54,583 - INFO - ============================================================
2026-03-01 15:20:54,583 - INFO - LOAD PHASE - Gold Layer (Data Warehouse)
2026-03-01 15:20:54,584 - INFO - ============================================================
2026-03-01 15:20:54,584 - INFO - Creating data warehouse database: UCU_DataWarehouse
2026-03-01 15:20:54,617 - INFO - Data warehouse database UCU_DataWarehouse already exists
2026-03-01 15:20:54,618 - INFO - Creating dimension tables...
2026-03-01 15:20:56,179 - INFO -   → Loaded 997 students into dim_student
2026-03-01 15:20:56,216 - INFO -   → Loaded 437 courses into dim_course
2026-03-01 15:20:56,226 - INFO -   → Loaded 3 semesters into dim_semester
2026-03-01 15:20:56,331 - INFO -   → Loaded 12 app users into dim_app_user
2026-03-01 15:20:56,358 - INFO -   -> Loaded 11 faculties into dim_faculty
2026-03-01 15:20:56,377 - INFO -   -> Loaded 18 departments into dim_department
2026-03-01 15:20:56,401 - INFO -   -> Loaded 91 programs into dim_program
2026-03-01 15:20:56,524 - INFO -   -> Loaded 1000 employees (staff/lecturers) into dim_employee
2026-03-01 15:20:56,524 - INFO - Populating time dimension...
2026-03-01 15:20:57,289 - INFO -   → Loaded 1826 time dimension records
2026-03-01 15:20:57,997 - INFO -   → Loaded 1000 enrollments into fact_enrollment
2026-03-01 15:20:58,519 - INFO -   → Loaded 998 attendance records into fact_attendance
2026-03-01 15:21:00,082 - INFO -   → Loaded 1000 payments into fact_payment
2026-03-01 15:21:00,830 - INFO -   → Loaded 1000 grades into fact_grade
2026-03-01 15:21:00,832 - INFO - ============================================================
2026-03-01 15:21:00,832 - INFO - ETL PIPELINE COMPLETED SUCCESSFULLY
2026-03-01 15:21:00,833 - INFO - Log file saved to: D:\NextGen-Data-Architects-Project\backend\logs\etl_pipeline_20260301_152052.log
2026-03-01 15:21:00,833 - INFO - ============================================================
2026-03-01 15:21:00,833 - INFO - ETL Pipeline completed successfully in 0:00:08.733329
