2026-02-26 19:14:55,798 - INFO - ETL Pipeline initialized. Log file: D:\NextGen-Data-Architects-Project\backend\logs\etl_pipeline_20260226_191455.log
2026-02-26 19:14:55,810 - INFO - ============================================================
2026-02-26 19:14:55,811 - INFO - ETL PIPELINE STARTED
2026-02-26 19:14:55,812 - INFO - Start time: 2026-02-26 19:14:55
2026-02-26 19:14:55,814 - INFO - ============================================================
2026-02-26 19:14:55,955 - INFO - [RBAC seed] Seeding table app_users with 5 rows from snapshot
2026-02-26 19:14:55,988 - INFO - [RBAC seed] Seeding table user_profiles with 2 rows from snapshot
2026-02-26 19:14:56,014 - INFO - [RBAC seed] Seeding table user_state with 1 rows from snapshot
2026-02-26 19:14:56,031 - INFO - [RBAC seed] User system seeded successfully from snapshot.
2026-02-26 19:14:56,064 - INFO - [RBAC seed] Restored profile photos from D:\NextGen-Data-Architects-Project\backend\etl_seeds\profile_photos to D:\NextGen-Data-Architects-Project\backend\data\profile_photos
2026-02-26 19:14:56,064 - INFO - ============================================================
2026-02-26 19:14:56,064 - INFO - EXTRACT PHASE - Bronze Layer
2026-02-26 19:14:56,064 - INFO - ============================================================
2026-02-26 19:14:56,064 - INFO - Extracting from Source Database 1 (ACADEMICS)...
2026-02-26 19:14:56,132 - INFO -   → Extracted 1000 students
2026-02-26 19:14:56,149 - INFO -   → Extracted 488 courses
2026-02-26 19:14:56,198 - INFO -   → Extracted 1000 enrollments
2026-02-26 19:14:56,240 - INFO -   → Extracted 1000 attendance records
2026-02-26 19:14:56,285 - INFO -   → Extracted 1000 grades
2026-02-26 19:14:56,381 - INFO -   → Extracted 1000 student fees
2026-02-26 19:14:56,382 - INFO -   → Extracted 11 faculties
2026-02-26 19:14:56,388 - INFO -   → Extracted 18 departments
2026-02-26 19:14:56,398 - INFO -   → Extracted 91 programs
2026-02-26 19:14:56,399 - INFO - Extracting from Source Database 2 (ADMINISTRATION)...
2026-02-26 19:14:56,460 - INFO -   → Extracted 1000 employees
2026-02-26 19:14:56,509 - INFO -   → Extracted 1000 payroll records
2026-02-26 19:14:56,714 - INFO - Bronze layer files saved to: D:\NextGen-Data-Architects-Project\backend\data\bronze
2026-02-26 19:14:56,714 - INFO - Bronze layer extraction complete!
2026-02-26 19:14:56,714 - INFO - ============================================================
2026-02-26 19:14:56,714 - INFO - TRANSFORM PHASE - Silver Layer
2026-02-26 19:14:56,714 - INFO - ============================================================
2026-02-26 19:14:56,913 - INFO - Silver layer files saved to: D:\NextGen-Data-Architects-Project\backend\data\silver
2026-02-26 19:14:56,914 - INFO -   → Students: 1000
2026-02-26 19:14:56,914 - INFO -   → Courses: 488
2026-02-26 19:14:56,914 - INFO -   → Enrollments: 1000
2026-02-26 19:14:56,915 - INFO -   → Attendance: 1000
2026-02-26 19:14:56,916 - INFO -   → Payments: 1000
2026-02-26 19:14:56,916 - INFO -   → Grades: 1000
2026-02-26 19:14:56,916 - INFO - Silver layer transformation complete!
2026-02-26 19:14:56,922 - INFO - ============================================================
2026-02-26 19:14:56,922 - INFO - LOAD PHASE - Gold Layer (Data Warehouse)
2026-02-26 19:14:56,922 - INFO - ============================================================
2026-02-26 19:14:56,922 - INFO - Creating data warehouse database: UCU_DataWarehouse
2026-02-26 19:14:56,931 - INFO - Data warehouse database UCU_DataWarehouse already exists
2026-02-26 19:14:56,932 - INFO - Creating dimension tables...
2026-02-26 19:14:58,168 - INFO -   → Loaded 997 students into dim_student
2026-02-26 19:14:58,208 - INFO -   → Loaded 437 courses into dim_course
2026-02-26 19:14:58,219 - INFO -   → Loaded 3 semesters into dim_semester
2026-02-26 19:14:58,285 - INFO -   → Loaded 5 app users into dim_app_user
2026-02-26 19:14:58,306 - INFO -   -> Loaded 11 faculties into dim_faculty
2026-02-26 19:14:58,316 - INFO -   -> Loaded 18 departments into dim_department
2026-02-26 19:14:58,348 - INFO -   -> Loaded 91 programs into dim_program
2026-02-26 19:14:58,461 - INFO -   -> Loaded 1000 employees (staff/lecturers) into dim_employee
2026-02-26 19:14:58,461 - INFO - Populating time dimension...
2026-02-26 19:14:59,156 - INFO -   → Loaded 1826 time dimension records
2026-02-26 19:14:59,814 - INFO -   → Loaded 1000 enrollments into fact_enrollment
2026-02-26 19:15:00,816 - INFO -   → Loaded 998 attendance records into fact_attendance
2026-02-26 19:15:03,607 - INFO -   → Loaded 1000 payments into fact_payment
2026-02-26 19:15:04,373 - INFO -   → Loaded 1000 grades into fact_grade
2026-02-26 19:15:04,385 - INFO - ============================================================
2026-02-26 19:15:04,385 - INFO - ETL PIPELINE COMPLETED SUCCESSFULLY
2026-02-26 19:15:04,385 - INFO - Log file saved to: D:\NextGen-Data-Architects-Project\backend\logs\etl_pipeline_20260226_191455.log
2026-02-26 19:15:04,385 - INFO - ============================================================
2026-02-26 19:15:04,385 - INFO - ETL Pipeline completed successfully in 0:00:08.575431
