2026-03-03 22:14:12,092 - INFO - ETL Pipeline initialized. Log file: D:\NextGen-Data-Architects-Project\backend\logs\etl_pipeline_20260303_221412.log
2026-03-03 22:14:12,092 - INFO - ============================================================
2026-03-03 22:14:12,094 - INFO - ETL PIPELINE STARTED
2026-03-03 22:14:12,094 - INFO - Start time: 2026-03-03 22:14:12
2026-03-03 22:14:12,094 - INFO - ============================================================
2026-03-03 22:14:12,567 - INFO - [RBAC seed] Seeding table app_users with 12 rows from snapshot
2026-03-03 22:14:12,844 - INFO - [RBAC seed] Seeding table user_profiles with 2 rows from snapshot
2026-03-03 22:14:12,875 - INFO - [RBAC seed] Seeding table user_state with 1 rows from snapshot
2026-03-03 22:14:14,633 - INFO - [RBAC seed] Seeded audit_logs with 1338 rows
2026-03-03 22:14:14,635 - INFO - [RBAC seed] User system seeded successfully from snapshot.
2026-03-03 22:14:14,671 - INFO - [RBAC seed] Restored profile photos from D:\NextGen-Data-Architects-Project\backend\etl_seeds\profile_photos to D:\NextGen-Data-Architects-Project\backend\data\profile_photos
2026-03-03 22:14:14,675 - INFO - [RBAC seed] Restored admin_settings.json to D:\NextGen-Data-Architects-Project\backend\data\admin_settings.json
2026-03-03 22:14:14,960 - INFO - [RBAC seed] Restored ETL run logs from D:\NextGen-Data-Architects-Project\backend\etl_seeds\etl_runs to D:\NextGen-Data-Architects-Project\backend\logs
2026-03-03 22:14:14,965 - INFO - ============================================================
2026-03-03 22:14:14,965 - INFO - EXTRACT PHASE - Bronze Layer
2026-03-03 22:14:14,965 - INFO - ============================================================
2026-03-03 22:14:14,965 - INFO - Extracting from Source Database 1 (ACADEMICS)...
2026-03-03 22:14:15,079 - INFO -   → Extracted 1000 students
2026-03-03 22:14:15,110 - INFO -   → Extracted 488 courses
2026-03-03 22:14:15,175 - INFO -   → Extracted 1000 enrollments
2026-03-03 22:14:15,238 - INFO -   → Extracted 1000 attendance records
2026-03-03 22:14:15,301 - INFO -   → Extracted 1000 grades
2026-03-03 22:14:15,516 - INFO -   → Extracted 1000 student fees
2026-03-03 22:14:15,527 - INFO -   → Extracted 11 faculties
2026-03-03 22:14:15,535 - INFO -   → Extracted 18 departments
2026-03-03 22:14:15,552 - INFO -   → Extracted 91 programs
2026-03-03 22:14:15,552 - INFO - Extracting from Source Database 2 (ADMINISTRATION)...
2026-03-03 22:14:15,664 - INFO -   → Extracted 1000 employees
2026-03-03 22:14:15,745 - INFO -   → Extracted 1000 payroll records
2026-03-03 22:14:16,216 - INFO - Bronze layer files saved to: D:\NextGen-Data-Architects-Project\backend\data\bronze
2026-03-03 22:14:16,216 - INFO - Bronze layer extraction complete!
2026-03-03 22:14:16,216 - INFO - ============================================================
2026-03-03 22:14:16,216 - INFO - TRANSFORM PHASE - Silver Layer
2026-03-03 22:14:16,216 - INFO - ============================================================
2026-03-03 22:14:16,745 - INFO - Silver layer files saved to: D:\NextGen-Data-Architects-Project\backend\data\silver
2026-03-03 22:14:16,745 - INFO -   → Students: 1000
2026-03-03 22:14:16,745 - INFO -   → Courses: 488
2026-03-03 22:14:16,745 - INFO -   → Enrollments: 1000
2026-03-03 22:14:16,745 - INFO -   → Attendance: 1000
2026-03-03 22:14:16,745 - INFO -   → Payments: 1000
2026-03-03 22:14:16,745 - INFO -   → Grades: 1000
2026-03-03 22:14:16,745 - INFO - Silver layer transformation complete!
2026-03-03 22:14:16,759 - INFO - ============================================================
2026-03-03 22:14:16,760 - INFO - LOAD PHASE - Gold Layer (Data Warehouse)
2026-03-03 22:14:16,760 - INFO - ============================================================
2026-03-03 22:14:16,760 - INFO - Creating data warehouse database: UCU_DataWarehouse
2026-03-03 22:14:16,776 - INFO - Data warehouse database UCU_DataWarehouse already exists
2026-03-03 22:14:16,778 - INFO - Creating dimension tables...
2026-03-03 22:14:21,796 - INFO -   → Loaded 997 students into dim_student
2026-03-03 22:14:22,008 - INFO -   → Loaded 437 courses into dim_course
2026-03-03 22:14:22,059 - INFO -   → Loaded 3 semesters into dim_semester
2026-03-03 22:14:22,269 - INFO -   → Loaded 12 app users into dim_app_user
2026-03-03 22:14:22,373 - INFO -   -> Loaded 11 faculties into dim_faculty
2026-03-03 22:14:22,424 - INFO -   -> Loaded 18 departments into dim_department
2026-03-03 22:14:22,480 - INFO -   -> Loaded 91 programs into dim_program
2026-03-03 22:14:23,273 - INFO -   -> Loaded 1000 employees (staff/lecturers) into dim_employee
2026-03-03 22:14:23,274 - INFO - Populating time dimension...
2026-03-03 22:14:26,571 - INFO -   → Loaded 1826 time dimension records
2026-03-03 22:14:28,199 - INFO -   → Loaded 1000 enrollments into fact_enrollment
2026-03-03 22:14:29,515 - INFO -   → Loaded 998 attendance records into fact_attendance
2026-03-03 22:14:33,099 - INFO -   → Loaded 1000 payments into fact_payment
2026-03-03 22:14:34,435 - INFO -   → Loaded 1000 grades into fact_grade
2026-03-03 22:14:34,445 - INFO - ============================================================
2026-03-03 22:14:34,446 - INFO - ETL PIPELINE COMPLETED SUCCESSFULLY
2026-03-03 22:14:34,446 - INFO - Log file saved to: D:\NextGen-Data-Architects-Project\backend\logs\etl_pipeline_20260303_221412.log
2026-03-03 22:14:34,447 - INFO - ============================================================
2026-03-03 22:14:34,449 - INFO - ETL Pipeline completed successfully in 0:00:22.355623
