2025-11-19 21:58:30,401 - INFO - ETL Pipeline initialized. Log file: logs\etl_pipeline_20251119_215830.log
2025-11-19 21:58:30,403 - INFO - ============================================================
2025-11-19 21:58:30,403 - INFO - ETL PIPELINE STARTED
2025-11-19 21:58:30,403 - INFO - Start time: 2025-11-19 21:58:30
2025-11-19 21:58:30,406 - INFO - ============================================================
2025-11-19 21:58:30,408 - INFO - ============================================================
2025-11-19 21:58:30,408 - INFO - EXTRACT PHASE - Bronze Layer
2025-11-19 21:58:30,408 - INFO - ============================================================
2025-11-19 21:58:30,409 - INFO - Extracting from Source Database 1 (ACADEMICS)...
2025-11-19 21:58:30,669 - INFO -   → Extracted 1000 students
2025-11-19 21:58:30,714 - INFO -   → Extracted 532 courses
2025-11-19 21:58:30,808 - INFO -   → Extracted 1000 enrollments
2025-11-19 21:58:30,879 - INFO -   → Extracted 1000 attendance records
2025-11-19 21:58:30,981 - INFO -   → Extracted 1000 grades
2025-11-19 21:58:31,110 - INFO -   → Extracted 1000 student fees
2025-11-19 21:58:31,117 - INFO -   → Extracted 12 faculties
2025-11-19 21:58:31,128 - INFO -   → Extracted 47 departments
2025-11-19 21:58:31,145 - INFO -   → Extracted 92 programs
2025-11-19 21:58:31,147 - INFO - Extracting from Source Database 2 (ADMINISTRATION)...
2025-11-19 21:58:31,244 - INFO -   → Extracted 1000 employees
2025-11-19 21:58:31,318 - INFO -   → Extracted 1000 payroll records
2025-11-19 21:58:31,644 - INFO - Bronze layer files saved to: D:\final year project\backend\data\bronze
2025-11-19 21:58:31,651 - INFO - Bronze layer extraction complete!
2025-11-19 21:58:31,653 - INFO - ============================================================
2025-11-19 21:58:31,657 - INFO - TRANSFORM PHASE - Silver Layer
2025-11-19 21:58:31,657 - INFO - ============================================================
2025-11-19 21:58:31,997 - INFO - Silver layer files saved to: D:\final year project\backend\data\silver
2025-11-19 21:58:32,006 - INFO -   → Students: 1000
2025-11-19 21:58:32,008 - INFO -   → Courses: 532
2025-11-19 21:58:32,010 - INFO -   → Enrollments: 1000
2025-11-19 21:58:32,012 - INFO -   → Attendance: 1000
2025-11-19 21:58:32,012 - INFO -   → Payments: 1000
2025-11-19 21:58:32,019 - INFO -   → Grades: 1000
2025-11-19 21:58:32,021 - INFO - Silver layer transformation complete!
2025-11-19 21:58:32,027 - INFO - ============================================================
2025-11-19 21:58:32,029 - INFO - LOAD PHASE - Gold Layer (Data Warehouse)
2025-11-19 21:58:32,035 - INFO - ============================================================
2025-11-19 21:58:32,039 - INFO - Creating data warehouse database: UCU_DataWarehouse
2025-11-19 21:58:32,050 - INFO - Data warehouse database UCU_DataWarehouse already exists
2025-11-19 21:58:32,055 - INFO - Creating dimension tables...
2025-11-19 21:58:35,102 - INFO -   → Loaded 997 students into dim_student
2025-11-19 21:58:35,236 - INFO -   → Loaded 487 courses into dim_course
2025-11-19 21:58:35,262 - INFO -   → Loaded 3 semesters into dim_semester
2025-11-19 21:58:35,321 - INFO -   -> Loaded 12 faculties into dim_faculty
2025-11-19 21:58:35,369 - INFO -   -> Loaded 47 departments into dim_department
2025-11-19 21:58:35,436 - INFO -   -> Loaded 92 programs into dim_program
2025-11-19 21:58:35,444 - INFO - Populating time dimension...
2025-11-19 21:58:37,485 - INFO -   → Loaded 1096 time dimension records
2025-11-19 21:58:39,655 - INFO -   → Loaded 1000 enrollments into fact_enrollment
2025-11-19 21:58:42,098 - INFO -   → Loaded 998 attendance records into fact_attendance
2025-11-19 21:58:44,767 - INFO -   → Loaded 1000 payments into fact_payment
2025-11-19 21:58:47,238 - INFO -   → Loaded 1000 grades into fact_grade
2025-11-19 21:58:47,241 - INFO - ============================================================
2025-11-19 21:58:47,244 - INFO - ETL PIPELINE COMPLETED SUCCESSFULLY
2025-11-19 21:58:47,247 - INFO - Log file saved to: logs\etl_pipeline_20251119_215830.log
2025-11-19 21:58:47,249 - INFO - ============================================================
2025-11-19 21:58:47,249 - INFO - ETL Pipeline completed successfully in 0:00:16.846356
