2026-02-28 19:54:19,922 - INFO - ETL Pipeline initialized. Log file: D:\NextGen-Data-Architects-Project\backend\logs\etl_pipeline_20260228_195419.log
2026-02-28 19:54:19,927 - INFO - ============================================================
2026-02-28 19:54:19,927 - INFO - ETL PIPELINE STARTED
2026-02-28 19:54:19,927 - INFO - Start time: 2026-02-28 19:54:19
2026-02-28 19:54:19,930 - INFO - ============================================================
2026-02-28 19:54:20,123 - INFO - [RBAC seed] Seeding table app_users with 9 rows from snapshot
2026-02-28 19:54:20,203 - INFO - [RBAC seed] Seeding table user_profiles with 2 rows from snapshot
2026-02-28 19:54:20,249 - INFO - [RBAC seed] Seeding table user_state with 1 rows from snapshot
2026-02-28 19:54:20,294 - INFO - [RBAC seed] User system seeded successfully from snapshot.
2026-02-28 19:54:20,373 - INFO - [RBAC seed] Restored profile photos from D:\NextGen-Data-Architects-Project\backend\etl_seeds\profile_photos to D:\NextGen-Data-Architects-Project\backend\data\profile_photos
2026-02-28 19:54:20,374 - INFO - ============================================================
2026-02-28 19:54:20,374 - INFO - EXTRACT PHASE - Bronze Layer
2026-02-28 19:54:20,374 - INFO - ============================================================
2026-02-28 19:54:20,375 - INFO - Extracting from Source Database 1 (ACADEMICS)...
2026-02-28 19:54:20,494 - INFO -   → Extracted 1000 students
2026-02-28 19:54:20,536 - INFO -   → Extracted 488 courses
2026-02-28 19:54:20,602 - INFO -   → Extracted 1000 enrollments
2026-02-28 19:54:20,659 - INFO -   → Extracted 1000 attendance records
2026-02-28 19:54:20,741 - INFO -   → Extracted 1000 grades
2026-02-28 19:54:20,849 - INFO -   → Extracted 1000 student fees
2026-02-28 19:54:20,849 - INFO -   → Extracted 11 faculties
2026-02-28 19:54:20,862 - INFO -   → Extracted 18 departments
2026-02-28 19:54:20,870 - INFO -   → Extracted 91 programs
2026-02-28 19:54:20,872 - INFO - Extracting from Source Database 2 (ADMINISTRATION)...
2026-02-28 19:54:20,916 - INFO -   → Extracted 1000 employees
2026-02-28 19:54:20,961 - INFO -   → Extracted 1000 payroll records
2026-02-28 19:54:21,332 - INFO - Bronze layer files saved to: D:\NextGen-Data-Architects-Project\backend\data\bronze
2026-02-28 19:54:21,332 - INFO - Bronze layer extraction complete!
2026-02-28 19:54:21,332 - INFO - ============================================================
2026-02-28 19:54:21,332 - INFO - TRANSFORM PHASE - Silver Layer
2026-02-28 19:54:21,332 - INFO - ============================================================
2026-02-28 19:54:21,546 - INFO - Silver layer files saved to: D:\NextGen-Data-Architects-Project\backend\data\silver
2026-02-28 19:54:21,546 - INFO -   → Students: 1000
2026-02-28 19:54:21,546 - INFO -   → Courses: 488
2026-02-28 19:54:21,546 - INFO -   → Enrollments: 1000
2026-02-28 19:54:21,546 - INFO -   → Attendance: 1000
2026-02-28 19:54:21,546 - INFO -   → Payments: 1000
2026-02-28 19:54:21,546 - INFO -   → Grades: 1000
2026-02-28 19:54:21,546 - INFO - Silver layer transformation complete!
2026-02-28 19:54:21,546 - INFO - ============================================================
2026-02-28 19:54:21,546 - INFO - LOAD PHASE - Gold Layer (Data Warehouse)
2026-02-28 19:54:21,546 - INFO - ============================================================
2026-02-28 19:54:21,546 - INFO - Creating data warehouse database: UCU_DataWarehouse
2026-02-28 19:54:21,564 - INFO - Data warehouse database UCU_DataWarehouse already exists
2026-02-28 19:54:21,564 - INFO - Creating dimension tables...
2026-02-28 19:54:22,729 - INFO -   → Loaded 997 students into dim_student
2026-02-28 19:54:22,778 - INFO -   → Loaded 437 courses into dim_course
2026-02-28 19:54:22,791 - INFO -   → Loaded 3 semesters into dim_semester
2026-02-28 19:54:22,882 - INFO -   → Loaded 9 app users into dim_app_user
2026-02-28 19:54:22,918 - INFO -   -> Loaded 11 faculties into dim_faculty
2026-02-28 19:54:22,932 - INFO -   -> Loaded 18 departments into dim_department
2026-02-28 19:54:22,971 - INFO -   -> Loaded 91 programs into dim_program
2026-02-28 19:54:23,129 - INFO -   -> Loaded 1000 employees (staff/lecturers) into dim_employee
2026-02-28 19:54:23,130 - INFO - Populating time dimension...
2026-02-28 19:54:24,013 - INFO -   → Loaded 1826 time dimension records
2026-02-28 19:54:24,725 - INFO -   → Loaded 1000 enrollments into fact_enrollment
2026-02-28 19:54:25,363 - INFO -   → Loaded 998 attendance records into fact_attendance
2026-02-28 19:54:27,304 - INFO -   → Loaded 1000 payments into fact_payment
2026-02-28 19:54:28,346 - INFO -   → Loaded 1000 grades into fact_grade
2026-02-28 19:54:28,349 - INFO - ============================================================
2026-02-28 19:54:28,350 - INFO - ETL PIPELINE COMPLETED SUCCESSFULLY
2026-02-28 19:54:28,350 - INFO - Log file saved to: D:\NextGen-Data-Architects-Project\backend\logs\etl_pipeline_20260228_195419.log
2026-02-28 19:54:28,350 - INFO - ============================================================
2026-02-28 19:54:28,351 - INFO - ETL Pipeline completed successfully in 0:00:08.424090
