2026-03-04 10:49:23,430 - INFO - ETL Pipeline initialized. Log file: D:\NextGen-Data-Architects-Project\backend\logs\etl_pipeline_20260304_104923.log
2026-03-04 10:49:23,432 - INFO - ============================================================
2026-03-04 10:49:23,432 - INFO - ETL PIPELINE STARTED
2026-03-04 10:49:23,434 - INFO - Start time: 2026-03-04 10:49:23
2026-03-04 10:49:23,443 - INFO - ============================================================
2026-03-04 10:49:24,006 - INFO - [RBAC seed] Seeding table app_users with 14 rows from snapshot
2026-03-04 10:49:24,405 - INFO - [RBAC seed] Seeding table user_profiles with 2 rows from snapshot
2026-03-04 10:49:24,559 - INFO - [RBAC seed] Seeding table user_state with 2 rows from snapshot
2026-03-04 10:49:28,189 - INFO - [RBAC seed] Seeded audit_logs with 1437 rows
2026-03-04 10:49:28,215 - INFO - [RBAC seed] User system seeded successfully from snapshot.
2026-03-04 10:49:28,776 - INFO - [RBAC seed] Restored profile photos from D:\NextGen-Data-Architects-Project\backend\etl_seeds\profile_photos to D:\NextGen-Data-Architects-Project\backend\data\profile_photos
2026-03-04 10:49:28,956 - INFO - [RBAC seed] Restored admin_settings.json to D:\NextGen-Data-Architects-Project\backend\data\admin_settings.json
2026-03-04 10:49:32,092 - INFO - [RBAC seed] Restored ETL run logs from D:\NextGen-Data-Architects-Project\backend\etl_seeds\etl_runs to D:\NextGen-Data-Architects-Project\backend\logs
2026-03-04 10:49:32,117 - INFO - ============================================================
2026-03-04 10:49:32,117 - INFO - EXTRACT PHASE - Bronze Layer
2026-03-04 10:49:32,121 - INFO - ============================================================
2026-03-04 10:49:32,125 - INFO - Extracting from Source Database 1 (ACADEMICS)...
2026-03-04 10:49:32,858 - INFO -   → Extracted 1000 students
2026-03-04 10:49:33,130 - INFO -   → Extracted 488 courses
2026-03-04 10:49:33,642 - INFO -   → Extracted 1000 enrollments
2026-03-04 10:49:34,149 - INFO -   → Extracted 1000 attendance records
2026-03-04 10:49:34,965 - INFO -   → Extracted 1000 grades
2026-03-04 10:49:36,639 - INFO -   → Extracted 1000 student fees
2026-03-04 10:49:36,737 - INFO -   → Extracted 11 faculties
2026-03-04 10:49:36,789 - INFO -   → Extracted 18 departments
2026-03-04 10:49:37,009 - INFO -   → Extracted 91 programs
2026-03-04 10:49:37,048 - INFO - Extracting from Source Database 2 (ADMINISTRATION)...
2026-03-04 10:49:38,151 - INFO -   → Extracted 1000 employees
2026-03-04 10:49:38,497 - INFO -   → Extracted 1000 payroll records
2026-03-04 10:49:41,574 - INFO - Bronze layer files saved to: D:\NextGen-Data-Architects-Project\backend\data\bronze
2026-03-04 10:49:41,576 - INFO - Bronze layer extraction complete!
2026-03-04 10:49:41,576 - INFO - ============================================================
2026-03-04 10:49:41,578 - INFO - TRANSFORM PHASE - Silver Layer
2026-03-04 10:49:41,580 - INFO - ============================================================
2026-03-04 10:49:43,599 - INFO - Silver layer files saved to: D:\NextGen-Data-Architects-Project\backend\data\silver
2026-03-04 10:49:43,601 - INFO -   → Students: 1000
2026-03-04 10:49:43,604 - INFO -   → Courses: 488
2026-03-04 10:49:43,607 - INFO -   → Enrollments: 1000
2026-03-04 10:49:43,611 - INFO -   → Attendance: 1000
2026-03-04 10:49:43,612 - INFO -   → Payments: 1000
2026-03-04 10:49:43,612 - INFO -   → Grades: 1000
2026-03-04 10:49:43,615 - INFO - Silver layer transformation complete!
2026-03-04 10:49:43,649 - INFO - ============================================================
2026-03-04 10:49:43,657 - INFO - LOAD PHASE - Gold Layer (Data Warehouse)
2026-03-04 10:49:43,662 - INFO - ============================================================
2026-03-04 10:49:43,664 - INFO - Creating data warehouse database: UCU_DataWarehouse
2026-03-04 10:49:43,769 - INFO - Data warehouse database UCU_DataWarehouse already exists
2026-03-04 10:49:43,786 - INFO - Creating dimension tables...
2026-03-04 10:50:00,600 - INFO -   → Loaded 997 students into dim_student
2026-03-04 10:50:01,352 - INFO -   → Loaded 437 courses into dim_course
2026-03-04 10:50:01,485 - INFO -   → Loaded 3 semesters into dim_semester
2026-03-04 10:50:02,671 - INFO -   → Loaded 14 app users into dim_app_user
2026-03-04 10:50:03,016 - INFO -   -> Loaded 11 faculties into dim_faculty
2026-03-04 10:50:03,291 - INFO -   -> Loaded 18 departments into dim_department
2026-03-04 10:50:03,925 - INFO -   -> Loaded 91 programs into dim_program
2026-03-04 10:50:05,437 - INFO -   -> Loaded 1000 employees (staff/lecturers) into dim_employee
2026-03-04 10:50:05,443 - INFO - Populating time dimension...
2026-03-04 10:50:11,694 - INFO -   → Loaded 1826 time dimension records
2026-03-04 10:50:13,738 - INFO -   → Loaded 1000 enrollments into fact_enrollment
2026-03-04 10:50:15,694 - INFO -   → Loaded 998 attendance records into fact_attendance
2026-03-04 10:50:23,007 - INFO -   → Loaded 1000 payments into fact_payment
2026-03-04 10:50:28,414 - INFO -   → Loaded 1000 grades into fact_grade
2026-03-04 10:50:28,426 - INFO - ============================================================
2026-03-04 10:50:28,426 - INFO - ETL PIPELINE COMPLETED SUCCESSFULLY
2026-03-04 10:50:28,427 - INFO - Log file saved to: D:\NextGen-Data-Architects-Project\backend\logs\etl_pipeline_20260304_104923.log
2026-03-04 10:50:28,428 - INFO - ============================================================
2026-03-04 10:50:28,428 - INFO - ETL Pipeline completed successfully in 0:01:04.995427
