2026-03-11 23:18:02,278 - INFO - ETL Pipeline initialized. Log file: /app/logs/etl_pipeline_20260311_231802.log
2026-03-11 23:18:02,280 - INFO - ============================================================
2026-03-11 23:18:02,289 - INFO - ETL PIPELINE STARTED
2026-03-11 23:18:02,291 - INFO - Start time: 2026-03-11 23:18:02
2026-03-11 23:18:02,292 - INFO - ============================================================
2026-03-11 23:18:04,032 - INFO - [RBAC seed] Seeding table app_users with 1 rows from snapshot
2026-03-11 23:18:05,322 - INFO - [RBAC seed] Seeding table user_profiles with 0 rows from snapshot
2026-03-11 23:18:05,424 - INFO - [RBAC seed] Seeding table user_state with 0 rows from snapshot
2026-03-11 23:18:05,710 - INFO - [RBAC seed] Seeded audit_logs with 5 rows
2026-03-11 23:18:05,713 - INFO - [RBAC seed] User system seeded successfully from snapshot.
2026-03-11 23:18:06,936 - INFO - [RBAC seed] Restored profile photos from /app/etl_seeds/profile_photos to /app/data/profile_photos
2026-03-11 23:18:07,028 - INFO - [RBAC seed] Restored admin_settings.json to /app/data/admin_settings.json
2026-03-11 23:18:42,451 - INFO - [RBAC seed] Restored ETL run logs from /app/etl_seeds/etl_runs to /app/logs
2026-03-11 23:18:42,453 - INFO - ============================================================
2026-03-11 23:18:42,455 - INFO - EXTRACT PHASE - Bronze Layer
2026-03-11 23:18:42,466 - INFO - ============================================================
2026-03-11 23:18:42,477 - INFO - Using SYNTHETIC data source: /app/data/Synthetic_Data
2026-03-11 23:18:42,550 - INFO - Synthetic data root: /app/data/Synthetic_Data
2026-03-11 23:18:42,648 - INFO -   -> Found 35 CSV/XLSX files in Synthetic_Data
2026-03-11 23:18:42,994 - INFO -   -> Loaded dimension hierarchy from faculties_departments.csv
2026-03-11 23:18:42,998 - INFO -   -> Faculties: 11, Departments: 18, Programs: 91
2026-03-11 23:19:37,410 - INFO -   -> Combined student lists: 10000 unique (by RegNo)
2026-03-11 23:19:38,293 - INFO -   -> Students: 10000 (columns: 39)
2026-03-11 23:19:38,892 - INFO -   -> Courses: 3035 (columns: 13)
2026-03-11 23:19:47,628 - INFO -   -> Grades: 234978 (columns: 27)
2026-03-11 23:19:48,504 - INFO -   -> Enrollments (from enrollment_list15/16): 10000
2026-03-11 23:20:00,778 - INFO -   -> Payments: 130871 (columns: 27)
2026-03-11 23:21:20,028 - INFO -   -> Attendance: 3117871 (columns: 9)
2026-03-11 23:21:20,310 - INFO -   -> Employees (synthetic): 253
2026-03-11 23:21:20,505 - INFO -   -> High schools: 73 (columns: 4)
2026-03-11 23:21:21,384 - INFO -   -> Student–high school: 20000
2026-03-11 23:21:22,150 - INFO -   -> Transcript: 36233
2026-03-11 23:21:22,707 - INFO -   -> Academic performance: 36233
2026-03-11 23:21:24,697 - INFO -   -> Sponsorships: 41866
2026-03-11 23:22:04,151 - INFO -   -> Progression: 469956
2026-03-11 23:22:04,184 - INFO -   -> Grades summary sheets: 0
2026-03-11 23:22:04,868 - INFO -   -> Dim date: 1826
2026-03-11 23:22:17,463 - INFO - Bronze (synthetic) extraction complete.
2026-03-11 23:22:17,604 - INFO - ============================================================
2026-03-11 23:22:17,606 - INFO - TRANSFORM PHASE - Silver Layer
2026-03-11 23:22:17,613 - INFO - ============================================================
2026-03-11 23:23:15,522 - INFO - Silver layer files saved to: /app/data/silver
2026-03-11 23:23:15,523 - INFO -   → Students: 10000
2026-03-11 23:23:15,533 - INFO -   → Courses: 3035
2026-03-11 23:23:15,536 - INFO -   → Enrollments: 10000
2026-03-11 23:23:15,539 - INFO -   → Attendance: 3117871
2026-03-11 23:23:15,562 - INFO -   → Payments: 130871
2026-03-11 23:23:15,579 - INFO -   → Grades: 234978
2026-03-11 23:23:15,586 - INFO -   → Transcript: 36233
2026-03-11 23:23:15,596 - INFO -   → Academic performance: 36233
2026-03-11 23:23:15,614 - INFO -   → Sponsorships: 41866
2026-03-11 23:23:15,623 - INFO -   → Progression: 469956
2026-03-11 23:23:15,654 - INFO -   → Student–high school: 20000
2026-03-11 23:23:15,665 - INFO -   → High schools: 73
2026-03-11 23:23:15,685 - INFO - Silver layer transformation complete!
2026-03-11 23:23:15,712 - INFO - ============================================================
2026-03-11 23:23:15,723 - INFO - LOAD PHASE - Gold Layer (Data Warehouse)
2026-03-11 23:23:15,749 - INFO - ============================================================
2026-03-11 23:23:15,751 - INFO - Creating data warehouse database: ucu_datawarehouse
2026-03-11 23:23:16,088 - INFO - Data warehouse database ucu_datawarehouse ready
2026-03-11 23:23:16,149 - INFO - Creating dimension tables...
2026-03-11 23:23:17,515 - INFO -   → Loaded 1823 courses into dim_course (from catalog)
2026-03-11 23:23:18,339 - INFO -   → Loaded 1823 courses into dim_course (from silver)
2026-03-11 23:24:17,716 - INFO -   → Loaded 10000 students into dim_student (50 columns)
2026-03-11 23:24:17,770 - INFO -   → Loaded 3 semesters into dim_semester
2026-03-11 23:24:18,236 - INFO -   → Loaded 1 app users into dim_app_user
2026-03-11 23:24:18,334 - INFO -   -> Loaded 11 faculties into dim_faculty
2026-03-11 23:24:18,421 - INFO -   -> Loaded 18 departments into dim_department
2026-03-11 23:24:18,571 - INFO -   -> Loaded 91 programs into dim_program
2026-03-11 23:24:18,815 - INFO -   -> Loaded 253 employees (staff/lecturers) into dim_employee
2026-03-11 23:24:18,902 - INFO -   -> Loaded 73 high schools into dim_high_school (all columns)
2026-03-11 23:24:19,167 - INFO - Populating time dimension...
2026-03-11 23:24:20,508 - INFO -   → Loaded 1826 time dimension records
2026-03-11 23:24:22,847 - INFO -   → fact_enrollment incremental: 10000 new rows (skipped 0 existing)
2026-03-11 23:24:35,176 - INFO -   → Loaded 10000 enrollments into fact_enrollment
2026-03-11 23:26:32,049 - INFO -   -> Attendance: 3117871 rows pre-filter, 3117871 new rows after incremental watermark (max_id=0)
2026-03-11 23:56:33,181 - INFO -   -> Loaded 3117871 attendance records into fact_attendance (in batches)
2026-03-11 23:56:40,737 - INFO -   -> fact_payment ready (incremental, no in-batch dedupe): 130871 rows (pre-filter: 130871)
2026-03-12 00:00:19,052 - INFO -   -> Loaded 130871 payments into fact_payment (in batches)
2026-03-12 00:00:32,756 - INFO -   -> fact_grade ready (incremental): 234978 rows (pre-filter: 234978)
2026-03-12 00:04:15,512 - INFO -   -> Loaded 234978 grades into fact_grade (in batches)
2026-03-12 00:05:23,217 - INFO -   → Loaded 36233 rows into fact_transcript (22 columns, in batches)
2026-03-12 00:05:59,114 - INFO -   → Loaded 36233 rows into fact_academic_performance (16 columns, in batches)
2026-03-12 00:06:36,724 - INFO -   → Loaded 41866 rows into fact_sponsorship (14 columns, in batches)
2026-03-12 00:11:17,836 - INFO -   → Loaded 469956 rows into fact_progression (9 columns, in batches)
2026-03-12 00:11:41,576 - INFO -   → Loaded 20000 rows into fact_student_high_school (9 columns, in batches)
2026-03-12 00:11:41,987 - INFO -   → Grades summary fallback: built from transcript (36233 rows) and academic performance (36233 rows) -> 72466 rows
2026-03-12 00:13:45,596 - INFO -   → Loaded 72466 rows into fact_grades_summary (24 columns, in batches)
2026-03-12 00:13:47,769 - INFO -   → Loaded 1826 rows into dim_date (16 columns, in batches)
2026-03-12 00:13:48,189 - INFO - ============================================================
2026-03-12 00:13:48,190 - INFO - ETL PIPELINE COMPLETED SUCCESSFULLY
2026-03-12 00:13:48,192 - INFO - Log file saved to: /app/logs/etl_pipeline_20260311_231802.log
2026-03-12 00:13:48,196 - INFO - ============================================================
2026-03-12 00:13:48,202 - INFO - ETL Pipeline completed successfully in 0:55:45.921468
