2026-02-25 11:13:49,274 - INFO - ETL Pipeline initialized. Log file: D:\NextGen-Data-Architects-Project\backend\logs\etl_pipeline_20260225_111349.log
2026-02-25 11:13:49,274 - INFO - ============================================================
2026-02-25 11:13:49,274 - INFO - ETL PIPELINE STARTED
2026-02-25 11:13:49,274 - INFO - Start time: 2026-02-25 11:13:49
2026-02-25 11:13:49,281 - INFO - ============================================================
2026-02-25 11:13:49,281 - INFO - ============================================================
2026-02-25 11:13:49,281 - INFO - EXTRACT PHASE - Bronze Layer
2026-02-25 11:13:49,285 - INFO - ============================================================
2026-02-25 11:13:49,286 - INFO - Extracting from Source Database 1 (ACADEMICS)...
2026-02-25 11:13:49,665 - INFO -   → Extracted 1000 students
2026-02-25 11:13:49,705 - INFO -   → Extracted 488 courses
2026-02-25 11:13:49,786 - INFO -   → Extracted 1000 enrollments
2026-02-25 11:13:49,864 - INFO -   → Extracted 1000 attendance records
2026-02-25 11:13:49,975 - INFO -   → Extracted 1000 grades
2026-02-25 11:13:50,175 - INFO -   → Extracted 1000 student fees
2026-02-25 11:13:50,186 - INFO -   → Extracted 11 faculties
2026-02-25 11:13:50,207 - INFO -   → Extracted 18 departments
2026-02-25 11:13:50,279 - INFO -   → Extracted 91 programs
2026-02-25 11:13:50,283 - INFO - Extracting from Source Database 2 (ADMINISTRATION)...
2026-02-25 11:13:50,448 - INFO -   → Extracted 1000 employees
2026-02-25 11:13:50,523 - INFO -   → Extracted 1000 payroll records
2026-02-25 11:13:51,576 - INFO - Bronze layer files saved to: D:\NextGen-Data-Architects-Project\backend\data\bronze
2026-02-25 11:13:51,577 - INFO - Bronze layer extraction complete!
2026-02-25 11:13:51,577 - INFO - ============================================================
2026-02-25 11:13:51,579 - INFO - TRANSFORM PHASE - Silver Layer
2026-02-25 11:13:51,579 - INFO - ============================================================
2026-02-25 11:13:51,923 - INFO - Silver layer files saved to: D:\NextGen-Data-Architects-Project\backend\data\silver
2026-02-25 11:13:51,925 - INFO -   → Students: 1000
2026-02-25 11:13:51,926 - INFO -   → Courses: 488
2026-02-25 11:13:51,926 - INFO -   → Enrollments: 1000
2026-02-25 11:13:51,926 - INFO -   → Attendance: 1000
2026-02-25 11:13:51,926 - INFO -   → Payments: 1000
2026-02-25 11:13:51,926 - INFO -   → Grades: 1000
2026-02-25 11:13:51,929 - INFO - Silver layer transformation complete!
2026-02-25 11:13:51,933 - INFO - ============================================================
2026-02-25 11:13:51,933 - INFO - LOAD PHASE - Gold Layer (Data Warehouse)
2026-02-25 11:13:51,933 - INFO - ============================================================
2026-02-25 11:13:51,933 - INFO - Creating data warehouse database: UCU_DataWarehouse
2026-02-25 11:13:51,996 - INFO - Data warehouse database UCU_DataWarehouse already exists
2026-02-25 11:13:52,003 - INFO - Creating dimension tables...
2026-02-25 11:13:55,143 - INFO -   → Loaded 997 students into dim_student
2026-02-25 11:13:55,231 - INFO -   → Loaded 437 courses into dim_course
2026-02-25 11:13:55,272 - INFO -   → Loaded 3 semesters into dim_semester
2026-02-25 11:13:55,349 - INFO -   -> Loaded 11 faculties into dim_faculty
2026-02-25 11:13:55,384 - INFO -   -> Loaded 18 departments into dim_department
2026-02-25 11:13:55,430 - INFO -   -> Loaded 91 programs into dim_program
2026-02-25 11:13:55,681 - INFO -   -> Loaded 1000 employees (staff/lecturers) into dim_employee
2026-02-25 11:13:55,681 - INFO - Populating time dimension...
2026-02-25 11:13:58,305 - INFO -   → Loaded 1826 time dimension records
2026-02-25 11:14:00,189 - INFO -   → Loaded 1000 enrollments into fact_enrollment
2026-02-25 11:14:02,366 - INFO -   → Loaded 998 attendance records into fact_attendance
2026-02-25 11:14:07,704 - INFO -   → Loaded 1000 payments into fact_payment
2026-02-25 11:14:09,408 - INFO -   → Loaded 1000 grades into fact_grade
2026-02-25 11:14:09,408 - INFO - ============================================================
2026-02-25 11:14:09,408 - INFO - ETL PIPELINE COMPLETED SUCCESSFULLY
2026-02-25 11:14:09,414 - INFO - Log file saved to: D:\NextGen-Data-Architects-Project\backend\logs\etl_pipeline_20260225_111349.log
2026-02-25 11:14:09,414 - INFO - ============================================================
2026-02-25 11:14:09,414 - INFO - ETL Pipeline completed successfully in 0:00:20.140223
