2026-03-04 11:49:05,767 - INFO - ETL Pipeline initialized. Log file: D:\NextGen-Data-Architects-Project\backend\logs\etl_pipeline_20260304_114905.log
2026-03-04 11:49:05,767 - INFO - ============================================================
2026-03-04 11:49:05,770 - INFO - ETL PIPELINE STARTED
2026-03-04 11:49:05,771 - INFO - Start time: 2026-03-04 11:49:05
2026-03-04 11:49:05,771 - INFO - ============================================================
2026-03-04 11:49:06,143 - INFO - [RBAC seed] Seeding table app_users with 14 rows from snapshot
2026-03-04 11:49:06,382 - INFO - [RBAC seed] Seeding table user_profiles with 3 rows from snapshot
2026-03-04 11:49:06,463 - INFO - [RBAC seed] Seeding table user_state with 2 rows from snapshot
2026-03-04 11:49:10,290 - INFO - [RBAC seed] Seeded audit_logs with 1446 rows
2026-03-04 11:49:10,292 - INFO - [RBAC seed] User system seeded successfully from snapshot.
2026-03-04 11:49:10,400 - INFO - [RBAC seed] Restored profile photos from D:\NextGen-Data-Architects-Project\backend\etl_seeds\profile_photos to D:\NextGen-Data-Architects-Project\backend\data\profile_photos
2026-03-04 11:49:10,409 - INFO - [RBAC seed] Restored admin_settings.json to D:\NextGen-Data-Architects-Project\backend\data\admin_settings.json
2026-03-04 11:49:10,968 - INFO - [RBAC seed] Restored ETL run logs from D:\NextGen-Data-Architects-Project\backend\etl_seeds\etl_runs to D:\NextGen-Data-Architects-Project\backend\logs
2026-03-04 11:49:10,976 - INFO - ============================================================
2026-03-04 11:49:10,977 - INFO - EXTRACT PHASE - Bronze Layer
2026-03-04 11:49:10,977 - INFO - ============================================================
2026-03-04 11:49:10,978 - INFO - Extracting from Source Database 1 (ACADEMICS)...
2026-03-04 11:49:11,177 - INFO -   → Extracted 1000 students
2026-03-04 11:49:11,260 - INFO -   → Extracted 488 courses
2026-03-04 11:49:11,357 - INFO -   → Extracted 1000 enrollments
2026-03-04 11:49:11,481 - INFO -   → Extracted 1000 attendance records
2026-03-04 11:49:11,656 - INFO -   → Extracted 1000 grades
2026-03-04 11:49:11,963 - INFO -   → Extracted 1000 student fees
2026-03-04 11:49:11,971 - INFO -   → Extracted 11 faculties
2026-03-04 11:49:11,994 - INFO -   → Extracted 18 departments
2026-03-04 11:49:12,029 - INFO -   → Extracted 91 programs
2026-03-04 11:49:12,030 - INFO - Extracting from Source Database 2 (ADMINISTRATION)...
2026-03-04 11:49:12,260 - INFO -   → Extracted 1000 employees
2026-03-04 11:49:12,335 - INFO -   → Extracted 1000 payroll records
2026-03-04 11:49:12,929 - INFO - Bronze layer files saved to: D:\NextGen-Data-Architects-Project\backend\data\bronze
2026-03-04 11:49:12,929 - INFO - Bronze layer extraction complete!
2026-03-04 11:49:12,930 - INFO - ============================================================
2026-03-04 11:49:12,930 - INFO - TRANSFORM PHASE - Silver Layer
2026-03-04 11:49:12,930 - INFO - ============================================================
2026-03-04 11:49:14,861 - INFO - Silver layer files saved to: D:\NextGen-Data-Architects-Project\backend\data\silver
2026-03-04 11:49:14,862 - INFO -   → Students: 1000
2026-03-04 11:49:14,862 - INFO -   → Courses: 488
2026-03-04 11:49:14,863 - INFO -   → Enrollments: 1000
2026-03-04 11:49:14,863 - INFO -   → Attendance: 1000
2026-03-04 11:49:14,863 - INFO -   → Payments: 1000
2026-03-04 11:49:14,864 - INFO -   → Grades: 1000
2026-03-04 11:49:14,864 - INFO - Silver layer transformation complete!
2026-03-04 11:49:14,886 - INFO - ============================================================
2026-03-04 11:49:14,888 - INFO - LOAD PHASE - Gold Layer (Data Warehouse)
2026-03-04 11:49:14,889 - INFO - ============================================================
2026-03-04 11:49:14,889 - INFO - Creating data warehouse database: UCU_DataWarehouse
2026-03-04 11:49:15,000 - INFO - Data warehouse database UCU_DataWarehouse already exists
2026-03-04 11:49:15,006 - INFO - Creating dimension tables...
2026-03-04 11:49:23,622 - INFO -   → Loaded 997 students into dim_student
2026-03-04 11:49:23,855 - INFO -   → Loaded 437 courses into dim_course
2026-03-04 11:49:23,907 - INFO -   → Loaded 3 semesters into dim_semester
2026-03-04 11:49:24,825 - INFO -   → Loaded 14 app users into dim_app_user
2026-03-04 11:49:25,619 - INFO -   -> Loaded 11 faculties into dim_faculty
2026-03-04 11:49:26,032 - INFO -   -> Loaded 18 departments into dim_department
2026-03-04 11:49:26,392 - INFO -   -> Loaded 91 programs into dim_program
2026-03-04 11:49:27,413 - INFO -   -> Loaded 1000 employees (staff/lecturers) into dim_employee
2026-03-04 11:49:27,415 - INFO - Populating time dimension...
