2026-03-04 10:18:19,849 - INFO - ETL Pipeline initialized. Log file: D:\NextGen-Data-Architects-Project\backend\logs\etl_pipeline_20260304_101819.log
2026-03-04 10:18:19,849 - INFO - ============================================================
2026-03-04 10:18:19,849 - INFO - ETL PIPELINE STARTED
2026-03-04 10:18:19,849 - INFO - Start time: 2026-03-04 10:18:19
2026-03-04 10:18:19,855 - INFO - ============================================================
2026-03-04 10:18:20,141 - INFO - [RBAC seed] Seeding table app_users with 14 rows from snapshot
2026-03-04 10:18:20,382 - INFO - [RBAC seed] Seeding table user_profiles with 2 rows from snapshot
2026-03-04 10:18:20,421 - INFO - [RBAC seed] Seeding table user_state with 2 rows from snapshot
2026-03-04 10:18:22,889 - INFO - [RBAC seed] Seeded audit_logs with 1422 rows
2026-03-04 10:18:22,893 - INFO - [RBAC seed] User system seeded successfully from snapshot.
2026-03-04 10:18:22,944 - INFO - [RBAC seed] Restored profile photos from D:\NextGen-Data-Architects-Project\backend\etl_seeds\profile_photos to D:\NextGen-Data-Architects-Project\backend\data\profile_photos
2026-03-04 10:18:22,951 - INFO - [RBAC seed] Restored admin_settings.json to D:\NextGen-Data-Architects-Project\backend\data\admin_settings.json
2026-03-04 10:18:23,482 - INFO - [RBAC seed] Restored ETL run logs from D:\NextGen-Data-Architects-Project\backend\etl_seeds\etl_runs to D:\NextGen-Data-Architects-Project\backend\logs
2026-03-04 10:18:23,485 - INFO - ============================================================
2026-03-04 10:18:23,485 - INFO - EXTRACT PHASE - Bronze Layer
2026-03-04 10:18:23,485 - INFO - ============================================================
2026-03-04 10:18:23,485 - INFO - Extracting from Source Database 1 (ACADEMICS)...
2026-03-04 10:18:23,969 - INFO -   → Extracted 1000 students
2026-03-04 10:18:24,029 - INFO -   → Extracted 488 courses
2026-03-04 10:18:24,111 - INFO -   → Extracted 1000 enrollments
2026-03-04 10:18:24,205 - INFO -   → Extracted 1000 attendance records
2026-03-04 10:18:24,338 - INFO -   → Extracted 1000 grades
2026-03-04 10:18:24,529 - INFO -   → Extracted 1000 student fees
2026-03-04 10:18:24,535 - INFO -   → Extracted 11 faculties
2026-03-04 10:18:24,544 - INFO -   → Extracted 18 departments
2026-03-04 10:18:24,556 - INFO -   → Extracted 91 programs
2026-03-04 10:18:24,556 - INFO - Extracting from Source Database 2 (ADMINISTRATION)...
2026-03-04 10:18:24,637 - INFO -   → Extracted 1000 employees
2026-03-04 10:18:24,788 - INFO -   → Extracted 1000 payroll records
2026-03-04 10:18:25,225 - INFO - Bronze layer files saved to: D:\NextGen-Data-Architects-Project\backend\data\bronze
2026-03-04 10:18:25,225 - INFO - Bronze layer extraction complete!
2026-03-04 10:18:25,228 - INFO - ============================================================
2026-03-04 10:18:25,228 - INFO - TRANSFORM PHASE - Silver Layer
2026-03-04 10:18:25,228 - INFO - ============================================================
2026-03-04 10:18:25,561 - INFO - Silver layer files saved to: D:\NextGen-Data-Architects-Project\backend\data\silver
2026-03-04 10:18:25,562 - INFO -   → Students: 1000
2026-03-04 10:18:25,562 - INFO -   → Courses: 488
2026-03-04 10:18:25,562 - INFO -   → Enrollments: 1000
2026-03-04 10:18:25,562 - INFO -   → Attendance: 1000
2026-03-04 10:18:25,562 - INFO -   → Payments: 1000
2026-03-04 10:18:25,562 - INFO -   → Grades: 1000
2026-03-04 10:18:25,562 - INFO - Silver layer transformation complete!
2026-03-04 10:18:25,566 - INFO - ============================================================
2026-03-04 10:18:25,568 - INFO - LOAD PHASE - Gold Layer (Data Warehouse)
2026-03-04 10:18:25,568 - INFO - ============================================================
2026-03-04 10:18:25,568 - INFO - Creating data warehouse database: UCU_DataWarehouse
2026-03-04 10:18:25,591 - INFO - Data warehouse database UCU_DataWarehouse already exists
2026-03-04 10:18:25,593 - INFO - Creating dimension tables...
2026-03-04 10:18:27,945 - INFO -   → Loaded 997 students into dim_student
2026-03-04 10:18:28,022 - INFO -   → Loaded 437 courses into dim_course
2026-03-04 10:18:28,043 - INFO -   → Loaded 3 semesters into dim_semester
2026-03-04 10:18:28,169 - INFO -   → Loaded 14 app users into dim_app_user
2026-03-04 10:18:28,237 - INFO -   -> Loaded 11 faculties into dim_faculty
2026-03-04 10:18:28,289 - INFO -   -> Loaded 18 departments into dim_department
2026-03-04 10:18:28,338 - INFO -   -> Loaded 91 programs into dim_program
2026-03-04 10:18:28,549 - INFO -   -> Loaded 1000 employees (staff/lecturers) into dim_employee
2026-03-04 10:18:28,553 - INFO - Populating time dimension...
2026-03-04 10:18:30,472 - INFO -   → Loaded 1826 time dimension records
2026-03-04 10:18:31,781 - INFO -   → Loaded 1000 enrollments into fact_enrollment
2026-03-04 10:18:32,986 - INFO -   → Loaded 998 attendance records into fact_attendance
2026-03-04 10:18:36,887 - INFO -   → Loaded 1000 payments into fact_payment
2026-03-04 10:18:38,155 - INFO -   → Loaded 1000 grades into fact_grade
2026-03-04 10:18:38,162 - INFO - ============================================================
2026-03-04 10:18:38,163 - INFO - ETL PIPELINE COMPLETED SUCCESSFULLY
2026-03-04 10:18:38,164 - INFO - Log file saved to: D:\NextGen-Data-Architects-Project\backend\logs\etl_pipeline_20260304_101819.log
2026-03-04 10:18:38,164 - INFO - ============================================================
2026-03-04 10:18:38,164 - INFO - ETL Pipeline completed successfully in 0:00:18.315089
