2025-11-20 06:57:05,133 - INFO - ETL Pipeline initialized. Log file: logs\etl_pipeline_20251120_065705.log
2025-11-20 06:57:05,134 - INFO - ============================================================
2025-11-20 06:57:05,136 - INFO - ETL PIPELINE STARTED
2025-11-20 06:57:05,137 - INFO - Start time: 2025-11-20 06:57:05
2025-11-20 06:57:05,137 - INFO - ============================================================
2025-11-20 06:57:05,138 - INFO - ============================================================
2025-11-20 06:57:05,139 - INFO - EXTRACT PHASE - Bronze Layer
2025-11-20 06:57:05,141 - INFO - ============================================================
2025-11-20 06:57:05,141 - INFO - Extracting from Source Database 1 (ACADEMICS)...
2025-11-20 06:57:05,367 - INFO -   → Extracted 1000 students
2025-11-20 06:57:05,394 - INFO -   → Extracted 532 courses
2025-11-20 06:57:05,497 - INFO -   → Extracted 1000 enrollments
2025-11-20 06:57:05,582 - INFO -   → Extracted 1000 attendance records
2025-11-20 06:57:05,681 - INFO -   → Extracted 1000 grades
2025-11-20 06:57:05,806 - INFO -   → Extracted 1000 student fees
2025-11-20 06:57:05,813 - INFO -   → Extracted 12 faculties
2025-11-20 06:57:05,823 - INFO -   → Extracted 47 departments
2025-11-20 06:57:05,839 - INFO -   → Extracted 92 programs
2025-11-20 06:57:05,839 - INFO - Extracting from Source Database 2 (ADMINISTRATION)...
2025-11-20 06:57:05,936 - INFO -   → Extracted 1000 employees
2025-11-20 06:57:06,007 - INFO -   → Extracted 1000 payroll records
2025-11-20 06:57:06,733 - INFO - Bronze layer files saved to: D:\final year project\backend\data\bronze
2025-11-20 06:57:06,734 - INFO - Bronze layer extraction complete!
2025-11-20 06:57:06,735 - INFO - ============================================================
2025-11-20 06:57:06,736 - INFO - TRANSFORM PHASE - Silver Layer
2025-11-20 06:57:06,737 - INFO - ============================================================
2025-11-20 06:57:07,166 - INFO - Silver layer files saved to: D:\final year project\backend\data\silver
2025-11-20 06:57:07,168 - INFO -   → Students: 1000
2025-11-20 06:57:07,168 - INFO -   → Courses: 532
2025-11-20 06:57:07,169 - INFO -   → Enrollments: 1000
2025-11-20 06:57:07,170 - INFO -   → Attendance: 1000
2025-11-20 06:57:07,170 - INFO -   → Payments: 1000
2025-11-20 06:57:07,171 - INFO -   → Grades: 1000
2025-11-20 06:57:07,171 - INFO - Silver layer transformation complete!
2025-11-20 06:57:07,178 - INFO - ============================================================
2025-11-20 06:57:07,180 - INFO - LOAD PHASE - Gold Layer (Data Warehouse)
2025-11-20 06:57:07,182 - INFO - ============================================================
2025-11-20 06:57:07,183 - INFO - Creating data warehouse database: UCU_DataWarehouse
2025-11-20 06:57:07,203 - INFO - Data warehouse database UCU_DataWarehouse already exists
2025-11-20 06:57:07,211 - INFO - Creating dimension tables...
2025-11-20 06:57:09,816 - INFO -   → Loaded 997 students into dim_student
2025-11-20 06:57:09,928 - INFO -   → Loaded 487 courses into dim_course
2025-11-20 06:57:09,948 - INFO -   → Loaded 3 semesters into dim_semester
2025-11-20 06:57:10,001 - INFO -   -> Loaded 12 faculties into dim_faculty
2025-11-20 06:57:10,042 - INFO -   -> Loaded 47 departments into dim_department
2025-11-20 06:57:10,089 - INFO -   -> Loaded 92 programs into dim_program
2025-11-20 06:57:10,091 - INFO - Populating time dimension...
2025-11-20 06:57:11,711 - INFO -   → Loaded 1096 time dimension records
2025-11-20 06:57:13,236 - INFO -   → Loaded 1000 enrollments into fact_enrollment
2025-11-20 06:57:14,629 - INFO -   → Loaded 998 attendance records into fact_attendance
2025-11-20 06:57:16,124 - INFO -   → Loaded 1000 payments into fact_payment
2025-11-20 06:57:17,770 - INFO -   → Loaded 1000 grades into fact_grade
2025-11-20 06:57:17,773 - INFO - ============================================================
2025-11-20 06:57:17,773 - INFO - ETL PIPELINE COMPLETED SUCCESSFULLY
2025-11-20 06:57:17,773 - INFO - Log file saved to: logs\etl_pipeline_20251120_065705.log
2025-11-20 06:57:17,775 - INFO - ============================================================
2025-11-20 06:57:17,775 - INFO - ETL Pipeline completed successfully in 0:00:12.641205
