2026-02-28 19:46:02,500 - INFO - ETL Pipeline initialized. Log file: D:\NextGen-Data-Architects-Project\backend\logs\etl_pipeline_20260228_194602.log
2026-02-28 19:46:02,500 - INFO - ============================================================
2026-02-28 19:46:02,500 - INFO - ETL PIPELINE STARTED
2026-02-28 19:46:02,500 - INFO - Start time: 2026-02-28 19:46:02
2026-02-28 19:46:02,500 - INFO - ============================================================
2026-02-28 19:46:02,606 - INFO - [RBAC seed] Seeding table app_users with 9 rows from snapshot
2026-02-28 19:46:02,634 - INFO - [RBAC seed] Seeding table user_profiles with 2 rows from snapshot
2026-02-28 19:46:02,635 - INFO - [RBAC seed] Seeding table user_state with 1 rows from snapshot
2026-02-28 19:46:02,650 - INFO - [RBAC seed] User system seeded successfully from snapshot.
2026-02-28 19:46:02,666 - INFO - [RBAC seed] Restored profile photos from D:\NextGen-Data-Architects-Project\backend\etl_seeds\profile_photos to D:\NextGen-Data-Architects-Project\backend\data\profile_photos
2026-02-28 19:46:02,666 - INFO - ============================================================
2026-02-28 19:46:02,666 - INFO - EXTRACT PHASE - Bronze Layer
2026-02-28 19:46:02,666 - INFO - ============================================================
2026-02-28 19:46:02,666 - INFO - Extracting from Source Database 1 (ACADEMICS)...
2026-02-28 19:46:02,700 - INFO -   → Extracted 1000 students
2026-02-28 19:46:02,716 - INFO -   → Extracted 488 courses
2026-02-28 19:46:02,732 - INFO -   → Extracted 1000 enrollments
2026-02-28 19:46:02,759 - INFO -   → Extracted 1000 attendance records
2026-02-28 19:46:02,783 - INFO -   → Extracted 1000 grades
2026-02-28 19:46:02,835 - INFO -   → Extracted 1000 student fees
2026-02-28 19:46:02,835 - INFO -   → Extracted 11 faculties
2026-02-28 19:46:02,835 - INFO -   → Extracted 18 departments
2026-02-28 19:46:02,842 - INFO -   → Extracted 91 programs
2026-02-28 19:46:02,842 - INFO - Extracting from Source Database 2 (ADMINISTRATION)...
2026-02-28 19:46:02,884 - INFO -   → Extracted 1000 employees
2026-02-28 19:46:02,900 - INFO -   → Extracted 1000 payroll records
2026-02-28 19:46:02,998 - INFO - Bronze layer files saved to: D:\NextGen-Data-Architects-Project\backend\data\bronze
2026-02-28 19:46:02,998 - INFO - Bronze layer extraction complete!
2026-02-28 19:46:02,998 - INFO - ============================================================
2026-02-28 19:46:02,998 - INFO - TRANSFORM PHASE - Silver Layer
2026-02-28 19:46:02,998 - INFO - ============================================================
2026-02-28 19:46:03,093 - INFO - Silver layer files saved to: D:\NextGen-Data-Architects-Project\backend\data\silver
2026-02-28 19:46:03,093 - INFO -   → Students: 1000
2026-02-28 19:46:03,093 - INFO -   → Courses: 488
2026-02-28 19:46:03,093 - INFO -   → Enrollments: 1000
2026-02-28 19:46:03,094 - INFO -   → Attendance: 1000
2026-02-28 19:46:03,094 - INFO -   → Payments: 1000
2026-02-28 19:46:03,094 - INFO -   → Grades: 1000
2026-02-28 19:46:03,094 - INFO - Silver layer transformation complete!
2026-02-28 19:46:03,096 - INFO - ============================================================
2026-02-28 19:46:03,096 - INFO - LOAD PHASE - Gold Layer (Data Warehouse)
2026-02-28 19:46:03,096 - INFO - ============================================================
2026-02-28 19:46:03,097 - INFO - Creating data warehouse database: UCU_DataWarehouse
2026-02-28 19:46:03,102 - INFO - Data warehouse database UCU_DataWarehouse already exists
2026-02-28 19:46:03,102 - INFO - Creating dimension tables...
2026-02-28 19:46:03,966 - INFO -   → Loaded 997 students into dim_student
2026-02-28 19:46:03,997 - INFO -   → Loaded 437 courses into dim_course
2026-02-28 19:46:04,000 - INFO -   → Loaded 3 semesters into dim_semester
2026-02-28 19:46:04,055 - INFO -   → Loaded 9 app users into dim_app_user
2026-02-28 19:46:04,067 - INFO -   -> Loaded 11 faculties into dim_faculty
2026-02-28 19:46:04,083 - INFO -   -> Loaded 18 departments into dim_department
2026-02-28 19:46:04,099 - INFO -   -> Loaded 91 programs into dim_program
2026-02-28 19:46:04,166 - INFO -   -> Loaded 1000 employees (staff/lecturers) into dim_employee
2026-02-28 19:46:04,166 - INFO - Populating time dimension...
2026-02-28 19:46:04,734 - INFO -   → Loaded 1826 time dimension records
2026-02-28 19:46:05,274 - INFO -   → Loaded 1000 enrollments into fact_enrollment
2026-02-28 19:46:05,658 - INFO -   → Loaded 998 attendance records into fact_attendance
2026-02-28 19:46:06,910 - INFO -   → Loaded 1000 payments into fact_payment
2026-02-28 19:46:07,498 - INFO -   → Loaded 1000 grades into fact_grade
2026-02-28 19:46:07,498 - INFO - ============================================================
2026-02-28 19:46:07,498 - INFO - ETL PIPELINE COMPLETED SUCCESSFULLY
2026-02-28 19:46:07,498 - INFO - Log file saved to: D:\NextGen-Data-Architects-Project\backend\logs\etl_pipeline_20260228_194602.log
2026-02-28 19:46:07,498 - INFO - ============================================================
2026-02-28 19:46:07,505 - INFO - ETL Pipeline completed successfully in 0:00:05.005099
