2026-02-26 19:19:01,027 - INFO - ETL Pipeline initialized. Log file: D:\NextGen-Data-Architects-Project\backend\logs\etl_pipeline_20260226_191901.log
2026-02-26 19:19:01,027 - INFO - ============================================================
2026-02-26 19:19:01,027 - INFO - ETL PIPELINE STARTED
2026-02-26 19:19:01,027 - INFO - Start time: 2026-02-26 19:19:01
2026-02-26 19:19:01,027 - INFO - ============================================================
2026-02-26 19:19:01,127 - INFO - [RBAC seed] Seeding table app_users with 6 rows from snapshot
2026-02-26 19:19:01,157 - INFO - [RBAC seed] Seeding table user_profiles with 2 rows from snapshot
2026-02-26 19:19:01,188 - INFO - [RBAC seed] Seeding table user_state with 1 rows from snapshot
2026-02-26 19:19:01,202 - INFO - [RBAC seed] User system seeded successfully from snapshot.
2026-02-26 19:19:01,217 - INFO - [RBAC seed] Restored profile photos from D:\NextGen-Data-Architects-Project\backend\etl_seeds\profile_photos to D:\NextGen-Data-Architects-Project\backend\data\profile_photos
2026-02-26 19:19:01,217 - INFO - ============================================================
2026-02-26 19:19:01,217 - INFO - EXTRACT PHASE - Bronze Layer
2026-02-26 19:19:01,217 - INFO - ============================================================
2026-02-26 19:19:01,217 - INFO - Extracting from Source Database 1 (ACADEMICS)...
2026-02-26 19:19:01,272 - INFO -   → Extracted 1000 students
2026-02-26 19:19:01,282 - INFO -   → Extracted 488 courses
2026-02-26 19:19:01,329 - INFO -   → Extracted 1000 enrollments
2026-02-26 19:19:01,361 - INFO -   → Extracted 1000 attendance records
2026-02-26 19:19:01,393 - INFO -   → Extracted 1000 grades
2026-02-26 19:19:01,473 - INFO -   → Extracted 1000 student fees
2026-02-26 19:19:01,483 - INFO -   → Extracted 11 faculties
2026-02-26 19:19:01,486 - INFO -   → Extracted 18 departments
2026-02-26 19:19:01,490 - INFO -   → Extracted 91 programs
2026-02-26 19:19:01,495 - INFO - Extracting from Source Database 2 (ADMINISTRATION)...
2026-02-26 19:19:01,544 - INFO -   → Extracted 1000 employees
2026-02-26 19:19:01,577 - INFO -   → Extracted 1000 payroll records
2026-02-26 19:19:01,778 - INFO - Bronze layer files saved to: D:\NextGen-Data-Architects-Project\backend\data\bronze
2026-02-26 19:19:01,778 - INFO - Bronze layer extraction complete!
2026-02-26 19:19:01,779 - INFO - ============================================================
2026-02-26 19:19:01,780 - INFO - TRANSFORM PHASE - Silver Layer
2026-02-26 19:19:01,780 - INFO - ============================================================
2026-02-26 19:19:01,975 - INFO - Silver layer files saved to: D:\NextGen-Data-Architects-Project\backend\data\silver
2026-02-26 19:19:01,975 - INFO -   → Students: 1000
2026-02-26 19:19:01,975 - INFO -   → Courses: 488
2026-02-26 19:19:01,975 - INFO -   → Enrollments: 1000
2026-02-26 19:19:01,975 - INFO -   → Attendance: 1000
2026-02-26 19:19:01,975 - INFO -   → Payments: 1000
2026-02-26 19:19:01,975 - INFO -   → Grades: 1000
2026-02-26 19:19:01,975 - INFO - Silver layer transformation complete!
2026-02-26 19:19:01,975 - INFO - ============================================================
2026-02-26 19:19:01,975 - INFO - LOAD PHASE - Gold Layer (Data Warehouse)
2026-02-26 19:19:01,975 - INFO - ============================================================
2026-02-26 19:19:01,975 - INFO - Creating data warehouse database: UCU_DataWarehouse
2026-02-26 19:19:01,994 - INFO - Data warehouse database UCU_DataWarehouse already exists
2026-02-26 19:19:01,994 - INFO - Creating dimension tables...
2026-02-26 19:19:03,235 - INFO -   → Loaded 997 students into dim_student
2026-02-26 19:19:03,276 - INFO -   → Loaded 437 courses into dim_course
2026-02-26 19:19:03,291 - INFO -   → Loaded 3 semesters into dim_semester
2026-02-26 19:19:03,360 - INFO -   → Loaded 6 app users into dim_app_user
2026-02-26 19:19:03,386 - INFO -   -> Loaded 11 faculties into dim_faculty
2026-02-26 19:19:03,402 - INFO -   -> Loaded 18 departments into dim_department
2026-02-26 19:19:03,423 - INFO -   -> Loaded 91 programs into dim_program
2026-02-26 19:19:03,546 - INFO -   -> Loaded 1000 employees (staff/lecturers) into dim_employee
2026-02-26 19:19:03,546 - INFO - Populating time dimension...
2026-02-26 19:19:04,596 - INFO -   → Loaded 1826 time dimension records
2026-02-26 19:19:05,780 - INFO -   → Loaded 1000 enrollments into fact_enrollment
2026-02-26 19:19:06,810 - INFO -   → Loaded 998 attendance records into fact_attendance
2026-02-26 19:19:09,186 - INFO -   → Loaded 1000 payments into fact_payment
2026-02-26 19:19:10,056 - INFO -   → Loaded 1000 grades into fact_grade
2026-02-26 19:19:10,058 - INFO - ============================================================
2026-02-26 19:19:10,059 - INFO - ETL PIPELINE COMPLETED SUCCESSFULLY
2026-02-26 19:19:10,060 - INFO - Log file saved to: D:\NextGen-Data-Architects-Project\backend\logs\etl_pipeline_20260226_191901.log
2026-02-26 19:19:10,061 - INFO - ============================================================
2026-02-26 19:19:10,061 - INFO - ETL Pipeline completed successfully in 0:00:09.033652
