2026-03-11 15:21:48,036 - INFO - ETL Pipeline initialized. Log file: /app/logs/etl_pipeline_20260311_152148.log
2026-03-11 15:21:48,037 - INFO - ============================================================
2026-03-11 15:21:48,038 - INFO - ETL PIPELINE STARTED
2026-03-11 15:21:48,039 - INFO - Start time: 2026-03-11 15:21:48
2026-03-11 15:21:48,040 - INFO - ============================================================
2026-03-11 15:21:48,299 - INFO - [RBAC seed] Seeding table app_users with 14 rows from snapshot
2026-03-11 15:21:48,512 - INFO - [RBAC seed] Seeding table user_profiles with 3 rows from snapshot
2026-03-11 15:21:48,559 - INFO - [RBAC seed] Seeding table user_state with 2 rows from snapshot
2026-03-11 15:21:52,214 - INFO - [RBAC seed] Seeded audit_logs with 1501 rows
2026-03-11 15:21:52,217 - INFO - [RBAC seed] User system seeded successfully from snapshot.
2026-03-11 15:21:52,751 - INFO - [RBAC seed] Restored profile photos from /app/etl_seeds/profile_photos to /app/data/profile_photos
2026-03-11 15:21:52,814 - INFO - [RBAC seed] Restored admin_settings.json to /app/data/admin_settings.json
2026-03-11 15:22:06,132 - INFO - [RBAC seed] Restored ETL run logs from /app/etl_seeds/etl_runs to /app/logs
2026-03-11 15:22:06,137 - INFO - ============================================================
2026-03-11 15:22:06,140 - INFO - EXTRACT PHASE - Bronze Layer
2026-03-11 15:22:06,142 - INFO - ============================================================
2026-03-11 15:22:06,149 - INFO - Using SYNTHETIC data source: /app/data/Synthetic_Data
2026-03-11 15:22:06,171 - INFO - Synthetic data root: /app/data/Synthetic_Data
2026-03-11 15:22:06,211 - INFO -   -> Found 35 CSV/XLSX files in Synthetic_Data
2026-03-11 15:22:06,394 - INFO -   -> Loaded dimension hierarchy from faculties_departments.csv
2026-03-11 15:22:06,396 - INFO -   -> Faculties: 11, Departments: 18, Programs: 91
2026-03-11 15:22:35,033 - INFO -   -> Combined student lists: 10000 unique (by RegNo)
2026-03-11 15:22:35,726 - INFO -   -> Students: 10000 (columns: 39)
2026-03-11 15:22:35,885 - INFO -   -> Courses: 3035 (columns: 13)
2026-03-11 15:22:41,598 - INFO -   -> Grades: 234978 (columns: 27)
2026-03-11 15:22:42,605 - INFO -   -> Enrollments (from enrollment_list15/16): 10000
2026-03-11 15:22:46,875 - INFO -   -> Payments: 130871 (columns: 27)
2026-03-11 15:23:07,198 - INFO -   -> Attendance: 3117871 (columns: 9)
2026-03-11 15:23:07,313 - INFO -   -> Employees (synthetic): 253
2026-03-11 15:23:07,351 - INFO -   -> High schools: 73 (columns: 4)
2026-03-11 15:23:07,655 - INFO -   -> Student–high school: 20000
2026-03-11 15:23:08,110 - INFO -   -> Transcript: 36233
2026-03-11 15:23:08,427 - INFO -   -> Academic performance: 36233
2026-03-11 15:23:08,980 - INFO -   -> Sponsorships: 41866
2026-03-11 15:23:40,678 - INFO -   -> Progression: 469956
2026-03-11 15:23:40,683 - INFO -   -> Grades summary sheets: 0
2026-03-11 15:23:40,800 - INFO -   -> Dim date: 1826
2026-03-11 15:23:47,726 - INFO - Bronze (synthetic) extraction complete.
2026-03-11 15:23:47,746 - INFO - ============================================================
2026-03-11 15:23:47,747 - INFO - TRANSFORM PHASE - Silver Layer
2026-03-11 15:23:47,748 - INFO - ============================================================
2026-03-11 15:24:18,839 - INFO - Silver layer files saved to: /app/data/silver
2026-03-11 15:24:18,840 - INFO -   → Students: 10000
2026-03-11 15:24:18,841 - INFO -   → Courses: 3035
2026-03-11 15:24:18,843 - INFO -   → Enrollments: 10000
2026-03-11 15:24:18,844 - INFO -   → Attendance: 3117871
2026-03-11 15:24:18,846 - INFO -   → Payments: 130871
2026-03-11 15:24:18,847 - INFO -   → Grades: 234978
2026-03-11 15:24:18,849 - INFO -   → Transcript: 36233
2026-03-11 15:24:18,850 - INFO -   → Academic performance: 36233
2026-03-11 15:24:18,851 - INFO -   → Sponsorships: 41866
2026-03-11 15:24:18,853 - INFO -   → Progression: 469956
2026-03-11 15:24:18,855 - INFO -   → Student–high school: 20000
2026-03-11 15:24:18,857 - INFO -   → High schools: 73
2026-03-11 15:24:18,859 - INFO - Silver layer transformation complete!
2026-03-11 15:24:18,865 - INFO - ============================================================
2026-03-11 15:24:18,866 - INFO - LOAD PHASE - Gold Layer (Data Warehouse)
2026-03-11 15:24:18,867 - INFO - ============================================================
2026-03-11 15:24:18,868 - INFO - Creating data warehouse database: ucu_datawarehouse
2026-03-11 15:24:18,983 - INFO - Data warehouse database ucu_datawarehouse ready
2026-03-11 15:24:18,986 - INFO - Creating dimension tables...
2026-03-11 15:24:20,270 - INFO -   → Loaded 1823 courses into dim_course (from catalog)
2026-03-11 15:24:20,886 - INFO -   → Loaded 1823 courses into dim_course (from silver)
2026-03-11 15:25:01,372 - INFO -   → Loaded 10000 students into dim_student (50 columns)
2026-03-11 15:25:01,415 - INFO -   → Loaded 3 semesters into dim_semester
2026-03-11 15:25:01,718 - INFO -   → Loaded 14 app users into dim_app_user
2026-03-11 15:25:01,779 - INFO -   -> Loaded 11 faculties into dim_faculty
2026-03-11 15:25:01,860 - INFO -   -> Loaded 18 departments into dim_department
2026-03-11 15:25:02,012 - INFO -   -> Loaded 91 programs into dim_program
2026-03-11 15:25:02,174 - INFO -   -> Loaded 253 employees (staff/lecturers) into dim_employee
2026-03-11 15:25:02,225 - INFO -   -> Loaded 73 high schools into dim_high_school (all columns)
2026-03-11 15:25:02,347 - INFO - Populating time dimension...
2026-03-11 15:25:03,219 - INFO -   → Loaded 1826 time dimension records
2026-03-11 15:25:04,340 - INFO -   → fact_enrollment incremental: 10000 new rows (skipped 0 existing)
2026-03-11 15:25:11,159 - INFO -   → Loaded 10000 enrollments into fact_enrollment
2026-03-11 15:26:03,396 - INFO -   -> Attendance: 3117871 rows pre-filter, 3117871 new rows after incremental watermark (max_id=0)
