2026-02-26 19:11:26,759 - INFO - ETL Pipeline initialized. Log file: D:\NextGen-Data-Architects-Project\backend\logs\etl_pipeline_20260226_191126.log
2026-02-26 19:11:26,759 - INFO - ============================================================
2026-02-26 19:11:26,759 - INFO - ETL PIPELINE STARTED
2026-02-26 19:11:26,759 - INFO - Start time: 2026-02-26 19:11:26
2026-02-26 19:11:26,759 - INFO - ============================================================
2026-02-26 19:11:26,852 - INFO - [RBAC seed] Seeding table app_users with 5 rows from snapshot
2026-02-26 19:11:26,979 - INFO - [RBAC seed] Seeding table user_profiles with 2 rows from snapshot
2026-02-26 19:11:27,010 - INFO - [RBAC seed] Seeding table user_state with 1 rows from snapshot
2026-02-26 19:11:27,026 - INFO - [RBAC seed] User system seeded successfully from snapshot.
2026-02-26 19:11:27,042 - INFO - [RBAC seed] Restored profile photos from D:\NextGen-Data-Architects-Project\backend\etl_seeds\profile_photos to D:\NextGen-Data-Architects-Project\backend\data\profile_photos
2026-02-26 19:11:27,042 - INFO - ============================================================
2026-02-26 19:11:27,042 - INFO - EXTRACT PHASE - Bronze Layer
2026-02-26 19:11:27,042 - INFO - ============================================================
2026-02-26 19:11:27,042 - INFO - Extracting from Source Database 1 (ACADEMICS)...
2026-02-26 19:11:27,092 - INFO -   → Extracted 1000 students
2026-02-26 19:11:27,106 - INFO -   → Extracted 488 courses
2026-02-26 19:11:27,137 - INFO -   → Extracted 1000 enrollments
2026-02-26 19:11:27,169 - INFO -   → Extracted 1000 attendance records
2026-02-26 19:11:27,201 - INFO -   → Extracted 1000 grades
2026-02-26 19:11:27,264 - INFO -   → Extracted 1000 student fees
2026-02-26 19:11:27,264 - INFO -   → Extracted 11 faculties
2026-02-26 19:11:27,276 - INFO -   → Extracted 18 departments
2026-02-26 19:11:27,280 - INFO -   → Extracted 91 programs
2026-02-26 19:11:27,280 - INFO - Extracting from Source Database 2 (ADMINISTRATION)...
2026-02-26 19:11:27,327 - INFO -   → Extracted 1000 employees
2026-02-26 19:11:27,343 - INFO -   → Extracted 1000 payroll records
2026-02-26 19:11:27,805 - INFO - Bronze layer files saved to: D:\NextGen-Data-Architects-Project\backend\data\bronze
2026-02-26 19:11:27,805 - INFO - Bronze layer extraction complete!
2026-02-26 19:11:27,805 - INFO - ============================================================
2026-02-26 19:11:27,805 - INFO - TRANSFORM PHASE - Silver Layer
2026-02-26 19:11:27,805 - INFO - ============================================================
2026-02-26 19:11:27,932 - INFO - Silver layer files saved to: D:\NextGen-Data-Architects-Project\backend\data\silver
2026-02-26 19:11:27,932 - INFO -   → Students: 1000
2026-02-26 19:11:27,932 - INFO -   → Courses: 488
2026-02-26 19:11:27,932 - INFO -   → Enrollments: 1000
2026-02-26 19:11:27,932 - INFO -   → Attendance: 1000
2026-02-26 19:11:27,932 - INFO -   → Payments: 1000
2026-02-26 19:11:27,932 - INFO -   → Grades: 1000
2026-02-26 19:11:27,932 - INFO - Silver layer transformation complete!
2026-02-26 19:11:27,932 - INFO - ============================================================
2026-02-26 19:11:27,932 - INFO - LOAD PHASE - Gold Layer (Data Warehouse)
2026-02-26 19:11:27,932 - INFO - ============================================================
2026-02-26 19:11:27,932 - INFO - Creating data warehouse database: UCU_DataWarehouse
2026-02-26 19:11:27,964 - INFO - Data warehouse database UCU_DataWarehouse already exists
2026-02-26 19:11:27,964 - INFO - Creating dimension tables...
2026-02-26 19:11:29,142 - INFO -   → Loaded 997 students into dim_student
2026-02-26 19:11:29,190 - INFO -   → Loaded 437 courses into dim_course
2026-02-26 19:11:29,206 - INFO -   → Loaded 3 semesters into dim_semester
2026-02-26 19:11:29,253 - INFO -   → Loaded 5 app users into dim_app_user
2026-02-26 19:11:29,285 - INFO -   -> Loaded 11 faculties into dim_faculty
2026-02-26 19:11:29,301 - INFO -   -> Loaded 18 departments into dim_department
2026-02-26 19:11:29,319 - INFO -   -> Loaded 91 programs into dim_program
2026-02-26 19:11:29,446 - INFO -   -> Loaded 1000 employees (staff/lecturers) into dim_employee
2026-02-26 19:11:29,447 - INFO - Populating time dimension...
2026-02-26 19:11:30,516 - INFO -   → Loaded 1826 time dimension records
2026-02-26 19:11:31,275 - INFO -   → Loaded 1000 enrollments into fact_enrollment
2026-02-26 19:11:32,210 - INFO -   → Loaded 998 attendance records into fact_attendance
2026-02-26 19:11:35,013 - INFO -   → Loaded 1000 payments into fact_payment
2026-02-26 19:11:35,907 - INFO -   → Loaded 1000 grades into fact_grade
2026-02-26 19:11:35,907 - INFO - ============================================================
2026-02-26 19:11:35,907 - INFO - ETL PIPELINE COMPLETED SUCCESSFULLY
2026-02-26 19:11:35,907 - INFO - Log file saved to: D:\NextGen-Data-Architects-Project\backend\logs\etl_pipeline_20260226_191126.log
2026-02-26 19:11:35,907 - INFO - ============================================================
2026-02-26 19:11:35,907 - INFO - ETL Pipeline completed successfully in 0:00:09.147323
