2026-03-03 23:14:21,791 - INFO - ETL Pipeline initialized. Log file: D:\NextGen-Data-Architects-Project\backend\logs\etl_pipeline_20260303_231421.log
2026-03-03 23:14:21,791 - INFO - ============================================================
2026-03-03 23:14:21,796 - INFO - ETL PIPELINE STARTED
2026-03-03 23:14:21,796 - INFO - Start time: 2026-03-03 23:14:21
2026-03-03 23:14:21,796 - INFO - ============================================================
2026-03-03 23:14:22,046 - INFO - [RBAC seed] Seeding table app_users with 12 rows from snapshot
2026-03-03 23:14:22,292 - INFO - [RBAC seed] Seeding table user_profiles with 2 rows from snapshot
2026-03-03 23:14:22,335 - INFO - [RBAC seed] Seeding table user_state with 1 rows from snapshot
2026-03-03 23:14:24,752 - INFO - [RBAC seed] Seeded audit_logs with 1340 rows
2026-03-03 23:14:24,755 - INFO - [RBAC seed] User system seeded successfully from snapshot.
2026-03-03 23:14:24,826 - INFO - [RBAC seed] Restored profile photos from D:\NextGen-Data-Architects-Project\backend\etl_seeds\profile_photos to D:\NextGen-Data-Architects-Project\backend\data\profile_photos
2026-03-03 23:14:24,836 - INFO - [RBAC seed] Restored admin_settings.json to D:\NextGen-Data-Architects-Project\backend\data\admin_settings.json
2026-03-03 23:14:25,226 - INFO - [RBAC seed] Restored ETL run logs from D:\NextGen-Data-Architects-Project\backend\etl_seeds\etl_runs to D:\NextGen-Data-Architects-Project\backend\logs
2026-03-03 23:14:25,228 - INFO - ============================================================
2026-03-03 23:14:25,230 - INFO - EXTRACT PHASE - Bronze Layer
2026-03-03 23:14:25,230 - INFO - ============================================================
2026-03-03 23:14:25,230 - INFO - Extracting from Source Database 1 (ACADEMICS)...
2026-03-03 23:14:25,369 - INFO -   → Extracted 1000 students
2026-03-03 23:14:25,438 - INFO -   → Extracted 488 courses
2026-03-03 23:14:25,559 - INFO -   → Extracted 1000 enrollments
2026-03-03 23:14:25,628 - INFO -   → Extracted 1000 attendance records
2026-03-03 23:14:25,748 - INFO -   → Extracted 1000 grades
2026-03-03 23:14:25,966 - INFO -   → Extracted 1000 student fees
2026-03-03 23:14:25,973 - INFO -   → Extracted 11 faculties
2026-03-03 23:14:25,985 - INFO -   → Extracted 18 departments
2026-03-03 23:14:26,028 - INFO -   → Extracted 91 programs
2026-03-03 23:14:26,030 - INFO - Extracting from Source Database 2 (ADMINISTRATION)...
2026-03-03 23:14:26,138 - INFO -   → Extracted 1000 employees
2026-03-03 23:14:26,202 - INFO -   → Extracted 1000 payroll records
2026-03-03 23:14:26,705 - INFO - Bronze layer files saved to: D:\NextGen-Data-Architects-Project\backend\data\bronze
2026-03-03 23:14:26,706 - INFO - Bronze layer extraction complete!
2026-03-03 23:14:26,706 - INFO - ============================================================
2026-03-03 23:14:26,706 - INFO - TRANSFORM PHASE - Silver Layer
2026-03-03 23:14:26,706 - INFO - ============================================================
2026-03-03 23:14:27,140 - INFO - Silver layer files saved to: D:\NextGen-Data-Architects-Project\backend\data\silver
2026-03-03 23:14:27,140 - INFO -   → Students: 1000
2026-03-03 23:14:27,140 - INFO -   → Courses: 488
2026-03-03 23:14:27,140 - INFO -   → Enrollments: 1000
2026-03-03 23:14:27,142 - INFO -   → Attendance: 1000
2026-03-03 23:14:27,142 - INFO -   → Payments: 1000
2026-03-03 23:14:27,142 - INFO -   → Grades: 1000
2026-03-03 23:14:27,142 - INFO - Silver layer transformation complete!
2026-03-03 23:14:27,147 - INFO - ============================================================
2026-03-03 23:14:27,147 - INFO - LOAD PHASE - Gold Layer (Data Warehouse)
2026-03-03 23:14:27,147 - INFO - ============================================================
2026-03-03 23:14:27,147 - INFO - Creating data warehouse database: UCU_DataWarehouse
2026-03-03 23:14:27,184 - INFO - Data warehouse database UCU_DataWarehouse already exists
2026-03-03 23:14:27,186 - INFO - Creating dimension tables...
2026-03-03 23:14:30,015 - INFO -   → Loaded 997 students into dim_student
2026-03-03 23:14:30,138 - INFO -   → Loaded 437 courses into dim_course
2026-03-03 23:14:30,176 - INFO -   → Loaded 3 semesters into dim_semester
2026-03-03 23:14:30,328 - INFO -   → Loaded 12 app users into dim_app_user
2026-03-03 23:14:30,403 - INFO -   -> Loaded 11 faculties into dim_faculty
2026-03-03 23:14:30,451 - INFO -   -> Loaded 18 departments into dim_department
2026-03-03 23:14:30,501 - INFO -   -> Loaded 91 programs into dim_program
2026-03-03 23:14:30,806 - INFO -   -> Loaded 1000 employees (staff/lecturers) into dim_employee
2026-03-03 23:14:30,807 - INFO - Populating time dimension...
2026-03-03 23:14:32,894 - INFO -   → Loaded 1826 time dimension records
2026-03-03 23:14:34,225 - INFO -   → Loaded 1000 enrollments into fact_enrollment
2026-03-03 23:14:35,510 - INFO -   → Loaded 998 attendance records into fact_attendance
2026-03-03 23:14:39,529 - INFO -   → Loaded 1000 payments into fact_payment
2026-03-03 23:14:40,948 - INFO -   → Loaded 1000 grades into fact_grade
2026-03-03 23:14:40,951 - INFO - ============================================================
2026-03-03 23:14:40,951 - INFO - ETL PIPELINE COMPLETED SUCCESSFULLY
2026-03-03 23:14:40,951 - INFO - Log file saved to: D:\NextGen-Data-Architects-Project\backend\logs\etl_pipeline_20260303_231421.log
2026-03-03 23:14:40,951 - INFO - ============================================================
2026-03-03 23:14:40,951 - INFO - ETL Pipeline completed successfully in 0:00:19.160418
