2026-03-03 18:14:25,563 - INFO - ETL Pipeline initialized. Log file: D:\NextGen-Data-Architects-Project\backend\logs\etl_pipeline_20260303_181425.log
2026-03-03 18:14:25,569 - INFO - ============================================================
2026-03-03 18:14:25,570 - INFO - ETL PIPELINE STARTED
2026-03-03 18:14:25,570 - INFO - Start time: 2026-03-03 18:14:25
2026-03-03 18:14:25,572 - INFO - ============================================================
2026-03-03 18:14:26,013 - INFO - [RBAC seed] Seeding table app_users with 12 rows from snapshot
2026-03-03 18:14:26,283 - INFO - [RBAC seed] Seeding table user_profiles with 2 rows from snapshot
2026-03-03 18:14:26,344 - INFO - [RBAC seed] Seeding table user_state with 1 rows from snapshot
2026-03-03 18:14:31,807 - INFO - [RBAC seed] Seeded audit_logs with 1337 rows
2026-03-03 18:14:31,809 - INFO - [RBAC seed] User system seeded successfully from snapshot.
2026-03-03 18:14:31,863 - INFO - [RBAC seed] Restored profile photos from D:\NextGen-Data-Architects-Project\backend\etl_seeds\profile_photos to D:\NextGen-Data-Architects-Project\backend\data\profile_photos
2026-03-03 18:14:31,879 - INFO - [RBAC seed] Restored admin_settings.json to D:\NextGen-Data-Architects-Project\backend\data\admin_settings.json
2026-03-03 18:14:32,165 - INFO - [RBAC seed] Restored ETL run logs from D:\NextGen-Data-Architects-Project\backend\etl_seeds\etl_runs to D:\NextGen-Data-Architects-Project\backend\logs
2026-03-03 18:14:32,167 - INFO - ============================================================
2026-03-03 18:14:32,167 - INFO - EXTRACT PHASE - Bronze Layer
2026-03-03 18:14:32,169 - INFO - ============================================================
2026-03-03 18:14:32,169 - INFO - Extracting from Source Database 1 (ACADEMICS)...
2026-03-03 18:14:32,311 - INFO -   → Extracted 1000 students
2026-03-03 18:14:32,364 - INFO -   → Extracted 488 courses
2026-03-03 18:14:32,463 - INFO -   → Extracted 1000 enrollments
2026-03-03 18:14:32,532 - INFO -   → Extracted 1000 attendance records
2026-03-03 18:14:32,685 - INFO -   → Extracted 1000 grades
2026-03-03 18:14:33,073 - INFO -   → Extracted 1000 student fees
2026-03-03 18:14:33,080 - INFO -   → Extracted 11 faculties
2026-03-03 18:14:33,090 - INFO -   → Extracted 18 departments
2026-03-03 18:14:33,110 - INFO -   → Extracted 91 programs
2026-03-03 18:14:33,112 - INFO - Extracting from Source Database 2 (ADMINISTRATION)...
2026-03-03 18:14:33,229 - INFO -   → Extracted 1000 employees
2026-03-03 18:14:33,283 - INFO -   → Extracted 1000 payroll records
2026-03-03 18:14:34,084 - INFO - Bronze layer files saved to: D:\NextGen-Data-Architects-Project\backend\data\bronze
2026-03-03 18:14:34,085 - INFO - Bronze layer extraction complete!
2026-03-03 18:14:34,087 - INFO - ============================================================
2026-03-03 18:14:34,087 - INFO - TRANSFORM PHASE - Silver Layer
2026-03-03 18:14:34,087 - INFO - ============================================================
2026-03-03 18:14:34,795 - INFO - Silver layer files saved to: D:\NextGen-Data-Architects-Project\backend\data\silver
2026-03-03 18:14:34,797 - INFO -   → Students: 1000
2026-03-03 18:14:34,797 - INFO -   → Courses: 488
2026-03-03 18:14:34,797 - INFO -   → Enrollments: 1000
2026-03-03 18:14:34,799 - INFO -   → Attendance: 1000
2026-03-03 18:14:34,799 - INFO -   → Payments: 1000
2026-03-03 18:14:34,799 - INFO -   → Grades: 1000
2026-03-03 18:14:34,801 - INFO - Silver layer transformation complete!
2026-03-03 18:14:34,806 - INFO - ============================================================
2026-03-03 18:14:34,806 - INFO - LOAD PHASE - Gold Layer (Data Warehouse)
2026-03-03 18:14:34,806 - INFO - ============================================================
2026-03-03 18:14:34,806 - INFO - Creating data warehouse database: UCU_DataWarehouse
2026-03-03 18:14:34,823 - INFO - Data warehouse database UCU_DataWarehouse already exists
2026-03-03 18:14:34,826 - INFO - Creating dimension tables...
2026-03-03 18:14:37,355 - INFO -   → Loaded 997 students into dim_student
2026-03-03 18:14:37,521 - INFO -   → Loaded 437 courses into dim_course
2026-03-03 18:14:37,550 - INFO -   → Loaded 3 semesters into dim_semester
2026-03-03 18:14:37,648 - INFO -   → Loaded 12 app users into dim_app_user
2026-03-03 18:14:37,693 - INFO -   -> Loaded 11 faculties into dim_faculty
2026-03-03 18:14:37,722 - INFO -   -> Loaded 18 departments into dim_department
2026-03-03 18:14:37,768 - INFO -   -> Loaded 91 programs into dim_program
2026-03-03 18:14:38,042 - INFO -   -> Loaded 1000 employees (staff/lecturers) into dim_employee
2026-03-03 18:14:38,044 - INFO - Populating time dimension...
2026-03-03 18:14:41,280 - INFO -   → Loaded 1826 time dimension records
2026-03-03 18:14:43,686 - INFO -   → Loaded 1000 enrollments into fact_enrollment
2026-03-03 18:14:48,765 - INFO -   → Loaded 998 attendance records into fact_attendance
2026-03-03 18:14:56,062 - INFO -   → Loaded 1000 payments into fact_payment
2026-03-03 18:14:57,580 - INFO -   → Loaded 1000 grades into fact_grade
2026-03-03 18:14:57,583 - INFO - ============================================================
2026-03-03 18:14:57,585 - INFO - ETL PIPELINE COMPLETED SUCCESSFULLY
2026-03-03 18:14:57,585 - INFO - Log file saved to: D:\NextGen-Data-Architects-Project\backend\logs\etl_pipeline_20260303_181425.log
2026-03-03 18:14:57,585 - INFO - ============================================================
2026-03-03 18:14:57,588 - INFO - ETL Pipeline completed successfully in 0:00:32.019225
