2026-02-24 19:33:15,597 - INFO - ETL Pipeline initialized. Log file: D:\NextGen-Data-Architects-Project\backend\logs\etl_pipeline_20260224_193315.log
2026-02-24 19:33:15,597 - INFO - ============================================================
2026-02-24 19:33:15,599 - INFO - ETL PIPELINE STARTED
2026-02-24 19:33:15,601 - INFO - Start time: 2026-02-24 19:33:15
2026-02-24 19:33:15,601 - INFO - ============================================================
2026-02-24 19:33:15,603 - INFO - ============================================================
2026-02-24 19:33:15,603 - INFO - EXTRACT PHASE - Bronze Layer
2026-02-24 19:33:15,603 - INFO - ============================================================
2026-02-24 19:33:15,605 - INFO - Extracting from Source Database 1 (ACADEMICS)...
2026-02-24 19:33:15,927 - INFO -   → Extracted 1000 students
2026-02-24 19:33:15,971 - INFO -   → Extracted 488 courses
2026-02-24 19:33:16,088 - INFO -   → Extracted 1000 enrollments
2026-02-24 19:33:16,190 - INFO -   → Extracted 1000 attendance records
2026-02-24 19:33:16,338 - INFO -   → Extracted 1000 grades
2026-02-24 19:33:16,621 - INFO -   → Extracted 1000 student fees
2026-02-24 19:33:16,633 - INFO -   → Extracted 11 faculties
2026-02-24 19:33:16,651 - INFO -   → Extracted 18 departments
2026-02-24 19:33:16,671 - INFO -   → Extracted 91 programs
2026-02-24 19:33:16,674 - INFO - Extracting from Source Database 2 (ADMINISTRATION)...
2026-02-24 19:33:16,783 - INFO -   → Extracted 1000 employees
2026-02-24 19:33:16,854 - INFO -   → Extracted 1000 payroll records
2026-02-24 19:33:17,363 - INFO - Bronze layer files saved to: D:\NextGen-Data-Architects-Project\backend\data\bronze
2026-02-24 19:33:17,363 - INFO - Bronze layer extraction complete!
2026-02-24 19:33:17,363 - INFO - ============================================================
2026-02-24 19:33:17,363 - INFO - TRANSFORM PHASE - Silver Layer
2026-02-24 19:33:17,363 - INFO - ============================================================
2026-02-24 19:33:17,723 - INFO - Silver layer files saved to: D:\NextGen-Data-Architects-Project\backend\data\silver
2026-02-24 19:33:17,725 - INFO -   → Students: 1000
2026-02-24 19:33:17,725 - INFO -   → Courses: 488
2026-02-24 19:33:17,725 - INFO -   → Enrollments: 1000
2026-02-24 19:33:17,725 - INFO -   → Attendance: 1000
2026-02-24 19:33:17,725 - INFO -   → Payments: 1000
2026-02-24 19:33:17,725 - INFO -   → Grades: 1000
2026-02-24 19:33:17,725 - INFO - Silver layer transformation complete!
2026-02-24 19:33:17,733 - INFO - ============================================================
2026-02-24 19:33:17,733 - INFO - LOAD PHASE - Gold Layer (Data Warehouse)
2026-02-24 19:33:17,733 - INFO - ============================================================
2026-02-24 19:33:17,733 - INFO - Creating data warehouse database: UCU_DataWarehouse
2026-02-24 19:33:17,786 - INFO - Data warehouse database UCU_DataWarehouse already exists
2026-02-24 19:33:17,788 - INFO - Creating dimension tables...
2026-02-24 19:33:20,593 - INFO -   → Loaded 997 students into dim_student
2026-02-24 19:33:20,701 - INFO -   → Loaded 437 courses into dim_course
2026-02-24 19:33:20,726 - INFO -   → Loaded 3 semesters into dim_semester
2026-02-24 19:33:20,787 - INFO -   -> Loaded 11 faculties into dim_faculty
2026-02-24 19:33:20,827 - INFO -   -> Loaded 18 departments into dim_department
2026-02-24 19:33:20,883 - INFO -   -> Loaded 91 programs into dim_program
2026-02-24 19:33:21,211 - INFO -   -> Loaded 1000 employees (staff/lecturers) into dim_employee
2026-02-24 19:33:21,214 - INFO - Populating time dimension...
2026-02-24 19:33:24,040 - INFO -   → Loaded 1826 time dimension records
2026-02-24 19:33:25,335 - INFO -   → Loaded 1000 enrollments into fact_enrollment
2026-02-24 19:33:26,771 - INFO -   → Loaded 998 attendance records into fact_attendance
2026-02-24 19:33:31,755 - INFO -   → Loaded 1000 payments into fact_payment
2026-02-24 19:33:33,500 - INFO -   → Loaded 1000 grades into fact_grade
2026-02-24 19:33:33,504 - INFO - ============================================================
2026-02-24 19:33:33,505 - INFO - ETL PIPELINE COMPLETED SUCCESSFULLY
2026-02-24 19:33:33,506 - INFO - Log file saved to: D:\NextGen-Data-Architects-Project\backend\logs\etl_pipeline_20260224_193315.log
2026-02-24 19:33:33,507 - INFO - ============================================================
2026-02-24 19:33:33,507 - INFO - ETL Pipeline completed successfully in 0:00:17.910625
