2026-03-11 21:34:45,238 - INFO - ETL Pipeline initialized. Log file: /app/logs/etl_pipeline_20260311_213445.log
2026-03-11 21:34:45,239 - INFO - ============================================================
2026-03-11 21:34:45,240 - INFO - ETL PIPELINE STARTED
2026-03-11 21:34:45,241 - INFO - Start time: 2026-03-11 21:34:45
2026-03-11 21:34:45,242 - INFO - ============================================================
2026-03-11 21:34:45,940 - INFO - [RBAC seed] Seeding table app_users with 1 rows from snapshot
2026-03-11 21:34:46,334 - INFO - [RBAC seed] Seeding table user_profiles with 0 rows from snapshot
2026-03-11 21:34:46,364 - INFO - [RBAC seed] Seeding table user_state with 0 rows from snapshot
2026-03-11 21:34:46,536 - INFO - [RBAC seed] Seeded audit_logs with 5 rows
2026-03-11 21:34:46,553 - INFO - [RBAC seed] User system seeded successfully from snapshot.
2026-03-11 21:34:47,313 - INFO - [RBAC seed] Restored profile photos from /app/etl_seeds/profile_photos to /app/data/profile_photos
2026-03-11 21:34:47,385 - INFO - [RBAC seed] Restored admin_settings.json to /app/data/admin_settings.json
2026-03-11 21:35:17,973 - INFO - [RBAC seed] Restored ETL run logs from /app/etl_seeds/etl_runs to /app/logs
2026-03-11 21:35:17,975 - INFO - ============================================================
2026-03-11 21:35:17,976 - INFO - EXTRACT PHASE - Bronze Layer
2026-03-11 21:35:17,977 - INFO - ============================================================
2026-03-11 21:35:17,978 - INFO - Using SYNTHETIC data source: /app/data/Synthetic_Data
2026-03-11 21:35:17,987 - INFO - Synthetic data root: /app/data/Synthetic_Data
2026-03-11 21:35:18,006 - INFO -   -> Found 35 CSV/XLSX files in Synthetic_Data
2026-03-11 21:35:18,086 - INFO -   -> Loaded dimension hierarchy from faculties_departments.csv
2026-03-11 21:35:18,088 - INFO -   -> Faculties: 11, Departments: 18, Programs: 91
2026-03-11 21:35:58,358 - INFO -   -> Combined student lists: 10000 unique (by RegNo)
2026-03-11 21:35:58,817 - INFO -   -> Students: 10000 (columns: 39)
2026-03-11 21:35:58,995 - INFO -   -> Courses: 3035 (columns: 13)
2026-03-11 21:36:08,691 - INFO -   -> Grades: 234978 (columns: 27)
2026-03-11 21:36:09,139 - INFO -   -> Enrollments (from enrollment_list15/16): 10000
2026-03-11 21:36:14,729 - INFO -   -> Payments: 130871 (columns: 27)
2026-03-11 21:36:50,216 - INFO -   -> Attendance: 3117871 (columns: 9)
2026-03-11 21:36:50,360 - INFO -   -> Employees (synthetic): 253
2026-03-11 21:36:50,396 - INFO -   -> High schools: 73 (columns: 4)
2026-03-11 21:36:50,804 - INFO -   -> Student–high school: 20000
2026-03-11 21:36:51,326 - INFO -   -> Transcript: 36233
2026-03-11 21:36:51,700 - INFO -   -> Academic performance: 36233
2026-03-11 21:36:52,357 - INFO -   -> Sponsorships: 41866
2026-03-11 21:37:31,630 - INFO -   -> Progression: 469956
2026-03-11 21:37:31,643 - INFO -   -> Grades summary sheets: 0
2026-03-11 21:37:32,107 - INFO -   -> Dim date: 1826
2026-03-11 21:37:53,317 - INFO - Bronze (synthetic) extraction complete.
2026-03-11 21:37:53,388 - INFO - ============================================================
2026-03-11 21:37:53,389 - INFO - TRANSFORM PHASE - Silver Layer
2026-03-11 21:37:53,390 - INFO - ============================================================
2026-03-11 21:38:29,043 - INFO - Silver layer files saved to: /app/data/silver
2026-03-11 21:38:29,044 - INFO -   → Students: 10000
2026-03-11 21:38:29,045 - INFO -   → Courses: 3035
2026-03-11 21:38:29,046 - INFO -   → Enrollments: 10000
2026-03-11 21:38:29,047 - INFO -   → Attendance: 3117871
2026-03-11 21:38:29,048 - INFO -   → Payments: 130871
2026-03-11 21:38:29,050 - INFO -   → Grades: 234978
2026-03-11 21:38:29,052 - INFO -   → Transcript: 36233
2026-03-11 21:38:29,060 - INFO -   → Academic performance: 36233
2026-03-11 21:38:29,062 - INFO -   → Sponsorships: 41866
2026-03-11 21:38:29,063 - INFO -   → Progression: 469956
2026-03-11 21:38:29,064 - INFO -   → Student–high school: 20000
2026-03-11 21:38:29,067 - INFO -   → High schools: 73
2026-03-11 21:38:29,070 - INFO - Silver layer transformation complete!
2026-03-11 21:38:29,081 - INFO - ============================================================
2026-03-11 21:38:29,082 - INFO - LOAD PHASE - Gold Layer (Data Warehouse)
2026-03-11 21:38:29,083 - INFO - ============================================================
2026-03-11 21:38:29,084 - INFO - Creating data warehouse database: ucu_datawarehouse
2026-03-11 21:38:29,315 - INFO - Data warehouse database ucu_datawarehouse ready
2026-03-11 21:38:29,323 - INFO - Creating dimension tables...
2026-03-11 21:38:30,445 - INFO -   → Loaded 1823 courses into dim_course (from catalog)
2026-03-11 21:38:31,009 - INFO -   → Loaded 1823 courses into dim_course (from silver)
