2026-03-03 20:14:03,772 - INFO - ETL Pipeline initialized. Log file: D:\NextGen-Data-Architects-Project\backend\logs\etl_pipeline_20260303_201403.log
2026-03-03 20:14:03,772 - INFO - ============================================================
2026-03-03 20:14:03,772 - INFO - ETL PIPELINE STARTED
2026-03-03 20:14:03,772 - INFO - Start time: 2026-03-03 20:14:03
2026-03-03 20:14:03,772 - INFO - ============================================================
2026-03-03 20:14:04,051 - INFO - [RBAC seed] Seeding table app_users with 12 rows from snapshot
2026-03-03 20:14:04,306 - INFO - [RBAC seed] Seeding table user_profiles with 2 rows from snapshot
2026-03-03 20:14:04,333 - INFO - [RBAC seed] Seeding table user_state with 1 rows from snapshot
2026-03-03 20:14:05,438 - INFO - [RBAC seed] Seeded audit_logs with 1337 rows
2026-03-03 20:14:05,440 - INFO - [RBAC seed] User system seeded successfully from snapshot.
2026-03-03 20:14:05,471 - INFO - [RBAC seed] Restored profile photos from D:\NextGen-Data-Architects-Project\backend\etl_seeds\profile_photos to D:\NextGen-Data-Architects-Project\backend\data\profile_photos
2026-03-03 20:14:05,477 - INFO - [RBAC seed] Restored admin_settings.json to D:\NextGen-Data-Architects-Project\backend\data\admin_settings.json
2026-03-03 20:14:05,695 - INFO - [RBAC seed] Restored ETL run logs from D:\NextGen-Data-Architects-Project\backend\etl_seeds\etl_runs to D:\NextGen-Data-Architects-Project\backend\logs
2026-03-03 20:14:05,697 - INFO - ============================================================
2026-03-03 20:14:05,697 - INFO - EXTRACT PHASE - Bronze Layer
2026-03-03 20:14:05,697 - INFO - ============================================================
2026-03-03 20:14:05,697 - INFO - Extracting from Source Database 1 (ACADEMICS)...
2026-03-03 20:14:05,777 - INFO -   → Extracted 1000 students
2026-03-03 20:14:05,798 - INFO -   → Extracted 488 courses
2026-03-03 20:14:05,863 - INFO -   → Extracted 1000 enrollments
2026-03-03 20:14:05,909 - INFO -   → Extracted 1000 attendance records
2026-03-03 20:14:05,969 - INFO -   → Extracted 1000 grades
2026-03-03 20:14:06,106 - INFO -   → Extracted 1000 student fees
2026-03-03 20:14:06,112 - INFO -   → Extracted 11 faculties
2026-03-03 20:14:06,117 - INFO -   → Extracted 18 departments
2026-03-03 20:14:06,131 - INFO -   → Extracted 91 programs
2026-03-03 20:14:06,132 - INFO - Extracting from Source Database 2 (ADMINISTRATION)...
2026-03-03 20:14:06,201 - INFO -   → Extracted 1000 employees
2026-03-03 20:14:06,255 - INFO -   → Extracted 1000 payroll records
2026-03-03 20:14:06,690 - INFO - Bronze layer files saved to: D:\NextGen-Data-Architects-Project\backend\data\bronze
2026-03-03 20:14:06,690 - INFO - Bronze layer extraction complete!
2026-03-03 20:14:06,691 - INFO - ============================================================
2026-03-03 20:14:06,691 - INFO - TRANSFORM PHASE - Silver Layer
2026-03-03 20:14:06,691 - INFO - ============================================================
2026-03-03 20:14:06,965 - INFO - Silver layer files saved to: D:\NextGen-Data-Architects-Project\backend\data\silver
2026-03-03 20:14:06,965 - INFO -   → Students: 1000
2026-03-03 20:14:06,965 - INFO -   → Courses: 488
2026-03-03 20:14:06,966 - INFO -   → Enrollments: 1000
2026-03-03 20:14:06,966 - INFO -   → Attendance: 1000
2026-03-03 20:14:06,966 - INFO -   → Payments: 1000
2026-03-03 20:14:06,967 - INFO -   → Grades: 1000
2026-03-03 20:14:06,967 - INFO - Silver layer transformation complete!
2026-03-03 20:14:06,968 - INFO - ============================================================
2026-03-03 20:14:06,968 - INFO - LOAD PHASE - Gold Layer (Data Warehouse)
2026-03-03 20:14:06,968 - INFO - ============================================================
2026-03-03 20:14:06,969 - INFO - Creating data warehouse database: UCU_DataWarehouse
2026-03-03 20:14:07,006 - INFO - Data warehouse database UCU_DataWarehouse already exists
2026-03-03 20:14:07,008 - INFO - Creating dimension tables...
2026-03-03 20:14:09,198 - INFO -   → Loaded 997 students into dim_student
2026-03-03 20:14:09,249 - INFO -   → Loaded 437 courses into dim_course
2026-03-03 20:14:09,258 - INFO -   → Loaded 3 semesters into dim_semester
2026-03-03 20:14:09,383 - INFO -   → Loaded 12 app users into dim_app_user
2026-03-03 20:14:09,426 - INFO -   -> Loaded 11 faculties into dim_faculty
2026-03-03 20:14:09,453 - INFO -   -> Loaded 18 departments into dim_department
2026-03-03 20:14:09,480 - INFO -   -> Loaded 91 programs into dim_program
2026-03-03 20:14:09,663 - INFO -   -> Loaded 1000 employees (staff/lecturers) into dim_employee
2026-03-03 20:14:09,663 - INFO - Populating time dimension...
2026-03-03 20:14:10,708 - INFO -   → Loaded 1826 time dimension records
2026-03-03 20:14:11,509 - INFO -   → Loaded 1000 enrollments into fact_enrollment
2026-03-03 20:14:12,230 - INFO -   → Loaded 998 attendance records into fact_attendance
2026-03-03 20:14:14,450 - INFO -   → Loaded 1000 payments into fact_payment
2026-03-03 20:14:15,182 - INFO -   → Loaded 1000 grades into fact_grade
2026-03-03 20:14:15,185 - INFO - ============================================================
2026-03-03 20:14:15,185 - INFO - ETL PIPELINE COMPLETED SUCCESSFULLY
2026-03-03 20:14:15,186 - INFO - Log file saved to: D:\NextGen-Data-Architects-Project\backend\logs\etl_pipeline_20260303_201403.log
2026-03-03 20:14:15,186 - INFO - ============================================================
2026-03-03 20:14:15,186 - INFO - ETL Pipeline completed successfully in 0:00:11.413271
