2026-03-12 19:50:34 - INFO - ETL Pipeline initialized. Log file: /app/logs/etl_pipeline_20260312_195034.log
2026-03-12 19:50:34 - INFO - ============================================================
2026-03-12 19:50:34 - INFO - ETL PIPELINE STARTED
2026-03-12 19:50:34 - INFO - Start time: 2026-03-12 19:50:34
2026-03-12 19:50:34 - INFO - ============================================================
2026-03-12 19:50:34 - INFO - [RBAC seed] Seeding table app_users with 13 rows from snapshot
2026-03-12 19:50:35 - INFO - [RBAC seed] Seeding table user_profiles with 1 rows from snapshot
2026-03-12 19:50:35 - INFO - [RBAC seed] Seeding table user_state with 0 rows from snapshot
2026-03-12 19:50:35 - INFO - [RBAC seed] Seeded audit_logs with 46 rows
2026-03-12 19:50:35 - INFO - [RBAC seed] User system seeded successfully from snapshot.
2026-03-12 19:50:35 - INFO - [RBAC seed] Restored profile photos from /app/etl_seeds/profile_photos to /app/data/profile_photos
2026-03-12 19:50:36 - INFO - [RBAC seed] Restored admin_settings.json to /app/data/admin_settings.json
2026-03-12 19:51:07 - INFO - [RBAC seed] Restored ETL run logs from /app/etl_seeds/etl_runs to /app/logs
2026-03-12 19:51:07 - INFO - ============================================================
2026-03-12 19:51:07 - INFO - EXTRACT PHASE - Bronze Layer
2026-03-12 19:51:07 - INFO - ============================================================
2026-03-12 19:51:07 - INFO - Using SYNTHETIC data source: /app/data/Synthetic_Data
2026-03-12 19:51:07 - INFO - Synthetic data root: /app/data/Synthetic_Data
2026-03-12 19:51:07 - INFO -   -> Found 35 CSV/XLSX files in Synthetic_Data
2026-03-12 19:51:08 - INFO -   -> Loaded dimension hierarchy from faculties_departments.csv
2026-03-12 19:51:08 - INFO -   -> Faculties: 11, Departments: 18, Programs: 91
2026-03-12 19:51:34 - INFO -   -> Combined student lists: 10000 unique (by RegNo)
2026-03-12 19:51:35 - INFO -   -> Students: 10000 (columns: 39)
2026-03-12 19:51:35 - INFO -   -> Courses: 3035 (columns: 13)
2026-03-12 19:51:40 - INFO -   -> Grades: 234978 (columns: 27)
2026-03-12 19:51:40 - INFO -   -> Enrollments (from enrollment_list15/16): 10000
2026-03-12 19:51:43 - INFO -   -> Payments: 130871 (columns: 27)
2026-03-12 19:52:15 - INFO -   -> Attendance: 3117871 (columns: 9)
2026-03-12 19:52:16 - INFO -   -> Employees (synthetic): 253
2026-03-12 19:52:16 - INFO -   -> High schools: 73 (columns: 4)
2026-03-12 19:52:16 - INFO -   -> Student–high school: 20000
2026-03-12 19:52:16 - INFO -   -> Transcript: 36233
2026-03-12 19:52:17 - INFO -   -> Academic performance: 36233
2026-03-12 19:52:17 - INFO -   -> Sponsorships: 41866
2026-03-12 19:52:40 - INFO -   -> Progression: 469956
2026-03-12 19:52:41 - INFO -   -> Grades summary sheets: 0
2026-03-12 19:52:41 - INFO -   -> Dim date: 1826
2026-03-12 19:52:51 - INFO - Bronze (synthetic) extraction complete.
2026-03-12 19:52:51 - INFO - ============================================================
2026-03-12 19:52:51 - INFO - TRANSFORM PHASE - Silver Layer
2026-03-12 19:52:51 - INFO - ============================================================
2026-03-12 19:53:55 - INFO - Silver layer files saved to: /app/data/silver
2026-03-12 19:53:55 - INFO -   → Students: 10000
2026-03-12 19:53:55 - INFO -   → Courses: 3035
2026-03-12 19:53:55 - INFO -   → Enrollments: 10000
2026-03-12 19:53:55 - INFO -   → Attendance: 3117871
2026-03-12 19:53:55 - INFO -   → Payments: 130871
2026-03-12 19:53:55 - INFO -   → Grades: 234978
2026-03-12 19:53:55 - INFO -   → Transcript: 36233
2026-03-12 19:53:55 - INFO -   → Academic performance: 36233
2026-03-12 19:53:55 - INFO -   → Sponsorships: 41866
2026-03-12 19:53:55 - INFO -   → Progression: 469956
2026-03-12 19:53:55 - INFO -   → Student–high school: 20000
2026-03-12 19:53:55 - INFO -   → High schools: 73
2026-03-12 19:53:55 - INFO - Silver layer transformation complete!
2026-03-12 19:53:55 - INFO - ============================================================
2026-03-12 19:53:55 - INFO - LOAD PHASE - Gold Layer (Data Warehouse)
2026-03-12 19:53:55 - INFO - ============================================================
2026-03-12 19:53:55 - INFO - Creating data warehouse database: ucu_datawarehouse
2026-03-12 19:53:56 - INFO - Data warehouse database ucu_datawarehouse ready
2026-03-12 19:53:56 - INFO - Creating dimension tables...
2026-03-12 19:53:59 - INFO -   → Loaded 1823 courses into dim_course (from catalog)
2026-03-12 19:54:00 - INFO -   → Loaded 1823 courses into dim_course (from silver)
2026-03-12 19:54:43 - INFO -   → Loaded 10000 students into dim_student (50 columns)
2026-03-12 19:54:43 - INFO -   → Loaded 3 semesters into dim_semester
2026-03-12 19:54:43 - INFO -   → Loaded 13 app users into dim_app_user
2026-03-12 19:54:43 - INFO -   -> Loaded 11 faculties into dim_faculty
2026-03-12 19:54:43 - INFO -   -> Loaded 18 departments into dim_department
2026-03-12 19:54:43 - INFO -   -> Loaded 91 programs into dim_program
2026-03-12 19:54:43 - INFO -   -> Loaded 253 employees (staff/lecturers) into dim_employee
2026-03-12 19:54:43 - INFO -   -> Loaded 73 high schools into dim_high_school (all columns)
2026-03-12 19:54:43 - INFO - Populating time dimension...
2026-03-12 19:54:44 - INFO -   → Loaded 1826 time dimension records
2026-03-12 19:54:44 - INFO -   → fact_enrollment incremental: 10000 new rows (skipped 0 existing)
2026-03-12 19:54:49 - INFO -   → Loaded 10000 enrollments into fact_enrollment
2026-03-12 19:55:37 - INFO -   -> Attendance: 3117871 rows pre-filter, 3117871 new rows after incremental watermark (max_id=0)
2026-03-12 20:18:34 - INFO -   -> Loaded 3117871 attendance records into fact_attendance (in batches)
2026-03-12 20:18:41 - INFO -   -> fact_payment ready (incremental, no in-batch dedupe): 130871 rows (pre-filter: 130871)
2026-03-12 20:21:22 - INFO -   -> Loaded 130871 payments into fact_payment (in batches)
2026-03-12 20:21:32 - INFO -   -> fact_grade ready (incremental): 234978 rows (pre-filter: 234978)
2026-03-12 20:24:49 - INFO -   -> Loaded 234978 grades into fact_grade (in batches)
2026-03-12 20:25:40 - INFO -   → Loaded 36233 rows into fact_transcript (22 columns, in batches)
2026-03-12 20:26:13 - INFO -   → Loaded 36233 rows into fact_academic_performance (16 columns, in batches)
2026-03-12 20:26:45 - INFO -   → Loaded 41866 rows into fact_sponsorship (14 columns, in batches)
2026-03-12 20:30:42 - INFO -   → Loaded 469956 rows into fact_progression (9 columns, in batches)
2026-03-12 20:30:50 - INFO -   → Loaded 20000 rows into fact_student_high_school (9 columns, in batches)
2026-03-12 20:30:50 - INFO -   → Grades summary fallback: built from transcript (36233 rows) and academic performance (36233 rows) -> 72466 rows
2026-03-12 20:32:20 - INFO -   → Loaded 72466 rows into fact_grades_summary (24 columns, in batches)
2026-03-12 20:32:21 - INFO -   → Loaded 1826 rows into dim_date (16 columns, in batches)
2026-03-12 20:32:21 - INFO - ============================================================
2026-03-12 20:32:21 - INFO - ETL PIPELINE COMPLETED SUCCESSFULLY
2026-03-12 20:32:21 - INFO - Log file saved to: /app/logs/etl_pipeline_20260312_195034.log
2026-03-12 20:32:21 - INFO - ============================================================
2026-03-12 20:32:21 - INFO - ETL Pipeline completed successfully in 0:41:47.335630
