2025-11-20 11:27:57,533 - INFO - ETL Pipeline initialized. Log file: logs\etl_pipeline_20251120_112757.log
2025-11-20 11:27:57,533 - INFO - ============================================================
2025-11-20 11:27:57,533 - INFO - ETL PIPELINE STARTED
2025-11-20 11:27:57,533 - INFO - Start time: 2025-11-20 11:27:57
2025-11-20 11:27:57,533 - INFO - ============================================================
2025-11-20 11:27:57,533 - INFO - ============================================================
2025-11-20 11:27:57,540 - INFO - EXTRACT PHASE - Bronze Layer
2025-11-20 11:27:57,540 - INFO - ============================================================
2025-11-20 11:27:57,540 - INFO - Extracting from Source Database 1 (ACADEMICS)...
2025-11-20 11:27:57,913 - INFO -   → Extracted 1000 students
2025-11-20 11:27:57,943 - INFO -   → Extracted 488 courses
2025-11-20 11:27:58,009 - INFO -   → Extracted 1000 enrollments
2025-11-20 11:27:58,069 - INFO -   → Extracted 1000 attendance records
2025-11-20 11:27:58,138 - INFO -   → Extracted 1000 grades
2025-11-20 11:27:58,210 - INFO -   → Extracted 1000 student fees
2025-11-20 11:27:58,220 - INFO -   → Extracted 11 faculties
2025-11-20 11:27:58,227 - INFO -   → Extracted 18 departments
2025-11-20 11:27:58,241 - INFO -   → Extracted 91 programs
2025-11-20 11:27:58,242 - INFO - Extracting from Source Database 2 (ADMINISTRATION)...
2025-11-20 11:27:58,331 - INFO -   → Extracted 1000 employees
2025-11-20 11:27:58,373 - INFO -   → Extracted 1000 payroll records
2025-11-20 11:27:58,790 - INFO - Bronze layer files saved to: D:\final year project\backend\data\bronze
2025-11-20 11:27:58,790 - INFO - Bronze layer extraction complete!
2025-11-20 11:27:58,792 - INFO - ============================================================
2025-11-20 11:27:58,792 - INFO - TRANSFORM PHASE - Silver Layer
2025-11-20 11:27:58,792 - INFO - ============================================================
2025-11-20 11:27:59,085 - INFO - Silver layer files saved to: D:\final year project\backend\data\silver
2025-11-20 11:27:59,085 - INFO -   → Students: 1000
2025-11-20 11:27:59,095 - INFO -   → Courses: 488
2025-11-20 11:27:59,095 - INFO -   → Enrollments: 1000
2025-11-20 11:27:59,095 - INFO -   → Attendance: 1000
2025-11-20 11:27:59,095 - INFO -   → Payments: 1000
2025-11-20 11:27:59,095 - INFO -   → Grades: 1000
2025-11-20 11:27:59,095 - INFO - Silver layer transformation complete!
2025-11-20 11:27:59,100 - INFO - ============================================================
2025-11-20 11:27:59,100 - INFO - LOAD PHASE - Gold Layer (Data Warehouse)
2025-11-20 11:27:59,100 - INFO - ============================================================
2025-11-20 11:27:59,100 - INFO - Creating data warehouse database: UCU_DataWarehouse
2025-11-20 11:27:59,165 - INFO - Data warehouse database UCU_DataWarehouse already exists
2025-11-20 11:27:59,165 - INFO - Creating dimension tables...
2025-11-20 11:28:01,527 - INFO -   → Loaded 997 students into dim_student
2025-11-20 11:28:01,598 - INFO -   → Loaded 437 courses into dim_course
2025-11-20 11:28:01,617 - INFO -   → Loaded 3 semesters into dim_semester
2025-11-20 11:28:01,661 - INFO -   -> Loaded 11 faculties into dim_faculty
2025-11-20 11:28:01,695 - INFO -   -> Loaded 18 departments into dim_department
2025-11-20 11:28:01,751 - INFO -   -> Loaded 91 programs into dim_program
2025-11-20 11:28:01,753 - INFO - Populating time dimension...
2025-11-20 11:28:02,552 - INFO -   → Loaded 1096 time dimension records
2025-11-20 11:28:03,822 - INFO -   → Loaded 1000 enrollments into fact_enrollment
2025-11-20 11:28:05,015 - INFO -   → Loaded 997 attendance records into fact_attendance
2025-11-20 11:28:06,139 - INFO -   → Loaded 1000 payments into fact_payment
2025-11-20 11:28:07,593 - INFO -   → Loaded 1000 grades into fact_grade
2025-11-20 11:28:07,601 - INFO - ============================================================
2025-11-20 11:28:07,601 - INFO - ETL PIPELINE COMPLETED SUCCESSFULLY
2025-11-20 11:28:07,603 - INFO - Log file saved to: logs\etl_pipeline_20251120_112757.log
2025-11-20 11:28:07,605 - INFO - ============================================================
2025-11-20 11:28:07,620 - INFO - ETL Pipeline completed successfully in 0:00:10.087052
