2026-02-28 19:57:02,318 - INFO - ETL Pipeline initialized. Log file: D:\NextGen-Data-Architects-Project\backend\logs\etl_pipeline_20260228_195702.log
2026-02-28 19:57:02,319 - INFO - ============================================================
2026-02-28 19:57:02,319 - INFO - ETL PIPELINE STARTED
2026-02-28 19:57:02,319 - INFO - Start time: 2026-02-28 19:57:02
2026-02-28 19:57:02,319 - INFO - ============================================================
2026-02-28 19:57:02,419 - INFO - [RBAC seed] Seeding table app_users with 9 rows from snapshot
2026-02-28 19:57:02,444 - INFO - [RBAC seed] Seeding table user_profiles with 2 rows from snapshot
2026-02-28 19:57:02,461 - INFO - [RBAC seed] Seeding table user_state with 1 rows from snapshot
2026-02-28 19:57:02,476 - INFO - [RBAC seed] User system seeded successfully from snapshot.
2026-02-28 19:57:02,492 - INFO - [RBAC seed] Restored profile photos from D:\NextGen-Data-Architects-Project\backend\etl_seeds\profile_photos to D:\NextGen-Data-Architects-Project\backend\data\profile_photos
2026-02-28 19:57:02,492 - INFO - ============================================================
2026-02-28 19:57:02,492 - INFO - EXTRACT PHASE - Bronze Layer
2026-02-28 19:57:02,492 - INFO - ============================================================
2026-02-28 19:57:02,492 - INFO - Extracting from Source Database 1 (ACADEMICS)...
2026-02-28 19:57:02,527 - INFO -   → Extracted 1000 students
2026-02-28 19:57:02,543 - INFO -   → Extracted 488 courses
2026-02-28 19:57:02,559 - INFO -   → Extracted 1000 enrollments
2026-02-28 19:57:02,585 - INFO -   → Extracted 1000 attendance records
2026-02-28 19:57:02,610 - INFO -   → Extracted 1000 grades
2026-02-28 19:57:02,660 - INFO -   → Extracted 1000 student fees
2026-02-28 19:57:02,660 - INFO -   → Extracted 11 faculties
2026-02-28 19:57:02,660 - INFO -   → Extracted 18 departments
2026-02-28 19:57:02,671 - INFO -   → Extracted 91 programs
2026-02-28 19:57:02,671 - INFO - Extracting from Source Database 2 (ADMINISTRATION)...
2026-02-28 19:57:02,727 - INFO -   → Extracted 1000 employees
2026-02-28 19:57:02,751 - INFO -   → Extracted 1000 payroll records
2026-02-28 19:57:02,825 - INFO - Bronze layer files saved to: D:\NextGen-Data-Architects-Project\backend\data\bronze
2026-02-28 19:57:02,825 - INFO - Bronze layer extraction complete!
2026-02-28 19:57:02,825 - INFO - ============================================================
2026-02-28 19:57:02,825 - INFO - TRANSFORM PHASE - Silver Layer
2026-02-28 19:57:02,841 - INFO - ============================================================
2026-02-28 19:57:02,926 - INFO - Silver layer files saved to: D:\NextGen-Data-Architects-Project\backend\data\silver
2026-02-28 19:57:02,927 - INFO -   → Students: 1000
2026-02-28 19:57:02,927 - INFO -   → Courses: 488
2026-02-28 19:57:02,927 - INFO -   → Enrollments: 1000
2026-02-28 19:57:02,927 - INFO -   → Attendance: 1000
2026-02-28 19:57:02,927 - INFO -   → Payments: 1000
2026-02-28 19:57:02,928 - INFO -   → Grades: 1000
2026-02-28 19:57:02,928 - INFO - Silver layer transformation complete!
2026-02-28 19:57:02,930 - INFO - ============================================================
2026-02-28 19:57:02,930 - INFO - LOAD PHASE - Gold Layer (Data Warehouse)
2026-02-28 19:57:02,930 - INFO - ============================================================
2026-02-28 19:57:02,930 - INFO - Creating data warehouse database: UCU_DataWarehouse
2026-02-28 19:57:02,961 - INFO - Data warehouse database UCU_DataWarehouse already exists
2026-02-28 19:57:02,963 - INFO - Creating dimension tables...
2026-02-28 19:57:03,880 - INFO -   → Loaded 997 students into dim_student
2026-02-28 19:57:03,914 - INFO -   → Loaded 437 courses into dim_course
2026-02-28 19:57:03,923 - INFO -   → Loaded 3 semesters into dim_semester
2026-02-28 19:57:03,996 - INFO -   → Loaded 9 app users into dim_app_user
2026-02-28 19:57:04,009 - INFO -   -> Loaded 11 faculties into dim_faculty
2026-02-28 19:57:04,027 - INFO -   -> Loaded 18 departments into dim_department
2026-02-28 19:57:04,045 - INFO -   -> Loaded 91 programs into dim_program
2026-02-28 19:57:04,122 - INFO -   -> Loaded 1000 employees (staff/lecturers) into dim_employee
2026-02-28 19:57:04,123 - INFO - Populating time dimension...
2026-02-28 19:57:04,657 - INFO -   → Loaded 1826 time dimension records
2026-02-28 19:57:05,157 - INFO -   → Loaded 1000 enrollments into fact_enrollment
2026-02-28 19:57:05,520 - INFO -   → Loaded 998 attendance records into fact_attendance
2026-02-28 19:57:07,317 - INFO -   → Loaded 1000 payments into fact_payment
2026-02-28 19:57:07,793 - INFO -   → Loaded 1000 grades into fact_grade
2026-02-28 19:57:07,809 - INFO - ============================================================
2026-02-28 19:57:07,809 - INFO - ETL PIPELINE COMPLETED SUCCESSFULLY
2026-02-28 19:57:07,809 - INFO - Log file saved to: D:\NextGen-Data-Architects-Project\backend\logs\etl_pipeline_20260228_195702.log
2026-02-28 19:57:07,809 - INFO - ============================================================
2026-02-28 19:57:07,809 - INFO - ETL Pipeline completed successfully in 0:00:05.489753
