2026-03-01 09:43:44,960 - INFO - ETL Pipeline initialized. Log file: D:\NextGen-Data-Architects-Project\backend\logs\etl_pipeline_20260301_094344.log
2026-03-01 09:43:44,960 - INFO - ============================================================
2026-03-01 09:43:44,961 - INFO - ETL PIPELINE STARTED
2026-03-01 09:43:44,961 - INFO - Start time: 2026-03-01 09:43:44
2026-03-01 09:43:44,961 - INFO - ============================================================
2026-03-01 09:43:45,145 - INFO - [RBAC seed] Seeding table app_users with 11 rows from snapshot
2026-03-01 09:43:45,208 - INFO - [RBAC seed] Seeding table user_profiles with 2 rows from snapshot
2026-03-01 09:43:45,228 - INFO - [RBAC seed] Seeding table user_state with 1 rows from snapshot
2026-03-01 09:43:45,251 - INFO - [RBAC seed] User system seeded successfully from snapshot.
2026-03-01 09:43:45,277 - INFO - [RBAC seed] Restored profile photos from D:\NextGen-Data-Architects-Project\backend\etl_seeds\profile_photos to D:\NextGen-Data-Architects-Project\backend\data\profile_photos
2026-03-01 09:43:45,278 - INFO - ============================================================
2026-03-01 09:43:45,278 - INFO - EXTRACT PHASE - Bronze Layer
2026-03-01 09:43:45,279 - INFO - ============================================================
2026-03-01 09:43:45,279 - INFO - Extracting from Source Database 1 (ACADEMICS)...
2026-03-01 09:43:45,335 - INFO -   → Extracted 1000 students
2026-03-01 09:43:45,359 - INFO -   → Extracted 488 courses
2026-03-01 09:43:45,408 - INFO -   → Extracted 1000 enrollments
2026-03-01 09:43:45,482 - INFO -   → Extracted 1000 attendance records
2026-03-01 09:43:45,576 - INFO -   → Extracted 1000 grades
2026-03-01 09:43:45,693 - INFO -   → Extracted 1000 student fees
2026-03-01 09:43:45,700 - INFO -   → Extracted 11 faculties
2026-03-01 09:43:45,705 - INFO -   → Extracted 18 departments
2026-03-01 09:43:45,718 - INFO -   → Extracted 91 programs
2026-03-01 09:43:45,719 - INFO - Extracting from Source Database 2 (ADMINISTRATION)...
2026-03-01 09:43:45,802 - INFO -   → Extracted 1000 employees
2026-03-01 09:43:45,840 - INFO -   → Extracted 1000 payroll records
2026-03-01 09:43:46,231 - INFO - Bronze layer files saved to: D:\NextGen-Data-Architects-Project\backend\data\bronze
2026-03-01 09:43:46,231 - INFO - Bronze layer extraction complete!
2026-03-01 09:43:46,232 - INFO - ============================================================
2026-03-01 09:43:46,232 - INFO - TRANSFORM PHASE - Silver Layer
2026-03-01 09:43:46,233 - INFO - ============================================================
2026-03-01 09:43:46,448 - INFO - Silver layer files saved to: D:\NextGen-Data-Architects-Project\backend\data\silver
2026-03-01 09:43:46,448 - INFO -   → Students: 1000
2026-03-01 09:43:46,449 - INFO -   → Courses: 488
2026-03-01 09:43:46,449 - INFO -   → Enrollments: 1000
2026-03-01 09:43:46,450 - INFO -   → Attendance: 1000
2026-03-01 09:43:46,450 - INFO -   → Payments: 1000
2026-03-01 09:43:46,450 - INFO -   → Grades: 1000
2026-03-01 09:43:46,450 - INFO - Silver layer transformation complete!
2026-03-01 09:43:46,452 - INFO - ============================================================
2026-03-01 09:43:46,453 - INFO - LOAD PHASE - Gold Layer (Data Warehouse)
2026-03-01 09:43:46,453 - INFO - ============================================================
2026-03-01 09:43:46,453 - INFO - Creating data warehouse database: UCU_DataWarehouse
2026-03-01 09:43:46,466 - INFO - Data warehouse database UCU_DataWarehouse already exists
2026-03-01 09:43:46,467 - INFO - Creating dimension tables...
2026-03-01 09:43:48,624 - INFO -   → Loaded 997 students into dim_student
2026-03-01 09:43:48,698 - INFO -   → Loaded 437 courses into dim_course
2026-03-01 09:43:48,722 - INFO -   → Loaded 3 semesters into dim_semester
2026-03-01 09:43:48,825 - INFO -   → Loaded 11 app users into dim_app_user
2026-03-01 09:43:48,858 - INFO -   -> Loaded 11 faculties into dim_faculty
2026-03-01 09:43:48,887 - INFO -   -> Loaded 18 departments into dim_department
2026-03-01 09:43:48,922 - INFO -   -> Loaded 91 programs into dim_program
2026-03-01 09:43:49,109 - INFO -   -> Loaded 1000 employees (staff/lecturers) into dim_employee
2026-03-01 09:43:49,110 - INFO - Populating time dimension...
2026-03-01 09:43:50,694 - INFO -   → Loaded 1826 time dimension records
2026-03-01 09:43:51,609 - INFO -   → Loaded 1000 enrollments into fact_enrollment
2026-03-01 09:43:52,504 - INFO -   → Loaded 998 attendance records into fact_attendance
2026-03-01 09:43:54,932 - INFO -   → Loaded 1000 payments into fact_payment
2026-03-01 09:43:55,723 - INFO -   → Loaded 1000 grades into fact_grade
2026-03-01 09:43:55,725 - INFO - ============================================================
2026-03-01 09:43:55,726 - INFO - ETL PIPELINE COMPLETED SUCCESSFULLY
2026-03-01 09:43:55,726 - INFO - Log file saved to: D:\NextGen-Data-Architects-Project\backend\logs\etl_pipeline_20260301_094344.log
2026-03-01 09:43:55,727 - INFO - ============================================================
2026-03-01 09:43:55,728 - INFO - ETL Pipeline completed successfully in 0:00:10.768279
