2026-03-11 22:53:56,638 - INFO - ETL Pipeline initialized. Log file: /app/logs/etl_pipeline_20260311_225356.log
2026-03-11 22:53:56,642 - INFO - ============================================================
2026-03-11 22:53:56,645 - INFO - ETL PIPELINE STARTED
2026-03-11 22:53:56,646 - INFO - Start time: 2026-03-11 22:53:56
2026-03-11 22:53:56,648 - INFO - ============================================================
2026-03-11 22:53:57,679 - INFO - [RBAC seed] Seeding table app_users with 1 rows from snapshot
2026-03-11 22:53:58,002 - INFO - [RBAC seed] Seeding table user_profiles with 0 rows from snapshot
2026-03-11 22:53:58,013 - INFO - [RBAC seed] Seeding table user_state with 0 rows from snapshot
2026-03-11 22:53:58,195 - INFO - [RBAC seed] Seeded audit_logs with 5 rows
2026-03-11 22:53:58,200 - INFO - [RBAC seed] User system seeded successfully from snapshot.
2026-03-11 22:53:58,782 - INFO - [RBAC seed] Restored profile photos from /app/etl_seeds/profile_photos to /app/data/profile_photos
2026-03-11 22:53:58,834 - INFO - [RBAC seed] Restored admin_settings.json to /app/data/admin_settings.json
2026-03-11 22:54:08,574 - INFO - [RBAC seed] Restored ETL run logs from /app/etl_seeds/etl_runs to /app/logs
2026-03-11 22:54:08,575 - INFO - ============================================================
2026-03-11 22:54:08,576 - INFO - EXTRACT PHASE - Bronze Layer
2026-03-11 22:54:08,577 - INFO - ============================================================
2026-03-11 22:54:08,581 - INFO - Using SYNTHETIC data source: /app/data/Synthetic_Data
2026-03-11 22:54:08,594 - INFO - Synthetic data root: /app/data/Synthetic_Data
2026-03-11 22:54:08,607 - INFO -   -> Found 35 CSV/XLSX files in Synthetic_Data
2026-03-11 22:54:08,780 - INFO -   -> Loaded dimension hierarchy from faculties_departments.csv
2026-03-11 22:54:08,781 - INFO -   -> Faculties: 11, Departments: 18, Programs: 91
2026-03-11 22:54:28,056 - INFO -   -> Combined student lists: 10000 unique (by RegNo)
2026-03-11 22:54:28,459 - INFO -   -> Students: 10000 (columns: 39)
2026-03-11 22:54:28,533 - INFO -   -> Courses: 3035 (columns: 13)
2026-03-11 22:54:34,449 - INFO -   -> Grades: 234978 (columns: 27)
2026-03-11 22:54:34,718 - INFO -   -> Enrollments (from enrollment_list15/16): 10000
2026-03-11 22:54:36,593 - INFO -   -> Payments: 130871 (columns: 27)
2026-03-11 22:55:18,132 - INFO -   -> Attendance: 3117871 (columns: 9)
2026-03-11 22:55:18,255 - INFO -   -> Employees (synthetic): 253
2026-03-11 22:55:18,289 - INFO -   -> High schools: 73 (columns: 4)
2026-03-11 22:55:18,539 - INFO -   -> Student–high school: 20000
2026-03-11 22:55:18,971 - INFO -   -> Transcript: 36233
2026-03-11 22:55:19,691 - INFO -   -> Academic performance: 36233
2026-03-11 22:55:20,436 - INFO -   -> Sponsorships: 41866
2026-03-11 22:55:42,813 - INFO -   -> Progression: 469956
2026-03-11 22:55:42,823 - INFO -   -> Grades summary sheets: 0
2026-03-11 22:55:42,966 - INFO -   -> Dim date: 1826
2026-03-11 22:55:54,322 - INFO - Bronze (synthetic) extraction complete.
2026-03-11 22:55:54,376 - INFO - ============================================================
2026-03-11 22:55:54,379 - INFO - TRANSFORM PHASE - Silver Layer
2026-03-11 22:55:54,380 - INFO - ============================================================
2026-03-11 22:56:35,622 - INFO - Silver layer files saved to: /app/data/silver
2026-03-11 22:56:35,623 - INFO -   → Students: 10000
2026-03-11 22:56:35,625 - INFO -   → Courses: 3035
2026-03-11 22:56:35,627 - INFO -   → Enrollments: 10000
2026-03-11 22:56:35,628 - INFO -   → Attendance: 3117871
2026-03-11 22:56:35,629 - INFO -   → Payments: 130871
2026-03-11 22:56:35,631 - INFO -   → Grades: 234978
2026-03-11 22:56:35,633 - INFO -   → Transcript: 36233
2026-03-11 22:56:35,635 - INFO -   → Academic performance: 36233
2026-03-11 22:56:35,639 - INFO -   → Sponsorships: 41866
2026-03-11 22:56:35,640 - INFO -   → Progression: 469956
2026-03-11 22:56:35,641 - INFO -   → Student–high school: 20000
2026-03-11 22:56:35,644 - INFO -   → High schools: 73
2026-03-11 22:56:35,645 - INFO - Silver layer transformation complete!
2026-03-11 22:56:35,651 - INFO - ============================================================
2026-03-11 22:56:35,652 - INFO - LOAD PHASE - Gold Layer (Data Warehouse)
2026-03-11 22:56:35,653 - INFO - ============================================================
2026-03-11 22:56:35,656 - INFO - Creating data warehouse database: ucu_datawarehouse
2026-03-11 22:56:35,893 - INFO - Data warehouse database ucu_datawarehouse ready
2026-03-11 22:56:35,898 - INFO - Creating dimension tables...
2026-03-11 22:56:36,945 - INFO -   → Loaded 1823 courses into dim_course (from catalog)
2026-03-11 22:56:37,904 - INFO -   → Loaded 1823 courses into dim_course (from silver)
2026-03-11 22:57:11,847 - INFO -   → Loaded 10000 students into dim_student (50 columns)
2026-03-11 22:57:11,867 - INFO -   → Loaded 3 semesters into dim_semester
2026-03-11 22:57:12,049 - INFO -   → Loaded 1 app users into dim_app_user
2026-03-11 22:57:12,089 - INFO -   -> Loaded 11 faculties into dim_faculty
2026-03-11 22:57:12,125 - INFO -   -> Loaded 18 departments into dim_department
2026-03-11 22:57:12,173 - INFO -   -> Loaded 91 programs into dim_program
2026-03-11 22:57:12,249 - INFO -   -> Loaded 253 employees (staff/lecturers) into dim_employee
2026-03-11 22:57:12,289 - INFO -   -> Loaded 73 high schools into dim_high_school (all columns)
2026-03-11 22:57:12,399 - INFO - Populating time dimension...
2026-03-11 22:57:12,816 - INFO -   → Loaded 1826 time dimension records
2026-03-11 22:57:13,617 - INFO -   → fact_enrollment incremental: 10000 new rows (skipped 0 existing)
2026-03-11 22:57:17,687 - INFO -   → Loaded 10000 enrollments into fact_enrollment
2026-03-11 22:58:11,104 - INFO -   -> Attendance: 3117871 rows pre-filter, 3117871 new rows after incremental watermark (max_id=0)
