2026-02-22 12:26:45,723 - INFO - ETL Pipeline initialized. Log file: D:\NextGen-Data-Architects-Project\backend\logs\etl_pipeline_20260222_122645.log
2026-02-22 12:26:45,723 - INFO - ============================================================
2026-02-22 12:26:45,723 - INFO - ETL PIPELINE STARTED
2026-02-22 12:26:45,723 - INFO - Start time: 2026-02-22 12:26:45
2026-02-22 12:26:45,723 - INFO - ============================================================
2026-02-22 12:26:45,723 - INFO - ============================================================
2026-02-22 12:26:45,723 - INFO - EXTRACT PHASE - Bronze Layer
2026-02-22 12:26:45,723 - INFO - ============================================================
2026-02-22 12:26:45,723 - INFO - Extracting from Source Database 1 (ACADEMICS)...
2026-02-22 12:26:45,911 - INFO -   → Extracted 1000 students
2026-02-22 12:26:45,923 - INFO -   → Extracted 488 courses
2026-02-22 12:26:45,956 - INFO -   → Extracted 1000 enrollments
2026-02-22 12:26:46,008 - INFO -   → Extracted 1000 attendance records
2026-02-22 12:26:46,049 - INFO -   → Extracted 1000 grades
2026-02-22 12:26:46,144 - INFO -   → Extracted 1000 student fees
2026-02-22 12:26:46,144 - INFO -   → Extracted 11 faculties
2026-02-22 12:26:46,156 - INFO -   → Extracted 18 departments
2026-02-22 12:26:46,160 - INFO -   → Extracted 91 programs
2026-02-22 12:26:46,160 - INFO - Extracting from Source Database 2 (ADMINISTRATION)...
2026-02-22 12:26:46,191 - INFO -   → Extracted 1000 employees
2026-02-22 12:26:46,210 - INFO -   → Extracted 1000 payroll records
2026-02-22 12:26:46,680 - INFO - Bronze layer files saved to: D:\NextGen-Data-Architects-Project\backend\data\bronze
2026-02-22 12:26:46,680 - INFO - Bronze layer extraction complete!
2026-02-22 12:26:46,681 - INFO - ============================================================
2026-02-22 12:26:46,681 - INFO - TRANSFORM PHASE - Silver Layer
2026-02-22 12:26:46,681 - INFO - ============================================================
2026-02-22 12:26:46,821 - INFO - Silver layer files saved to: D:\NextGen-Data-Architects-Project\backend\data\silver
2026-02-22 12:26:46,821 - INFO -   → Students: 1000
2026-02-22 12:26:46,821 - INFO -   → Courses: 488
2026-02-22 12:26:46,821 - INFO -   → Enrollments: 1000
2026-02-22 12:26:46,821 - INFO -   → Attendance: 1000
2026-02-22 12:26:46,822 - INFO -   → Payments: 1000
2026-02-22 12:26:46,822 - INFO -   → Grades: 1000
2026-02-22 12:26:46,822 - INFO - Silver layer transformation complete!
2026-02-22 12:26:46,825 - INFO - ============================================================
2026-02-22 12:26:46,825 - INFO - LOAD PHASE - Gold Layer (Data Warehouse)
2026-02-22 12:26:46,825 - INFO - ============================================================
2026-02-22 12:26:46,825 - INFO - Creating data warehouse database: UCU_DataWarehouse
2026-02-22 12:26:46,875 - INFO - Data warehouse database UCU_DataWarehouse already exists
2026-02-22 12:26:46,876 - INFO - Creating dimension tables...
2026-02-22 12:26:47,889 - INFO -   → Loaded 997 students into dim_student
2026-02-22 12:26:47,913 - INFO -   → Loaded 437 courses into dim_course
2026-02-22 12:26:47,921 - INFO -   → Loaded 3 semesters into dim_semester
2026-02-22 12:26:47,943 - INFO -   -> Loaded 11 faculties into dim_faculty
2026-02-22 12:26:47,953 - INFO -   -> Loaded 18 departments into dim_department
2026-02-22 12:26:47,975 - INFO -   -> Loaded 91 programs into dim_program
2026-02-22 12:26:48,112 - INFO -   -> Loaded 1000 employees (staff/lecturers) into dim_employee
2026-02-22 12:26:48,112 - INFO - Populating time dimension...
2026-02-22 12:26:48,605 - INFO -   → Loaded 1826 time dimension records
2026-02-22 12:26:49,113 - INFO -   → Loaded 1000 enrollments into fact_enrollment
2026-02-22 12:26:49,510 - INFO -   → Loaded 998 attendance records into fact_attendance
2026-02-22 12:26:50,585 - INFO -   → Loaded 1000 payments into fact_payment
2026-02-22 12:26:50,985 - INFO -   → Loaded 1000 grades into fact_grade
2026-02-22 12:26:50,985 - INFO - ============================================================
2026-02-22 12:26:50,985 - INFO - ETL PIPELINE COMPLETED SUCCESSFULLY
2026-02-22 12:26:50,985 - INFO - Log file saved to: D:\NextGen-Data-Architects-Project\backend\logs\etl_pipeline_20260222_122645.log
2026-02-22 12:26:50,985 - INFO - ============================================================
2026-02-22 12:26:50,985 - INFO - ETL Pipeline completed successfully in 0:00:05.261955
