2026-03-07 21:49:03,544 - INFO - ETL Pipeline initialized. Log file: D:\NextGen-Data-Architects-Project\backend\logs\etl_pipeline_20260307_214903.log
2026-03-07 21:49:03,544 - INFO - ============================================================
2026-03-07 21:49:03,544 - INFO - ETL PIPELINE STARTED
2026-03-07 21:49:03,544 - INFO - Start time: 2026-03-07 21:49:03
2026-03-07 21:49:03,546 - INFO - ============================================================
2026-03-07 21:49:03,662 - INFO - [RBAC seed] Seeding table app_users with 14 rows from snapshot
2026-03-07 21:49:03,687 - INFO - [RBAC seed] Seeding table user_profiles with 3 rows from snapshot
2026-03-07 21:49:03,706 - INFO - [RBAC seed] Seeding table user_state with 2 rows from snapshot
2026-03-07 21:49:04,337 - INFO - [RBAC seed] Seeded audit_logs with 1488 rows
2026-03-07 21:49:04,339 - INFO - [RBAC seed] User system seeded successfully from snapshot.
2026-03-07 21:49:04,379 - INFO - [RBAC seed] Restored profile photos from D:\NextGen-Data-Architects-Project\backend\etl_seeds\profile_photos to D:\NextGen-Data-Architects-Project\backend\data\profile_photos
2026-03-07 21:49:04,383 - INFO - [RBAC seed] Restored admin_settings.json to D:\NextGen-Data-Architects-Project\backend\data\admin_settings.json
2026-03-07 21:49:04,661 - INFO - [RBAC seed] Restored ETL run logs from D:\NextGen-Data-Architects-Project\backend\etl_seeds\etl_runs to D:\NextGen-Data-Architects-Project\backend\logs
2026-03-07 21:49:04,666 - INFO - ============================================================
2026-03-07 21:49:04,666 - INFO - EXTRACT PHASE - Bronze Layer
2026-03-07 21:49:04,666 - INFO - ============================================================
2026-03-07 21:49:04,667 - INFO - Using SYNTHETIC data source: D:\NextGen-Data-Architects-Project\backend\data\Synthetic_Data
2026-03-07 21:49:04,668 - INFO - Synthetic data root: D:\NextGen-Data-Architects-Project\backend\data\Synthetic_Data
2026-03-07 21:49:04,668 - INFO -   -> Found 26 CSV/XLSX files in Synthetic_Data
2026-03-07 21:49:04,682 - INFO -   -> Faculties: 11, Departments: 18, Programs: 91
2026-03-07 21:49:12,287 - INFO -   -> Combined student lists: 9937 unique (by RegNo)
2026-03-07 21:49:12,431 - INFO -   -> Students: 9937 (columns: 41)
2026-03-07 21:49:12,876 - INFO -   -> Courses: 6006 (columns: 10)
2026-03-07 21:49:14,066 - INFO -   -> Grades: 348350 (columns: 27)
2026-03-07 21:49:14,822 - INFO -   -> Payments: 187402 (columns: 27)
2026-03-07 21:49:18,496 - INFO -   -> Attendance: 3204919 (columns: 9)
2026-03-07 21:49:18,532 - INFO -   -> Employees (synthetic): 253
2026-03-07 21:49:18,536 - INFO -   -> High schools: 73 (columns: 4)
2026-03-07 21:49:18,607 - INFO -   -> Student–high school: 20000
2026-03-07 21:49:18,628 - INFO -   -> Enrollments (from high schools): 9999
2026-03-07 21:49:18,811 - INFO -   -> Transcript: 53457
2026-03-07 21:49:18,966 - INFO -   -> Academic performance: 53457
2026-03-07 21:49:19,021 - INFO -   -> Sponsorships: 10944
2026-03-07 21:49:57,516 - INFO -   -> Progression: 351587
2026-03-07 21:50:02,437 - INFO -   -> Grades summary sheets: 63457
2026-03-07 21:50:02,746 - INFO -   -> Dim date: 1826
2026-03-07 21:50:10,072 - INFO - Bronze (synthetic) extraction complete.
2026-03-07 21:50:10,257 - INFO - ============================================================
2026-03-07 21:50:10,257 - INFO - TRANSFORM PHASE - Silver Layer
2026-03-07 21:50:10,257 - INFO - ============================================================
2026-03-07 21:50:34,402 - INFO - Silver layer files saved to: D:\NextGen-Data-Architects-Project\backend\data\silver
2026-03-07 21:50:34,404 - INFO -   → Students: 9937
2026-03-07 21:50:34,404 - INFO -   → Courses: 6006
2026-03-07 21:50:34,404 - INFO -   → Enrollments: 9999
2026-03-07 21:50:34,404 - INFO -   → Attendance: 3204919
2026-03-07 21:50:34,404 - INFO -   → Payments: 187402
2026-03-07 21:50:34,404 - INFO -   → Grades: 348350
2026-03-07 21:50:34,404 - INFO -   → Transcript: 53457
2026-03-07 21:50:34,404 - INFO -   → Academic performance: 53457
2026-03-07 21:50:34,406 - INFO -   → Sponsorships: 10944
2026-03-07 21:50:34,406 - INFO -   → Progression: 351587
2026-03-07 21:50:34,406 - INFO -   → Student–high school: 20000
2026-03-07 21:50:34,406 - INFO -   → High schools: 73
2026-03-07 21:50:34,406 - INFO - Silver layer transformation complete!
2026-03-07 21:50:34,413 - INFO - ============================================================
2026-03-07 21:50:34,413 - INFO - LOAD PHASE - Gold Layer (Data Warehouse)
2026-03-07 21:50:34,414 - INFO - ============================================================
2026-03-07 21:50:34,414 - INFO - Creating data warehouse database: UCU_DataWarehouse
2026-03-07 21:50:34,426 - INFO - Data warehouse database UCU_DataWarehouse already exists
2026-03-07 21:50:34,426 - INFO - Creating dimension tables...
2026-03-07 21:50:35,933 - INFO -   → Loaded 2793 courses into dim_course (from catalog)
2026-03-07 21:50:36,158 - INFO -   → Loaded 2793 courses into dim_course (from silver)
2026-03-07 21:50:59,366 - INFO -   → Loaded 9937 students into dim_student (52 columns)
2026-03-07 21:50:59,376 - INFO -   → Loaded 3 semesters into dim_semester
2026-03-07 21:50:59,448 - INFO -   → Loaded 14 app users into dim_app_user
2026-03-07 21:50:59,468 - INFO -   -> Loaded 11 faculties into dim_faculty
2026-03-07 21:50:59,482 - INFO -   -> Loaded 18 departments into dim_department
2026-03-07 21:50:59,505 - INFO -   -> Loaded 91 programs into dim_program
2026-03-07 21:50:59,546 - INFO -   -> Loaded 253 employees (staff/lecturers) into dim_employee
2026-03-07 21:50:59,581 - INFO -   -> Loaded 73 high schools into dim_high_school (all columns)
2026-03-07 21:50:59,776 - INFO - Populating time dimension...
2026-03-07 21:51:00,496 - INFO -   → Loaded 1826 time dimension records
2026-03-07 21:51:03,746 - INFO -   → Loaded 9999 enrollments into fact_enrollment
