2026-02-28 16:19:22,612 - INFO - ETL Pipeline initialized. Log file: D:\NextGen-Data-Architects-Project\backend\logs\etl_pipeline_20260228_161922.log
2026-02-28 16:19:22,612 - INFO - ============================================================
2026-02-28 16:19:22,612 - INFO - ETL PIPELINE STARTED
2026-02-28 16:19:22,613 - INFO - Start time: 2026-02-28 16:19:22
2026-02-28 16:19:22,613 - INFO - ============================================================
2026-02-28 16:19:22,741 - INFO - [RBAC seed] Seeding table app_users with 8 rows from snapshot
2026-02-28 16:19:22,840 - INFO - [RBAC seed] Seeding table user_profiles with 2 rows from snapshot
2026-02-28 16:19:22,863 - INFO - [RBAC seed] Seeding table user_state with 1 rows from snapshot
2026-02-28 16:19:22,881 - INFO - [RBAC seed] User system seeded successfully from snapshot.
2026-02-28 16:19:22,906 - INFO - [RBAC seed] Restored profile photos from D:\NextGen-Data-Architects-Project\backend\etl_seeds\profile_photos to D:\NextGen-Data-Architects-Project\backend\data\profile_photos
2026-02-28 16:19:22,906 - INFO - ============================================================
2026-02-28 16:19:22,906 - INFO - EXTRACT PHASE - Bronze Layer
2026-02-28 16:19:22,906 - INFO - ============================================================
2026-02-28 16:19:22,906 - INFO - Extracting from Source Database 1 (ACADEMICS)...
2026-02-28 16:19:23,008 - INFO -   → Extracted 1000 students
2026-02-28 16:19:23,044 - INFO -   → Extracted 488 courses
2026-02-28 16:19:23,108 - INFO -   → Extracted 1000 enrollments
2026-02-28 16:19:23,148 - INFO -   → Extracted 1000 attendance records
2026-02-28 16:19:23,203 - INFO -   → Extracted 1000 grades
2026-02-28 16:19:23,324 - INFO -   → Extracted 1000 student fees
2026-02-28 16:19:23,347 - INFO -   → Extracted 11 faculties
2026-02-28 16:19:23,367 - INFO -   → Extracted 18 departments
2026-02-28 16:19:23,391 - INFO -   → Extracted 91 programs
2026-02-28 16:19:23,392 - INFO - Extracting from Source Database 2 (ADMINISTRATION)...
2026-02-28 16:19:23,447 - INFO -   → Extracted 1000 employees
2026-02-28 16:19:23,492 - INFO -   → Extracted 1000 payroll records
2026-02-28 16:19:24,133 - INFO - Bronze layer files saved to: D:\NextGen-Data-Architects-Project\backend\data\bronze
2026-02-28 16:19:24,134 - INFO - Bronze layer extraction complete!
2026-02-28 16:19:24,134 - INFO - ============================================================
2026-02-28 16:19:24,135 - INFO - TRANSFORM PHASE - Silver Layer
2026-02-28 16:19:24,135 - INFO - ============================================================
2026-02-28 16:19:24,334 - INFO - Silver layer files saved to: D:\NextGen-Data-Architects-Project\backend\data\silver
2026-02-28 16:19:24,334 - INFO -   → Students: 1000
2026-02-28 16:19:24,334 - INFO -   → Courses: 488
2026-02-28 16:19:24,334 - INFO -   → Enrollments: 1000
2026-02-28 16:19:24,334 - INFO -   → Attendance: 1000
2026-02-28 16:19:24,334 - INFO -   → Payments: 1000
2026-02-28 16:19:24,334 - INFO -   → Grades: 1000
2026-02-28 16:19:24,339 - INFO - Silver layer transformation complete!
2026-02-28 16:19:24,341 - INFO - ============================================================
2026-02-28 16:19:24,341 - INFO - LOAD PHASE - Gold Layer (Data Warehouse)
2026-02-28 16:19:24,342 - INFO - ============================================================
2026-02-28 16:19:24,342 - INFO - Creating data warehouse database: UCU_DataWarehouse
2026-02-28 16:19:24,370 - INFO - Data warehouse database UCU_DataWarehouse already exists
2026-02-28 16:19:24,375 - INFO - Creating dimension tables...
2026-02-28 16:19:25,658 - INFO -   → Loaded 997 students into dim_student
2026-02-28 16:19:25,711 - INFO -   → Loaded 437 courses into dim_course
2026-02-28 16:19:25,724 - INFO -   → Loaded 3 semesters into dim_semester
2026-02-28 16:19:25,813 - INFO -   → Loaded 8 app users into dim_app_user
2026-02-28 16:19:25,839 - INFO -   -> Loaded 11 faculties into dim_faculty
2026-02-28 16:19:25,862 - INFO -   -> Loaded 18 departments into dim_department
2026-02-28 16:19:25,896 - INFO -   -> Loaded 91 programs into dim_program
2026-02-28 16:19:26,129 - INFO -   -> Loaded 1000 employees (staff/lecturers) into dim_employee
2026-02-28 16:19:26,129 - INFO - Populating time dimension...
2026-02-28 16:19:27,244 - INFO -   → Loaded 1826 time dimension records
2026-02-28 16:19:27,988 - INFO -   → Loaded 1000 enrollments into fact_enrollment
2026-02-28 16:19:28,582 - INFO -   → Loaded 998 attendance records into fact_attendance
2026-02-28 16:19:30,337 - INFO -   → Loaded 1000 payments into fact_payment
2026-02-28 16:19:30,941 - INFO -   → Loaded 1000 grades into fact_grade
2026-02-28 16:19:30,941 - INFO - ============================================================
2026-02-28 16:19:30,946 - INFO - ETL PIPELINE COMPLETED SUCCESSFULLY
2026-02-28 16:19:30,946 - INFO - Log file saved to: D:\NextGen-Data-Architects-Project\backend\logs\etl_pipeline_20260228_161922.log
2026-02-28 16:19:30,946 - INFO - ============================================================
2026-02-28 16:19:30,946 - INFO - ETL Pipeline completed successfully in 0:00:08.333515
