2025-11-19 17:13:03,567 - INFO - ETL Pipeline initialized. Log file: logs\etl_pipeline_20251119_171303.log
2025-11-19 17:13:03,567 - INFO - ============================================================
2025-11-19 17:13:03,567 - INFO - ETL PIPELINE STARTED
2025-11-19 17:13:03,567 - INFO - Start time: 2025-11-19 17:13:03
2025-11-19 17:13:03,567 - INFO - ============================================================
2025-11-19 17:13:03,567 - INFO - ============================================================
2025-11-19 17:13:03,567 - INFO - EXTRACT PHASE - Bronze Layer
2025-11-19 17:13:03,573 - INFO - ============================================================
2025-11-19 17:13:03,573 - INFO - Extracting from Source Database 1 (ACADEMICS)...
2025-11-19 17:13:03,840 - INFO -   → Extracted 1000 students
2025-11-19 17:13:03,881 - INFO -   → Extracted 1000 courses
2025-11-19 17:13:03,915 - INFO -   → Extracted 1000 enrollments
2025-11-19 17:13:03,949 - INFO -   → Extracted 1000 attendance records
2025-11-19 17:13:04,001 - INFO -   → Extracted 1000 grades
2025-11-19 17:13:04,047 - INFO -   → Extracted 1000 student fees
2025-11-19 17:13:04,048 - INFO -   → Extracted 11 faculties
2025-11-19 17:13:04,115 - INFO -   → Extracted 1000 departments
2025-11-19 17:13:04,173 - INFO -   → Extracted 1000 programs
2025-11-19 17:13:04,178 - INFO - Extracting from Source Database 2 (ADMINISTRATION)...
2025-11-19 17:13:04,241 - INFO -   → Extracted 1000 employees
2025-11-19 17:13:04,292 - INFO -   → Extracted 1000 payroll records
2025-11-19 17:13:04,507 - INFO - Bronze layer files saved to: D:\final year project\backend\data\bronze
2025-11-19 17:13:04,507 - INFO - Bronze layer extraction complete!
2025-11-19 17:13:04,507 - INFO - ============================================================
2025-11-19 17:13:04,509 - INFO - TRANSFORM PHASE - Silver Layer
2025-11-19 17:13:04,509 - INFO - ============================================================
2025-11-19 17:13:04,801 - INFO - Silver layer files saved to: D:\final year project\backend\data\silver
2025-11-19 17:13:04,801 - INFO -   → Students: 1000
2025-11-19 17:13:04,802 - INFO -   → Courses: 1000
2025-11-19 17:13:04,802 - INFO -   → Enrollments: 1000
2025-11-19 17:13:04,802 - INFO -   → Attendance: 1000
2025-11-19 17:13:04,802 - INFO -   → Payments: 1000
2025-11-19 17:13:04,802 - INFO -   → Grades: 1000
2025-11-19 17:13:04,802 - INFO - Silver layer transformation complete!
2025-11-19 17:13:04,806 - INFO - ============================================================
2025-11-19 17:13:04,806 - INFO - LOAD PHASE - Gold Layer (Data Warehouse)
2025-11-19 17:13:04,809 - INFO - ============================================================
2025-11-19 17:13:04,809 - INFO - Creating data warehouse database: UCU_DataWarehouse
2025-11-19 17:13:04,817 - INFO - Data warehouse database UCU_DataWarehouse already exists
2025-11-19 17:13:04,817 - INFO - Creating dimension tables...
2025-11-19 17:13:06,685 - INFO -   → Loaded 996 students into dim_student
2025-11-19 17:13:06,815 - INFO -   → Loaded 705 courses into dim_course
2025-11-19 17:13:06,833 - INFO -   → Loaded 4 semesters into dim_semester
2025-11-19 17:13:06,972 - INFO -   → Loaded 11 faculties into dim_faculty
2025-11-19 17:13:06,972 - ERROR - ETL Pipeline failed after 0:00:03.405213: 'charmap' codec can't encode character '\u2192' in position 2: character maps to <undefined>
Traceback (most recent call last):
  File "etl_pipeline.py", line 929, in run
    self.load_to_warehouse(silver_data)
  File "etl_pipeline.py", line 447, in load_to_warehouse
    self._create_dimensions(engine, silver_data)
  File "etl_pipeline.py", line 628, in _create_dimensions
    print(f"  → Loaded {len(faculties_dim)} faculties into dim_faculty")
  File "C:\Users\CEN\AppData\Local\Programs\Python\Python38\lib\encodings\cp1252.py", line 19, in encode
    return codecs.charmap_encode(input,self.errors,encoding_table)[0]
UnicodeEncodeError: 'charmap' codec can't encode character '\u2192' in position 2: character maps to <undefined>
