2026-03-03 16:05:28,359 - INFO - ETL Pipeline initialized. Log file: D:\NextGen-Data-Architects-Project\backend\logs\etl_pipeline_20260303_160528.log
2026-03-03 16:05:28,359 - INFO - ============================================================
2026-03-03 16:05:28,359 - INFO - ETL PIPELINE STARTED
2026-03-03 16:05:28,359 - INFO - Start time: 2026-03-03 16:05:28
2026-03-03 16:05:28,359 - INFO - ============================================================
2026-03-03 16:05:28,570 - INFO - [RBAC seed] Seeding table app_users with 12 rows from snapshot
2026-03-03 16:05:28,685 - INFO - [RBAC seed] Seeding table user_profiles with 2 rows from snapshot
2026-03-03 16:05:28,712 - INFO - [RBAC seed] Seeding table user_state with 1 rows from snapshot
2026-03-03 16:05:29,909 - INFO - [RBAC seed] Seeded audit_logs with 1336 rows
2026-03-03 16:05:29,911 - INFO - [RBAC seed] User system seeded successfully from snapshot.
2026-03-03 16:05:29,943 - INFO - [RBAC seed] Restored profile photos from D:\NextGen-Data-Architects-Project\backend\etl_seeds\profile_photos to D:\NextGen-Data-Architects-Project\backend\data\profile_photos
2026-03-03 16:05:29,943 - INFO - [RBAC seed] Restored admin_settings.json to D:\NextGen-Data-Architects-Project\backend\data\admin_settings.json
2026-03-03 16:05:30,139 - INFO - [RBAC seed] Restored ETL run logs from D:\NextGen-Data-Architects-Project\backend\etl_seeds\etl_runs to D:\NextGen-Data-Architects-Project\backend\logs
2026-03-03 16:05:30,139 - INFO - ============================================================
2026-03-03 16:05:30,139 - INFO - EXTRACT PHASE - Bronze Layer
2026-03-03 16:05:30,139 - INFO - ============================================================
2026-03-03 16:05:30,139 - INFO - Extracting from Source Database 1 (ACADEMICS)...
2026-03-03 16:05:30,184 - INFO -   → Extracted 1000 students
2026-03-03 16:05:30,223 - INFO -   → Extracted 488 courses
2026-03-03 16:05:30,271 - INFO -   → Extracted 1000 enrollments
2026-03-03 16:05:30,302 - INFO -   → Extracted 1000 attendance records
2026-03-03 16:05:30,353 - INFO -   → Extracted 1000 grades
2026-03-03 16:05:30,467 - INFO -   → Extracted 1000 student fees
2026-03-03 16:05:30,467 - INFO -   → Extracted 11 faculties
2026-03-03 16:05:30,481 - INFO -   → Extracted 18 departments
2026-03-03 16:05:30,494 - INFO -   → Extracted 91 programs
2026-03-03 16:05:30,495 - INFO - Extracting from Source Database 2 (ADMINISTRATION)...
2026-03-03 16:05:30,691 - INFO -   → Extracted 1000 employees
2026-03-03 16:05:30,788 - INFO -   → Extracted 1000 payroll records
2026-03-03 16:05:31,099 - INFO - Bronze layer files saved to: D:\NextGen-Data-Architects-Project\backend\data\bronze
2026-03-03 16:05:31,099 - INFO - Bronze layer extraction complete!
2026-03-03 16:05:31,099 - INFO - ============================================================
2026-03-03 16:05:31,100 - INFO - TRANSFORM PHASE - Silver Layer
2026-03-03 16:05:31,100 - INFO - ============================================================
2026-03-03 16:05:31,378 - INFO - Silver layer files saved to: D:\NextGen-Data-Architects-Project\backend\data\silver
2026-03-03 16:05:31,379 - INFO -   → Students: 1000
2026-03-03 16:05:31,379 - INFO -   → Courses: 488
2026-03-03 16:05:31,379 - INFO -   → Enrollments: 1000
2026-03-03 16:05:31,380 - INFO -   → Attendance: 1000
2026-03-03 16:05:31,380 - INFO -   → Payments: 1000
2026-03-03 16:05:31,381 - INFO -   → Grades: 1000
2026-03-03 16:05:31,381 - INFO - Silver layer transformation complete!
2026-03-03 16:05:31,385 - INFO - ============================================================
2026-03-03 16:05:31,385 - INFO - LOAD PHASE - Gold Layer (Data Warehouse)
2026-03-03 16:05:31,385 - INFO - ============================================================
2026-03-03 16:05:31,385 - INFO - Creating data warehouse database: UCU_DataWarehouse
2026-03-03 16:05:31,399 - INFO - Data warehouse database UCU_DataWarehouse already exists
2026-03-03 16:05:31,401 - INFO - Creating dimension tables...
2026-03-03 16:05:32,875 - INFO -   → Loaded 997 students into dim_student
2026-03-03 16:05:32,919 - INFO -   → Loaded 437 courses into dim_course
2026-03-03 16:05:32,933 - INFO -   → Loaded 3 semesters into dim_semester
2026-03-03 16:05:33,031 - INFO -   → Loaded 12 app users into dim_app_user
2026-03-03 16:05:33,053 - INFO -   -> Loaded 11 faculties into dim_faculty
2026-03-03 16:05:33,080 - INFO -   -> Loaded 18 departments into dim_department
2026-03-03 16:05:33,106 - INFO -   -> Loaded 91 programs into dim_program
2026-03-03 16:05:33,202 - INFO -   -> Loaded 1000 employees (staff/lecturers) into dim_employee
2026-03-03 16:05:33,218 - INFO - Populating time dimension...
2026-03-03 16:05:34,092 - INFO -   → Loaded 1826 time dimension records
2026-03-03 16:05:34,843 - INFO -   → Loaded 1000 enrollments into fact_enrollment
2026-03-03 16:05:35,495 - INFO -   → Loaded 998 attendance records into fact_attendance
2026-03-03 16:05:37,348 - INFO -   → Loaded 1000 payments into fact_payment
2026-03-03 16:05:37,995 - INFO -   → Loaded 1000 grades into fact_grade
2026-03-03 16:05:37,995 - INFO - ============================================================
2026-03-03 16:05:37,995 - INFO - ETL PIPELINE COMPLETED SUCCESSFULLY
2026-03-03 16:05:37,995 - INFO - Log file saved to: D:\NextGen-Data-Architects-Project\backend\logs\etl_pipeline_20260303_160528.log
2026-03-03 16:05:37,995 - INFO - ============================================================
2026-03-03 16:05:37,995 - INFO - ETL Pipeline completed successfully in 0:00:09.635295
