2025-11-24 10:54:43,614 - INFO - ETL Pipeline initialized. Log file: logs\etl_pipeline_20251124_105443.log
2025-11-24 10:54:43,615 - INFO - ============================================================
2025-11-24 10:54:43,616 - INFO - ETL PIPELINE STARTED
2025-11-24 10:54:43,617 - INFO - Start time: 2025-11-24 10:54:43
2025-11-24 10:54:43,617 - INFO - ============================================================
2025-11-24 10:54:43,618 - INFO - ============================================================
2025-11-24 10:54:43,620 - INFO - EXTRACT PHASE - Bronze Layer
2025-11-24 10:54:43,620 - INFO - ============================================================
2025-11-24 10:54:43,620 - INFO - Extracting from Source Database 1 (ACADEMICS)...
2025-11-24 10:54:43,825 - INFO -   → Extracted 1000 students
2025-11-24 10:54:43,852 - INFO -   → Extracted 488 courses
2025-11-24 10:54:43,909 - INFO -   → Extracted 1000 enrollments
2025-11-24 10:54:43,959 - INFO -   → Extracted 1000 attendance records
2025-11-24 10:54:44,032 - INFO -   → Extracted 1000 grades
2025-11-24 10:54:44,179 - INFO -   → Extracted 1000 student fees
2025-11-24 10:54:44,187 - INFO -   → Extracted 11 faculties
2025-11-24 10:54:44,194 - INFO -   → Extracted 18 departments
2025-11-24 10:54:44,205 - INFO -   → Extracted 91 programs
2025-11-24 10:54:44,205 - INFO - Extracting from Source Database 2 (ADMINISTRATION)...
2025-11-24 10:54:44,308 - INFO -   → Extracted 1000 employees
2025-11-24 10:54:44,367 - INFO -   → Extracted 1000 payroll records
2025-11-24 10:54:44,692 - INFO - Bronze layer files saved to: D:\final year project\backend\data\bronze
2025-11-24 10:54:44,693 - INFO - Bronze layer extraction complete!
2025-11-24 10:54:44,694 - INFO - ============================================================
2025-11-24 10:54:44,695 - INFO - TRANSFORM PHASE - Silver Layer
2025-11-24 10:54:44,696 - INFO - ============================================================
2025-11-24 10:54:44,970 - INFO - Silver layer files saved to: D:\final year project\backend\data\silver
2025-11-24 10:54:44,971 - INFO -   → Students: 1000
2025-11-24 10:54:44,971 - INFO -   → Courses: 488
2025-11-24 10:54:44,972 - INFO -   → Enrollments: 1000
2025-11-24 10:54:44,972 - INFO -   → Attendance: 1000
2025-11-24 10:54:44,973 - INFO -   → Payments: 1000
2025-11-24 10:54:44,973 - INFO -   → Grades: 1000
2025-11-24 10:54:44,974 - INFO - Silver layer transformation complete!
2025-11-24 10:54:44,977 - INFO - ============================================================
2025-11-24 10:54:44,977 - INFO - LOAD PHASE - Gold Layer (Data Warehouse)
2025-11-24 10:54:44,978 - INFO - ============================================================
2025-11-24 10:54:44,978 - INFO - Creating data warehouse database: UCU_DataWarehouse
2025-11-24 10:54:44,988 - INFO - Data warehouse database UCU_DataWarehouse already exists
2025-11-24 10:54:44,990 - INFO - Creating dimension tables...
2025-11-24 10:54:47,089 - INFO -   → Loaded 997 students into dim_student
2025-11-24 10:54:47,156 - INFO -   → Loaded 437 courses into dim_course
2025-11-24 10:54:47,180 - INFO -   → Loaded 3 semesters into dim_semester
2025-11-24 10:54:47,218 - INFO -   -> Loaded 11 faculties into dim_faculty
2025-11-24 10:54:47,239 - INFO -   -> Loaded 18 departments into dim_department
2025-11-24 10:54:47,280 - INFO -   -> Loaded 91 programs into dim_program
2025-11-24 10:54:47,284 - INFO - Populating time dimension...
2025-11-24 10:54:48,467 - INFO -   → Loaded 1826 time dimension records
2025-11-24 10:54:49,428 - INFO -   → Loaded 1000 enrollments into fact_enrollment
2025-11-24 10:54:50,259 - INFO -   → Loaded 998 attendance records into fact_attendance
2025-11-24 10:54:53,236 - INFO -   → Loaded 1000 payments into fact_payment
2025-11-24 10:54:54,203 - INFO -   → Loaded 1000 grades into fact_grade
2025-11-24 10:54:54,207 - INFO - ============================================================
2025-11-24 10:54:54,208 - INFO - ETL PIPELINE COMPLETED SUCCESSFULLY
2025-11-24 10:54:54,209 - INFO - Log file saved to: logs\etl_pipeline_20251124_105443.log
2025-11-24 10:54:54,209 - INFO - ============================================================
2025-11-24 10:54:54,210 - INFO - ETL Pipeline completed successfully in 0:00:10.594777
